warning: linker stdout: 正在创建库 C:\Users\v_chchsli\Desktop\TriviumDB\target\release\deps\triviumdb.dll.lib 和对象 C:\Users\v_chchsli\Desktop\TriviumDB\target\release\deps\triviumdb.dll.exp
  |
  = note: `#[warn(linker_messages)]` on by default

warning: `triviumdb` (lib) generated 1 warning
    Finished `bench` profile [optimized] target(s) in 0.25s
     Running benches\bench_t2_b2_partitioned.rs (target\release\deps\bench_t2_b2_partitioned-60166ac12225c98c.exe)
═══════════════════════════════════════════════════════════════════
  T2 B2-0 — ef_construction 扫描（平凡对照，零代码）
  数据集=sift128 dim=128  臂 = [128]   m=32 m0=64 alpha=1.2  [T2_SKIP_DET]
═══════════════════════════════════════════════════════════════════
  守卫G5 随机注入量恒为 128（对全部臂）PASS
  数据集 sift128  数据 1000000 × 128，查询 10000，GT K=10；加载+归一化 0.26s

  ── 臂 ef_construction=128 ──
    建图 17.31s  57760 vec/s  avg_deg_l0=64.0  Hot 522 MiB
    ef_search=64    R@10  15.77%     187328 QPS
    ef_search=128   R@10  21.88%      95927 QPS
    ef_search=256   R@10  29.38%      50871 QPS
    ef_search=512   R@10  37.79%      29497 QPS
    ef_search=1024  R@10  47.23%      16557 QPS
    L0 指纹 0xb1f64e9af2adc51f / 63999995 边

  ── 守卫 ──
  守卫G1 基线同进程复现: ef_c=128/ef_s=128 → 21.88% vs 冻结 21.83% （偏差 0.05pp）PASS
  守卫G-det 跳过（T2_SKIP_DET=1）

═══════════════════════════════════════════════════════════════════
  B2-0 判定：ef_construction 能否独自达到成本-质量点
═══════════════════════════════════════════════════════════════════
  P1 门槛 = 基线 21.88% − 1pp = 20.88%

  ef_c=128  建图  17.31s（ 1.00×）  R@10(ef_s=128)  21.88%  门槛达标 ✅

  ── 固定成本地板 ──
  ef_c=128 墙钟 17.31s = **1.00×** 基线（候选获取即使完全免费也不可能低于此值；真实地板只会更低）。

  ★ 最小达标臂 ef_c=128：R@10 21.88% 但成本 1.00× > 0.70×⇒ P2 **未**由平凡解满足。

### T2 B2-0：`ef_construction` 扫描（sift128 1000000 × 128，m=32，α=1.2，同一进程）

| ef_c | 建图(s) | 相对基线 | R@10@ef_s=64 | R@10@ef_s=128 | R@10@ef_s=256 | R@10@ef_s=512 | R@10@ef_s=1024 |
|---|---|---|---|---|---|---|---|
| 128 | 17.31 | 1.00× | 15.77% | 21.88% | 29.38% | 37.79% | 47.23% |
     ⇒ 进入 B2-1；目标：击败 1.00×（地板 1.00×）

  守卫G-det：边集不可逐位复现但召回极差 0.00pp ⇒ 质量等价；召回级结论稳定可比。
═══════════════════════════════════════════════════════════════════
