   Compiling triviumdb v0.8.8 (C:\Users\v_chchsli\Desktop\TriviumDB)
warning: linker stdout: 正在创建库 C:\Users\v_chchsli\Desktop\TriviumDB\target\release\deps\triviumdb.dll.lib 和对象 C:\Users\v_chchsli\Desktop\TriviumDB\target\release\deps\triviumdb.dll.exp
  |
  = note: `#[warn(linker_messages)]` on by default

warning: `triviumdb` (lib) generated 1 warning
    Finished `bench` profile [optimized] target(s) in 39.67s
     Running benches\bench_pruning_tradeoff.rs (target\release\deps\bench_pruning_tradeoff-1fcd529a183794e3.exe)
═══════════════════════════════════════════════════════════════════
  V1 — 5-bit RaBitQ 误差界剪枝的端到端 trade-off
═══════════════════════════════════════════════════════════════════
  数据 1000000 × 768，查询 1000，GT K=1000；加载+归一化 1.63s

  构建 QuIVer (m=32, ef_c=128, α=1.2) ...
  构建完成 34.4s (29052 vecs/s)，Hot 675 MiB
  L0 拓扑: 64000000 条有向边，平均度 64.0，入口点 0

  编码 ...
  编码完成 1.06s | BQ2 192 MB（2 bit/维） | 5-bit 480 MB（5 bit/维，2.5×）
  守卫0 旋转内积保持: 0.714939 vs 0.714940  相对误差 5.00e-7

  守卫2 界成立: 0 / 40000 违例

  ── 内核微基准（ns/次，单线程）──
     BQ2 2-bit 距离        28.5
     5-bit RaBitQ est     417.6   (14.6× BQ2)
     f32 精确内积         319.0   (11.2× BQ2)
     ← 若 5-bit est 比 f32 还慢，则『先算界再决定是否 f32』本身即是亏本

═══════════════════════════════════════════════════════════════════
  端到端遍历（自实现 beam search，与 A/B/C/D 同规范）
═══════════════════════════════════════════════════════════════════
  A  BQ2导航 + f32全量           ef=64   R@10  95.28%       3703 QPS  导航求值 2285/q  精排保留 100.0%  展开可剪  0.00%  实跳过  0.00%
  A  BQ2导航 + f32全量           ef=128  R@10  97.99%       3176 QPS  导航求值 3819/q  精排保留 100.0%  展开可剪  0.00%  实跳过  0.00%
  A  BQ2导航 + f32全量           ef=256  R@10  99.17%       3200 QPS  导航求值 6705/q  精排保留 100.0%  展开可剪  0.00%  实跳过  0.00%
  A  BQ2导航 + f32全量           ef=512  R@10  99.68%       2936 QPS  导航求值 11945/q  精排保留 100.0%  展开可剪  0.00%  实跳过  0.00%
  B  BQ2导航 + 5bit界剪枝         ef=64   R@10  95.28%       3860 QPS  导航求值 2285/q  精排保留 100.0%  展开可剪  0.00%  实跳过  0.00%
  B  BQ2导航 + 5bit界剪枝         ef=128  R@10  97.99%       3499 QPS  导航求值 3819/q  精排保留 100.0%  展开可剪  0.00%  实跳过  0.00%
  B  BQ2导航 + 5bit界剪枝         ef=256  R@10  99.17%       3154 QPS  导航求值 6705/q  精排保留  99.8%  展开可剪  0.00%  实跳过  0.00%
  B  BQ2导航 + 5bit界剪枝         ef=512  R@10  99.68%       2891 QPS  导航求值 11945/q  精排保留  99.4%  展开可剪  0.00%  实跳过  0.00%
  C  5bit导航 + 5bit界剪枝        ef=64   R@10  95.89%       3467 QPS  导航求值 2263/q  精排保留 100.0%  展开可剪  0.00%  实跳过  0.00%
  C  5bit导航 + 5bit界剪枝        ef=128  R@10  98.12%       2998 QPS  导航求值 3807/q  精排保留 100.0%  展开可剪  0.00%  实跳过  0.00%
  C  5bit导航 + 5bit界剪枝        ef=256  R@10  98.97%       2445 QPS  导航求值 6700/q  精排保留 100.0%  展开可剪  0.00%  实跳过  0.00%
  C  5bit导航 + 5bit界剪枝        ef=512  R@10  99.66%       1664 QPS  导航求值 12009/q  精排保留  99.9%  展开可剪  0.00%  实跳过  0.00%
  D  5bit导航 + f32全量          ef=64   R@10  95.89%       3515 QPS  导航求值 2263/q  精排保留 100.0%  展开可剪  0.00%  实跳过  0.00%
  D  5bit导航 + f32全量          ef=128  R@10  98.12%       3021 QPS  导航求值 3807/q  精排保留 100.0%  展开可剪  0.00%  实跳过  0.00%
  D  5bit导航 + f32全量          ef=256  R@10  98.97%       2478 QPS  导航求值 6700/q  精排保留 100.0%  展开可剪  0.00%  实跳过  0.00%
  D  5bit导航 + f32全量          ef=512  R@10  99.66%       1731 QPS  导航求值 12009/q  精排保留 100.0%  展开可剪  0.00%  实跳过  0.00%
  E1 5bit导航 + 界计数不剪          ef=64   R@10  95.89%       3505 QPS  导航求值 2263/q  精排保留 100.0%  展开可剪  0.00%  实跳过  0.00%
  E1 5bit导航 + 界计数不剪          ef=128  R@10  98.12%       3028 QPS  导航求值 3807/q  精排保留 100.0%  展开可剪  0.00%  实跳过  0.00%
  E1 5bit导航 + 界计数不剪          ef=256  R@10  98.97%       2425 QPS  导航求值 6700/q  精排保留 100.0%  展开可剪  0.01%  实跳过  0.00%
  E1 5bit导航 + 界计数不剪          ef=512  R@10  99.66%       1620 QPS  导航求值 12009/q  精排保留 100.0%  展开可剪  0.10%  实跳过  0.00%
  E2 5bit导航 + 界剪展开           ef=64   R@10  95.89%       3519 QPS  导航求值 2263/q  精排保留 100.0%  展开可剪  0.00%  实跳过  0.00%
  E2 5bit导航 + 界剪展开           ef=128  R@10  98.12%       2986 QPS  导航求值 3807/q  精排保留 100.0%  展开可剪  0.00%  实跳过  0.00%
  E2 5bit导航 + 界剪展开           ef=256  R@10  98.97%       2460 QPS  导航求值 6700/q  精排保留 100.0%  展开可剪  0.01%  实跳过  0.01%
  E2 5bit导航 + 界剪展开           ef=512  R@10  99.66%       1620 QPS  导航求值 11999/q  精排保留 100.0%  展开可剪  0.10%  实跳过  0.10%

  ── 守卫 ──
  守卫1 保真度: A@ef=128 = 97.99% vs 冻结基线 97.55% (偏差 0.44pp，容差 1.5pp) PASS
  守卫2 ef=64   剪枝导致的召回损失: B vs A +0.00pp, C vs D +0.00pp
  守卫2 ef=128  剪枝导致的召回损失: B vs A +0.00pp, C vs D +0.00pp
  守卫2 ef=256  剪枝导致的召回损失: B vs A +0.00pp, C vs D +0.00pp
  守卫2 ef=512  剪枝导致的召回损失: B vs A +0.00pp, C vs D +0.00pp
  守卫2 PASS: 剪枝零召回损失（与可证安全一致）
  守卫4 PASS: E1（界计数不剪）与 D 逐位一致 → 计数器无副作用

  ── V1b: 界驱动的展开剪枝（判别力与代价分离）──
  E1 ef=64   判别力 0.00%  |  平均界余量 θ−U = -0.1046，平均 ε = 0.0558  → 判据需余量 > 0；实测余量为负且 |余量| ≈ 1.9× ε
  E1 ef=128  判别力 0.00%  |  平均界余量 θ−U = -0.0940，平均 ε = 0.0558  → 判据需余量 > 0；实测余量为负且 |余量| ≈ 1.7× ε
  E1 ef=256  判别力 0.01%  |  平均界余量 θ−U = -0.0841，平均 ε = 0.0558  → 判据需余量 > 0；实测余量为负且 |余量| ≈ 1.5× ε
  E1 ef=512  判别力 0.10%  |  平均界余量 θ−U = -0.0751，平均 ε = 0.0558  → 判据需余量 > 0；实测余量为负且 |余量| ≈ 1.3× ε
  E2 ef=64   实跳过 0.00%  召回 95.89%（Δ vs D +0.00pp）  导航求值 2263/q vs D 2263/q（省 0.0%）
  E2 ef=128  实跳过 0.00%  召回 98.12%（Δ vs D +0.00pp）  导航求值 3807/q vs D 3807/q（省 0.0%）
  E2 ef=256  实跳过 0.01%  召回 98.97%（Δ vs D +0.00pp）  导航求值 6700/q vs D 6700/q（省 0.0%）
  E2 ef=512  实跳过 0.10%  召回 99.66%（Δ vs D +0.00pp）  导航求值 11999/q vs D 12009/q（省 0.1%）

### 端到端遍历结果（1M × 768，1000 查询，自实现 beam search）

| 配置 | ef | R@10 | MT-QPS | 导航求值/查询 | 精排保留率 | 展开可剪率 | 实跳过 |
|---|---|---|---|---|---|---|---|
| A  BQ2导航 + f32全量 | 64 | 95.28% | 3703 | 2285 | 100.0% | 0.00% | 0.00% |
| A  BQ2导航 + f32全量 | 128 | 97.99% | 3176 | 3819 | 100.0% | 0.00% | 0.00% |
| A  BQ2导航 + f32全量 | 256 | 99.17% | 3200 | 6705 | 100.0% | 0.00% | 0.00% |
| A  BQ2导航 + f32全量 | 512 | 99.68% | 2936 | 11945 | 100.0% | 0.00% | 0.00% |
| B  BQ2导航 + 5bit界剪枝 | 64 | 95.28% | 3860 | 2285 | 100.0% | 0.00% | 0.00% |
| B  BQ2导航 + 5bit界剪枝 | 128 | 97.99% | 3499 | 3819 | 100.0% | 0.00% | 0.00% |
| B  BQ2导航 + 5bit界剪枝 | 256 | 99.17% | 3154 | 6705 | 99.8% | 0.00% | 0.00% |
| B  BQ2导航 + 5bit界剪枝 | 512 | 99.68% | 2891 | 11945 | 99.4% | 0.00% | 0.00% |
| C  5bit导航 + 5bit界剪枝 | 64 | 95.89% | 3467 | 2263 | 100.0% | 0.00% | 0.00% |
| C  5bit导航 + 5bit界剪枝 | 128 | 98.12% | 2998 | 3807 | 100.0% | 0.00% | 0.00% |
| C  5bit导航 + 5bit界剪枝 | 256 | 98.97% | 2445 | 6700 | 100.0% | 0.00% | 0.00% |
═══════════════════════════════════════════════════════════════════
| C  5bit导航 + 5bit界剪枝 | 512 | 99.66% | 1664 | 12009 | 99.9% | 0.00% | 0.00% |
| D  5bit导航 + f32全量 | 64 | 95.89% | 3515 | 2263 | 100.0% | 0.00% | 0.00% |
| D  5bit导航 + f32全量 | 128 | 98.12% | 3021 | 3807 | 100.0% | 0.00% | 0.00% |
| D  5bit导航 + f32全量 | 256 | 98.97% | 2478 | 6700 | 100.0% | 0.00% | 0.00% |
| D  5bit导航 + f32全量 | 512 | 99.66% | 1731 | 12009 | 100.0% | 0.00% | 0.00% |
| E1 5bit导航 + 界计数不剪 | 64 | 95.89% | 3505 | 2263 | 100.0% | 0.00% | 0.00% |
| E1 5bit导航 + 界计数不剪 | 128 | 98.12% | 3028 | 3807 | 100.0% | 0.00% | 0.00% |
| E1 5bit导航 + 界计数不剪 | 256 | 98.97% | 2425 | 6700 | 100.0% | 0.01% | 0.00% |
| E1 5bit导航 + 界计数不剪 | 512 | 99.66% | 1620 | 12009 | 100.0% | 0.10% | 0.00% |
| E2 5bit导航 + 界剪展开 | 64 | 95.89% | 3519 | 2263 | 100.0% | 0.00% | 0.00% |
| E2 5bit导航 + 界剪展开 | 128 | 98.12% | 2986 | 3807 | 100.0% | 0.00% | 0.00% |
| E2 5bit导航 + 界剪展开 | 256 | 98.97% | 2460 | 6700 | 100.0% | 0.01% | 0.01% |
| E2 5bit导航 + 界剪展开 | 512 | 99.66% | 1620 | 11999 | 100.0% | 0.10% | 0.10% |
