   Compiling triviumdb v0.8.8 (C:\Users\v_chchsli\Desktop\TriviumDB)
warning: linker stdout: 正在创建库 C:\Users\v_chchsli\Desktop\TriviumDB\target\release\deps\triviumdb.dll.lib 和对象 C:\Users\v_chchsli\Desktop\TriviumDB\target\release\deps\triviumdb.dll.exp
  |
  = note: `#[warn(linker_messages)]` on by default

warning: `triviumdb` (lib) generated 1 warning
    Finished `bench` profile [optimized] target(s) in 38.76s
     Running benches\bench_t2_b2_partitioned.rs (target\release\deps\bench_t2_b2_partitioned-60166ac12225c98c.exe)
═══════════════════════════════════════════════════════════════════
  T2 B2-0 — ef_construction 扫描（平凡对照，零代码）
  臂 = [128, 64, 32, 16]   m=32 m0=64 alpha=1.2
═══════════════════════════════════════════════════════════════════
  守卫G5 随机注入量恒为 128（对全部臂）PASS
  数据 1000000 × 768，查询 1000，GT K=1000；加载+归一化 1.61s

  ── 臂 ef_construction=128 ──
    建图 35.50s  28168 vec/s  avg_deg_l0=64.0  Hot 675 MiB
    ef_search=64    R@10  94.61%      61751 QPS
    ef_search=128   R@10  97.54%      32154 QPS
    ef_search=256   R@10  98.86%      17096 QPS
    ef_search=512   R@10  99.53%       8609 QPS
    ef_search=1024  R@10  99.78%       4524 QPS
    L0 指纹 0x04bd2adfea2763d3 / 64000000 边

  ── 臂 ef_construction=64 ──
    建图 22.83s  43808 vec/s  avg_deg_l0=64.0  Hot 675 MiB
    ef_search=64    R@10  94.60%      60802 QPS
    ef_search=128   R@10  97.22%      31040 QPS
    ef_search=256   R@10  98.61%      16611 QPS
    ef_search=512   R@10  99.44%       8549 QPS
    ef_search=1024  R@10  99.70%       4606 QPS
    L0 指纹 0xdb0702d1fcb07cc3 / 64000000 边

  ── 臂 ef_construction=32 ──
    建图 19.77s  50580 vec/s  avg_deg_l0=64.0  Hot 675 MiB
    ef_search=64    R@10  93.26%      50344 QPS
    ef_search=128   R@10  96.63%      27989 QPS
    ef_search=256   R@10  98.15%      14332 QPS
    ef_search=512   R@10  99.14%       7334 QPS
    ef_search=1024  R@10  99.64%       3833 QPS
    L0 指纹 0x192090b865d8667d / 64000000 边

  ── 臂 ef_construction=16 ──
    建图 16.47s  60717 vec/s  avg_deg_l0=64.0  Hot 675 MiB
    ef_search=64    R@10  88.28%      42315 QPS
    ef_search=128   R@10  92.26%      22762 QPS
    ef_search=256   R@10  95.57%      11618 QPS
    ef_search=512   R@10  97.32%       5763 QPS
    ef_search=1024  R@10  98.61%       2993 QPS
    L0 指纹 0x557ae16a3634b9e1 / 64000000 边

  ── 守卫 ──
  守卫G1 基线同进程复现: ef_c=128/ef_s=128 → 97.54% vs 冻结 97.55% （偏差 0.01pp）PASS
  守卫G-det 正在背靠背重复建图（ef_c=128）×2 并各自测召回 ...
    rep0: 指纹 0xabe0bcb167b07084  R@10 97.54%
    rep1: 指纹 0x9bde09b4a9baa8b2  R@10 97.53%
  守卫G-det 背靠背两次: 指纹不同 ⚠️（，且与臂1不同）
  守卫G-det 非确定性对召回的影响: 97.54% vs 97.53%（极差 0.01pp）→ 质量等价（边集不同但召回稳定）

═══════════════════════════════════════════════════════════════════
  B2-0 判定：ef_construction 能否独自达到成本-质量点
═══════════════════════════════════════════════════════════════════
  P1 门槛 = 基线 97.54% − 1pp = 96.54%

  ef_c=128  建图  35.50s（ 1.00×）  R@10(ef_s=128)  97.54%  门槛达标 ✅
  ef_c=64   建图  22.83s（ 0.64×）  R@10(ef_s=128)  97.22%  门槛达标 ✅

### T2 B2-0：`ef_construction` 扫描（1M × 768，m=32，α=1.2，同一进程）

| ef_c | 建图(s) | 相对基线 | R@10@ef_s=64 | R@10@ef_s=128 | R@10@ef_s=256 | R@10@ef_s=512 | R@10@ef_s=1024 |
|---|---|---|---|---|---|---|---|
| 128 | 35.50 | 1.00× | 94.61% | 97.54% | 98.86% | 99.53% | 99.78% |
| 64 | 22.83 | 0.64× | 94.60% | 97.22% | 98.61% | 99.44% | 99.70% |
| 32 | 19.77 | 0.56× | 93.26% | 96.63% | 98.15% | 99.14% | 99.64% |
| 16 | 16.47 | 0.46× | 88.28% | 92.26% | 95.57% | 97.32% | 98.61% |
  ef_c=32   建图  19.77s（ 0.56×）  R@10(ef_s=128)  96.63%  门槛达标 ✅
  ef_c=16   建图  16.47s（ 0.46×）  R@10(ef_s=128)  92.26%  门槛未达 ❌

  ── 固定成本地板 ──
  ef_c=16 墙钟 16.47s = **0.46×** 基线（候选获取即使完全免费也不可能低于此值；真实地板只会更低）。

  ★ **平凡解已达成 P3**：ef_c=32 → R@10 96.63%（P1 门槛 96.54%）且建图 **0.56×**（P2 需 ≤0.70×）。
     ⇒ PiPNN 必须**击败这个平凡解**，而可争夺的空间只有 0.56× → 地板 0.46×，即 **1.20×**。
     ⇒ 且 PiPNN 自己的候选获取成本（设计文档 §1.2：池扫描 2.4×）必须在这 1.20× 里支付。

  ⚠️ 守卫G-det：并发建图的**边集不可逐位复现**，但召回极差 0.01pp ⇒ 质量等价。
     ⇒ **召回级**结论稳定可比；**图结构级**结论须视为单次采样估计。
═══════════════════════════════════════════════════════════════════
