   Compiling triviumdb v0.8.8 (C:\Users\v_chchsli\Desktop\TriviumDB)
warning: linker stdout: 正在创建库 C:\Users\v_chchsli\Desktop\TriviumDB\target\release\deps\triviumdb.dll.lib 和对象 C:\Users\v_chchsli\Desktop\TriviumDB\target\release\deps\triviumdb.dll.exp
  |
  = note: `#[warn(linker_messages)]` on by default

warning: `triviumdb` (lib) generated 1 warning
warning: unused doc comment
   --> benches\bench_pruning_tradeoff.rs:851:5
    |
851 |     /// (label, ef, 平均界余量 θ−U, 平均 ε) —— 用于量化"为什么剪不动"
    |     ^^^^^^^^^^^^^^^^^^^^^^^^^^^^^^^^^^^^^^^^^^^^^^^^^^^^^^^^^^^^^^^^^
852 |     let mut margin_by: Vec<(String, usize, f64, f64)> = Vec::new();
    |     --------------------------------------------------------------- rustdoc does not generate documentation for statements
    |
    = help: use `//` for a plain comment
    = note: `#[warn(unused_doc_comments)]` (part of `#[warn(unused)]`) on by default

warning: `triviumdb` (bench "bench_pruning_tradeoff") generated 1 warning
    Finished `bench` profile [optimized] target(s) in 39.84s
     Running benches\bench_pruning_tradeoff.rs (target\release\deps\bench_pruning_tradeoff-1fcd529a183794e3.exe)
═══════════════════════════════════════════════════════════════════
  V1 — 5-bit RaBitQ 误差界剪枝的端到端 trade-off
═══════════════════════════════════════════════════════════════════
  数据 1000000 × 768，查询 1000，GT K=1000；加载+归一化 1.67s

  构建 QuIVer (m=32, ef_c=128, α=1.2) ...
  构建完成 35.0s (28557 vecs/s)，Hot 675 MiB
  L0 拓扑: 64000000 条有向边，平均度 64.0，入口点 0

  编码 ...
  编码完成 1.08s | BQ2 192 MB（2 bit/维） | 5-bit 480 MB（5 bit/维，2.5×）
  守卫0 旋转内积保持: 0.714939 vs 0.714940  相对误差 5.00e-7

  守卫2 界成立: 0 / 40000 违例

  ── 内核微基准（ns/次，单线程）──
     BQ2 2-bit 距离        30.1
     5-bit RaBitQ est     448.0   (14.9× BQ2)
     f32 精确内积         325.4   (10.8× BQ2)
     ← 若 5-bit est 比 f32 还慢，则『先算界再决定是否 f32』本身即是亏本

═══════════════════════════════════════════════════════════════════
  端到端遍历（自实现 beam search，与 A/B/C/D 同规范）
═══════════════════════════════════════════════════════════════════
  A  BQ2导航 + f32全量           ef=64   R@10  95.33%       3533 QPS  导航求值 2286/q  精排保留 100.0%  展开可剪  0.00%  实跳过  0.00%
  A  BQ2导航 + f32全量           ef=128  R@10  98.10%       3524 QPS  导航求值 3821/q  精排保留 100.0%  展开可剪  0.00%  实跳过  0.00%
  A  BQ2导航 + f32全量           ef=256  R@10  99.17%       3195 QPS  导航求值 6704/q  精排保留 100.0%  展开可剪  0.00%  实跳过  0.00%
  A  BQ2导航 + f32全量           ef=512  R@10  99.68%       2989 QPS  导航求值 11947/q  精排保留 100.0%  展开可剪  0.00%  实跳过  0.00%
  B  BQ2导航 + 5bit界剪枝         ef=64   R@10  95.33%       3782 QPS  导航求值 2286/q  精排保留 100.0%  展开可剪  0.00%  实跳过  0.00%
  B  BQ2导航 + 5bit界剪枝         ef=128  R@10  98.10%       3425 QPS  导航求值 3821/q  精排保留 100.0%  展开可剪  0.00%  实跳过  0.00%
  B  BQ2导航 + 5bit界剪枝         ef=256  R@10  99.17%       3145 QPS  导航求值 6704/q  精排保留  99.8%  展开可剪  0.00%  实跳过  0.00%
  B  BQ2导航 + 5bit界剪枝         ef=512  R@10  99.68%       2904 QPS  导航求值 11947/q  精排保留  99.4%  展开可剪  0.00%  实跳过  0.00%
  C  5bit导航 + 5bit界剪枝        ef=64   R@10  95.90%       3395 QPS  导航求值 2262/q  精排保留 100.0%  展开可剪  0.00%  实跳过  0.00%
  C  5bit导航 + 5bit界剪枝        ef=128  R@10  98.13%       2966 QPS  导航求值 3806/q  精排保留 100.0%  展开可剪  0.00%  实跳过  0.00%
  C  5bit导航 + 5bit界剪枝        ef=256  R@10  98.99%       2394 QPS  导航求值 6702/q  精排保留 100.0%  展开可剪  0.00%  实跳过  0.00%
  C  5bit导航 + 5bit界剪枝        ef=512  R@10  99.69%       1665 QPS  导航求值 12008/q  精排保留  99.9%  展开可剪  0.00%  实跳过  0.00%
  D  5bit导航 + f32全量          ef=64   R@10  95.90%       3433 QPS  导航求值 2262/q  精排保留 100.0%  展开可剪  0.00%  实跳过  0.00%
  D  5bit导航 + f32全量          ef=128  R@10  98.13%       2991 QPS  导航求值 3806/q  精排保留 100.0%  展开可剪  0.00%  实跳过  0.00%
  D  5bit导航 + f32全量          ef=256  R@10  98.99%       2447 QPS  导航求值 6702/q  精排保留 100.0%  展开可剪  0.00%  实跳过  0.00%
  D  5bit导航 + f32全量          ef=512  R@10  99.69%       1706 QPS  导航求值 12008/q  精排保留 100.0%  展开可剪  0.00%  实跳过  0.00%
  E1 5bit导航 + 界计数不剪          ef=64   R@10  95.90%       3451 QPS  导航求值 2262/q  精排保留 100.0%  展开可剪  0.00%  实跳过  0.00%
  E1 5bit导航 + 界计数不剪          ef=128  R@10  98.13%       2941 QPS  导航求值 3806/q  精排保留 100.0%  展开可剪  0.00%  实跳过  0.00%
  E1 5bit导航 + 界计数不剪          ef=256  R@10  98.99%       2410 QPS  导航求值 6702/q  精排保留 100.0%  展开可剪  0.01%  实跳过  0.00%
  E1 5bit导航 + 界计数不剪          ef=512  R@10  99.69%       1599 QPS  导航求值 12008/q  精排保留 100.0%  展开可剪  0.10%  实跳过  0.00%
  E2 5bit导航 + 界剪展开           ef=64   R@10  95.90%       3438 QPS  导航求值 2262/q  精排保留 100.0%  展开可剪  0.00%  实跳过  0.00%
  E2 5bit导航 + 界剪展开           ef=128  R@10  98.13%       3037 QPS  导航求值 3806/q  精排保留 100.0%  展开可剪  0.00%  实跳过  0.00%
  E2 5bit导航 + 界剪展开           ef=256  R@10  98.99%       2450 QPS  导航求值 6701/q  精排保留 100.0%  展开可剪  0.01%  实跳过  0.01%
  E2 5bit导航 + 界剪展开           ef=512  R@10  99.69%       1613 QPS  导航求值 11998/q  精排保留 100.0%  展开可剪  0.10%  实跳过  0.10%

  ── 守卫 ──
  守卫1 保真度: A@ef=128 = 98.10% vs 冻结基线 97.55% (偏差 0.55pp，容差 1.5pp) PASS
  守卫2 ef=64   剪枝导致的召回损失: B vs A +0.00pp, C vs D +0.00pp
  守卫2 ef=128  剪枝导致的召回损失: B vs A +0.00pp, C vs D +0.00pp
  守卫2 ef=256  剪枝导致的召回损失: B vs A +0.00pp, C vs D +0.00pp
  守卫2 ef=512  剪枝导致的召回损失: B vs A +0.00pp, C vs D +0.00pp
  守卫2 PASS: 剪枝零召回损失（与可证安全一致）
  守卫4 PASS: E1（界计数不剪）与 D 逐位一致 → 计数器无副作用

  ── V1b: 界驱动的展开剪枝（判别力与代价分离）──
  E1 ef=64   判别力 0.00%  |  平均界余量 θ−U = -inf，平均 ε = 0.0558  → 判据需余量 > 0；实测余量为负且 |余量| ≈ inf× ε
  E1 ef=128  判别力 0.00%  |  平均界余量 θ−U = -inf，平均 ε = 0.0558  → 判据需余量 > 0；实测余量为负且 |余量| ≈ inf× ε
  E1 ef=256  判别力 0.01%  |  平均界余量 θ−U = -inf，平均 ε = 0.0558  → 判据需余量 > 0；实测余量为负且 |余量| ≈ inf× ε
  E1 ef=512  判别力 0.10%  |  平均界余量 θ−U = -inf，平均 ε = 0.0558  → 判据需余量 > 0；实测余量为负且 |余量| ≈ inf× ε
  E2 ef=64   实跳过 0.00%  召回 95.90%（Δ vs D +0.00pp）  导航求值 2262/q vs D 2262/q（省 0.0%）
  E2 ef=128  实跳过 0.00%  召回 98.13%（Δ vs D +0.00pp）  导航求值 3806/q vs D 3806/q（省 0.0%）
  E2 ef=256  实跳过 0.01%  召回 98.99%（Δ vs D +0.00pp）  导航求值 6701/q vs D 6702/q（省 0.0%）
  E2 ef=512  实跳过 0.10%  召回 99.69%（Δ vs D +0.00pp）  导航求值 11998/q vs D 12008/q（省 0.1%）

### 端到端遍历结果（1M × 768，1000 查询，自实现 beam search）

| 配置 | ef | R@10 | MT-QPS | 导航求值/查询 | 精排保留率 | 展开可剪率 | 实跳过 |
|---|---|---|---|---|---|---|---|
| A  BQ2导航 + f32全量 | 64 | 95.33% | 3533 | 2286 | 100.0% | 0.00% | 0.00% |
| A  BQ2导航 + f32全量 | 128 | 98.10% | 3524 | 3821 | 100.0% | 0.00% | 0.00% |
| A  BQ2导航 + f32全量 | 256 | 99.17% | 3195 | 6704 | 100.0% | 0.00% | 0.00% |
| A  BQ2导航 + f32全量 | 512 | 99.68% | 2989 | 11947 | 100.0% | 0.00% | 0.00% |
| B  BQ2导航 + 5bit界剪枝 | 64 | 95.33% | 3782 | 2286 | 100.0% | 0.00% | 0.00% |
| B  BQ2导航 + 5bit界剪枝 | 128 | 98.10% | 3425 | 3821 | 100.0% | 0.00% | 0.00% |
| B  BQ2导航 + 5bit界剪枝 | 256 | 99.17% | 3145 | 6704 | 99.8% | 0.00% | 0.00% |
| B  BQ2导航 + 5bit界剪枝 | 512 | 99.68% | 2904 | 11947 | 99.4% | 0.00% | 0.00% |
| C  5bit导航 + 5bit界剪枝 | 64 | 95.90% | 3395 | 2262 | 100.0% | 0.00% | 0.00% |
| C  5bit导航 + 5bit界剪枝 | 128 | 98.13% | 2966 | 3806 | 100.0% | 0.00% | 0.00% |
| C  5bit导航 + 5bit界剪枝 | 256 | 98.99% | 2394 | 6702 | 100.0% | 0.00% | 0.00% |
═══════════════════════════════════════════════════════════════════
| C  5bit导航 + 5bit界剪枝 | 512 | 99.69% | 1665 | 12008 | 99.9% | 0.00% | 0.00% |
| D  5bit导航 + f32全量 | 64 | 95.90% | 3433 | 2262 | 100.0% | 0.00% | 0.00% |
| D  5bit导航 + f32全量 | 128 | 98.13% | 2991 | 3806 | 100.0% | 0.00% | 0.00% |
| D  5bit导航 + f32全量 | 256 | 98.99% | 2447 | 6702 | 100.0% | 0.00% | 0.00% |
| D  5bit导航 + f32全量 | 512 | 99.69% | 1706 | 12008 | 100.0% | 0.00% | 0.00% |
| E1 5bit导航 + 界计数不剪 | 64 | 95.90% | 3451 | 2262 | 100.0% | 0.00% | 0.00% |
| E1 5bit导航 + 界计数不剪 | 128 | 98.13% | 2941 | 3806 | 100.0% | 0.00% | 0.00% |
| E1 5bit导航 + 界计数不剪 | 256 | 98.99% | 2410 | 6702 | 100.0% | 0.01% | 0.00% |
| E1 5bit导航 + 界计数不剪 | 512 | 99.69% | 1599 | 12008 | 100.0% | 0.10% | 0.00% |
| E2 5bit导航 + 界剪展开 | 64 | 95.90% | 3438 | 2262 | 100.0% | 0.00% | 0.00% |
| E2 5bit导航 + 界剪展开 | 128 | 98.13% | 3037 | 3806 | 100.0% | 0.00% | 0.00% |
| E2 5bit导航 + 界剪展开 | 256 | 98.99% | 2450 | 6701 | 100.0% | 0.01% | 0.01% |
| E2 5bit导航 + 界剪展开 | 512 | 99.69% | 1613 | 11998 | 100.0% | 0.10% | 0.10% |
