   Compiling triviumdb v0.8.8 (C:\Users\v_chchsli\Desktop\TriviumDB)
warning: linker stdout: 正在创建库 C:\Users\v_chchsli\Desktop\TriviumDB\target\release\deps\triviumdb.dll.lib 和对象 C:\Users\v_chchsli\Desktop\TriviumDB\target\release\deps\triviumdb.dll.exp
  |
  = note: `#[warn(linker_messages)]` on by default

warning: `triviumdb` (lib) generated 1 warning
    Finished `bench` profile [optimized] target(s) in 49.36s
     Running benches\bench_encoding_ablation.rs (target\release\deps\bench_encoding_ablation-e3b234e61f6b488a.exe)
═══════════════════════════════════════════════════════════════
  Encoding Ablation Benchmark — QuIVer Paper §Revision
═══════════════════════════════════════════════════════════════
  📂 加载 Cohere-1M 数据集...
  ✅ 已加载 100000 个向量 (dim=768)
  📐 计算 brute-force ground truth (500个查询)...

┌──────────────────────────────────────────────────────────────────────┐
│  Phase 1: Top-10 Overlap + 距离计算延迟 (BQ 排序 vs 真实余弦排序) │
│  数据集: Cohere-100K                                             │
├──────────────────────────────────────────────────────────────────────┤
│  1-bit sign (位运算)     overlap:  55.0%  dist:  33.8 ns/call │
│  2-bit SM  (位运算)     overlap:  64.7%  dist:  31.2 ns/call │
│  2-bit SQ  (整数运算)   overlap:  70.1%  dist:  74.8 ns/call │
└──────────────────────────────────────────────────────────────────────┘

┌──────────────────────────────────────────────────────────────────────┐
│  Phase 2: Recall@10 — 三种编码的图搜索对比                        │
├──────────────────────────────────────────────────────────────────────┤

  ── 1-bit sign-only (位运算) ──
  构建: 1.83s | 平均度数: 64.0
  ef        Recall@10        QPS
  ef=32        77.1%    12817
  ef=64        86.6%     7023
  ef=128       92.5%     4024
  ef=256       96.3%     2246
  ef=512       98.7%     1186

  ── 2-bit SM (位运算, 默认) ──
  构建: 1.79s | 平均度数: 64.0
  ef        Recall@10        QPS
  ef=32        89.2%     9801
  ef=64        95.3%     7651
  ef=128       98.4%     3828
  ef=256       99.4%     2246
  ef=512       99.8%     1229

  ── 2-bit Scalar (整数运算, 复用 SM 图拓扑) ──
  (图拓扑来自 2-bit SM 构图, 仅导航距离换为 Scalar L1)
  ef        Recall@10        QPS
  ef=32        92.8%     2954
  ef=64        97.5%     1637
  ef=128       99.2%      985
  ef=256       99.9%      563
  ef=512      100.0%      311

═══════════════════════════════════════════════════════════════
  ✅ Encoding ablation 完成
═══════════════════════════════════════════════════════════════
