   Compiling triviumdb v0.8.8 (C:\Users\v_chchsli\Desktop\TriviumDB)
warning: linker stdout: 正在创建库 C:\Users\v_chchsli\Desktop\TriviumDB\target\release\deps\triviumdb.dll.lib 和对象 C:\Users\v_chchsli\Desktop\TriviumDB\target\release\deps\triviumdb.dll.exp
  |
  = note: `#[warn(linker_messages)]` on by default

warning: `triviumdb` (lib) generated 1 warning
    Finished `bench` profile [optimized] target(s) in 44.85s
     Running benches\bench_variance.rs (target\release\deps\bench_variance-8c8e34d807557ba5.exe)
═══════════════════════════════════════════════════════════════
  构图方差 + 尾延迟分布实验 — QuIVer Paper §Revision
═══════════════════════════════════════════════════════════════
  📂 加载 Cohere-1M 数据集...
  ✅ 训练集: 1000000 × 768d | 测试集: 1000 × 768d | GT K: 1000

┌────────────────────────────────────────────────────────────────────┐
│  Phase 1: 多次独立构图方差 (5 个 seed)                           │
│  数据集: Cohere-1M (1000000 vecs × 768d)                                   │
├────────────────────────────────────────────────────────────────────┤

  ── Seed 42 (1/5) ──
  构建: 37.14s | 平均度数: 64.0
  ef        Recall@10        QPS
  ef=32        88.7%     9617
  ef=64        95.1%     5682
  ef=128       97.6%     3106
  ef=256       98.9%     1754

  ── Seed 123 (2/5) ──
  构建: 37.82s | 平均度数: 64.0
  ef        Recall@10        QPS
  ef=32        88.3%     8914
  ef=64        95.0%     5710
  ef=128       97.6%     3179
  ef=256       99.0%     1719

  ── Seed 456 (3/5) ──
  构建: 37.98s | 平均度数: 64.0
  ef        Recall@10        QPS
  ef=32        88.5%     8697
  ef=64        95.1%     5612
  ef=128       97.7%     3120
  ef=256       99.0%     1706

  ── Seed 789 (4/5) ──
  构建: 38.44s | 平均度数: 64.0
  ef        Recall@10        QPS
  ef=32        88.4%     6904
  ef=64        95.0%     4978
  ef=128       97.7%     2876
  ef=256       99.0%     1520

  ── Seed 2024 (5/5) ──
  构建: 38.74s | 平均度数: 64.0
  ef        Recall@10        QPS
  ef=32        88.3%     6470
  ef=64        95.1%     5290
  ef=128       97.4%     2918
  ef=256       98.9%     1321

  ── 构图方差汇总 ──
  ef          Mean(%)     Std(%)     RSD(%)   Range(%)
  ef=32       88.45    0.163     0.18  88.3–88.7
  ef=64       95.06    0.056     0.06  95.0–95.1
  ef=128      97.62    0.095     0.10  97.4–97.7
  ef=256      98.96    0.032     0.03  98.9–99.0
└────────────────────────────────────────────────────────────────────┘

┌────────────────────────────────────────────────────────────────────┐
│  Phase 2: 尾延迟分布 (单位: μs)                                   │
├────────────────────────────────────────────────────────────────────┤
  重建默认索引...
  ef            Avg      P50      P95      P99    P99.9      Max
  ef=32       113    105    186    235    274    299
  ef=64       186    177    291    355    453    524
  ef=128      334    321    501    584    698    765
  ef=256      620    594    932   1066   1244   1450
└────────────────────────────────────────────────────────────────────┘

┌────────────────────────────────────────────────────────────────────┐
│  Phase 3: 并发客户端 Throughput-Latency Curve                     │
├────────────────────────────────────────────────────────────────────┤
  ef=128, 每客户端 200 查询
  Clients     Total QPS    Avg(μs)    P50(μs)    P99(μs)    Max(μs)
  1              3239      306      298      540      543
  2              5698      335      324      574      620
  4              9896      381      365      667      781
  8             16728      440      445      708      814
  16            32024      442      438      664      982
└────────────────────────────────────────────────────────────────────┘

═══════════════════════════════════════════════════════════════
  ✅ 构图方差 + 尾延迟 + 并发 curve 实验完成
═══════════════════════════════════════════════════════════════
