   Compiling triviumdb v0.8.8 (C:\Users\v_chchsli\Desktop\TriviumDB)
warning: linker stdout: 正在创建库 C:\Users\v_chchsli\Desktop\TriviumDB\target\release\deps\triviumdb.dll.lib 和对象 C:\Users\v_chchsli\Desktop\TriviumDB\target\release\deps\triviumdb.dll.exp
  |
  = note: `#[warn(linker_messages)]` on by default

warning: `triviumdb` (lib) generated 1 warning
    Finished `bench` profile [optimized] target(s) in 47.06s
     Running benches\bench_sensitivity.rs (target\release\deps\bench_sensitivity-0462e2fab5b465e5.exe)
加载 cohere-1m 数据集...
加载完成! 1000000 x 768 训练集, 1000 测试集, 耗时 1.50s

======================================================================
实验 1: 参数敏感性分析
数据集: cohere-1m (1000000 x 768)
======================================================================

计算 brute-force 基准 QPS (1000q)...
Brute-force 基准: QPS=22.8, latency=43.92ms/q

--- 1a: m 的影响 (ef_c=128, α=1.2) ---
m        Build(s)     vecs/s    Hot(MB)  ef=32  R  ef=32  Q  ef=64  R  ef=64  Q  ef=128 R  ef=128 Q  ef=256 R  ef=256 Q  ef=512 R  ef=512 Q  ef=1024R  ef=1024Q
------------------------------------------------------------------------------------------------------------------------------------------------------------------------
4            13.4      74477        247   20.05%  251667   36.39%  138527   53.95%   68105   69.21%   33978   80.41%   17899   85.84%    9492
8            16.7      59717        308   53.68%  176607   71.14%  102309   84.03%   57077   90.63%   29671   94.46%   15460   97.06%    7890
12           21.5      46463        370   67.76%  154364   84.09%   91405   91.56%   49934   95.92%   26649   97.87%   13601   98.88%    6823
16           23.9      41800        431   75.84%  135571   88.60%   80252   94.29%   42421   97.38%   24052   98.82%   12358   99.27%    6397
20           27.4      36431        492   80.48%  123655   91.53%   76044   95.78%   43287   98.09%   22459   99.21%   11004   99.54%    5887
24           30.7      32582        553   84.72%  110036   92.81%   66527   96.42%   38101   98.36%   20492   99.42%   10434   99.70%    5445
28           33.9      29533        614   86.25%  107194   94.24%   66277   97.18%   33932   98.74%   18104   99.46%    9950   99.72%    5110
32           37.4      26716        675   87.43%   95644   94.63%   60888   97.56%   33405   98.87%   17165   99.54%    9192   99.78%    4709
40           44.7      22357        797   89.28%   82853   95.55%   52779   98.05%   29409   99.12%   15957   99.62%    8233   99.92%    4343
48           52.1      19208        919   90.46%   77971   95.90%   46545   98.22%   26591   99.26%   14132   99.69%    7509   99.92%    4021
56           59.1      16909       1041   90.80%   74450   96.26%   42882   98.44%   23341   99.40%   12907   99.71%    7068   99.95%    3765
64           66.6      15018       1163   91.43%   63728   96.50%   37272   98.59%   22346   99.50%   12294   99.79%    6516   99.96%    3519

--- 1b: ef_construction 的影响 (m=32, α=1.2) ---
ef_c       Build(s)     vecs/s    Hot(MB)  ef=32  R  ef=32  Q  ef=64  R  ef=64  Q  ef=128 R  ef=128 Q  ef=256 R  ef=256 Q  ef=512 R  ef=512 Q  ef=1024R  ef=1024Q
--------------------------------------------------------------------------------------------------------------------------------------------------------------------------
16             16.4      60841        675   79.88%   77248   87.50%   44397   91.94%   23865   95.22%   11986   97.22%    6335   98.46%    3216
32             19.8      50510        675   86.81%   83998   93.61%   54473   96.61%   28343   98.16%   15014   98.94%    7833   99.56%    4019
48             22.1      45194        675   86.92%   96650   94.37%   57669   96.95%   31620   98.45%   16080   99.35%    8880   99.65%    4663
64             23.5      42512        675   86.41%   95039   94.62%   54838   97.21%   32230   98.67%   17679   99.49%    9247   99.70%    4831
96             30.6      32664        675   87.46%   92319   94.58%   53054   97.55%   32396   98.86%   16725   99.52%    9082   99.80%    4871
128            36.9      27129        675   87.37%   94015   94.50%   59620   97.51%   32941   98.86%   17164   99.53%    9199   99.78%    4803
160            43.2      23127        675   87.43%   96588   94.82%   58223   97.53%   34072   98.92%   17778   99.55%    8934   99.79%    4802
200            50.8      19682        675   87.90%  103548   94.92%   59349   97.80%   33798   98.93%   17697   99.57%    8979   99.84%    4781
256            62.0      16141        675   87.58%   94912   94.90%   60972   97.76%   33115   98.93%   17749   99.59%    9227   99.82%    4853
384            86.5      11562        675   87.53%  102086   95.02%   57766   97.87%   32079   98.98%   17360   99.63%    9089   99.84%    4831
512           107.3       9319        675   87.70%   99574   95.02%   61338   97.86%   33661   99.01%   17637   99.63%    8906   99.87%    4789

--- 1c: α 的影响 (m=32, ef_c=128) ---
alpha      Build(s)     vecs/s    Hot(MB)  ef=32  R  ef=32  Q  ef=64  R  ef=64  Q  ef=128 R  ef=128 Q  ef=256 R  ef=256 Q  ef=512 R  ef=512 Q  ef=1024R  ef=1024Q
--------------------------------------------------------------------------------------------------------------------------------------------------------------------------
1.00           42.5      23527        675   91.46%   86929   96.29%   53534   98.59%   27017   99.45%   15073   99.79%    7700   99.97%    4225
1.05           37.6      26578        675   88.63%   90111   95.23%   58592   97.61%   30914   99.01%   17003   99.59%    8889   99.89%    4690
1.10           37.0      27011        675   87.43%   92175   94.70%   56203   97.55%   32799   98.92%   17032   99.57%    9259   99.79%    4760
1.15           37.0      27049        675   87.02%  106770   94.83%   60188   97.61%   32551   98.91%   16936   99.52%    9039   99.78%    4828
1.20           36.9      27087        675   87.25%   95763   94.76%   62237   97.56%   33612   98.88%   17797   99.51%    9271   99.78%    4894
1.25           37.1      26982        675   87.00%   97936   94.54%   60702   97.55%   33119   98.89%   18038   99.54%    9006   99.78%    4849

--- 1d: ef_search 精细 Recall-QPS 曲线 (m=32, ef_c=128, α=1.2) ---
ef          R@10(%)       MT-QPS       1T-QPS    lat(ms)      vs BF
------------------------------------------------------------------
8            45.54%       245791        15039      0.07   10793.9x
12           62.99%       174997        11727      0.09    7685.0x
16           73.03%       145662        10406      0.10    6396.8x
20           79.40%       123141         9381      0.11    5407.7x
24           83.03%       114788         8161      0.12    5040.9x
32           87.09%        90169         6978      0.14    3959.8x
40           90.34%        86168         6063      0.16    3784.1x
48           92.44%        65184         5665      0.18    2862.5x
56           93.74%        63753         4668      0.21    2799.7x
64           94.54%        56209         4422      0.23    2468.4x
80           95.71%        48784         3535      0.28    2142.4x
96           96.66%        42487         3488      0.29    1865.8x
112          97.08%        33701         2793      0.36    1480.0x
128          97.54%        33208         2757      0.36    1458.3x
160          98.30%        26107         2207      0.45    1146.5x
192          98.51%        22960         1907      0.52    1008.3x
224          98.73%        19369         1428      0.70     850.6x
256          98.89%        17900         1334      0.75     786.1x
320          99.16%        14450         1142      0.88     634.6x
384          99.28%        11827          969      1.03     519.4x
448          99.47%        10365          855      1.17     455.2x
512          99.54%         9299          781      1.28     408.4x
640          99.67%         7596          636      1.57     333.6x
768          99.75%         6293          539      1.86     276.3x
896          99.77%         5544          476      2.10     243.5x
1024         99.78%         4846          425      2.35     212.8x

--- 1e: 不同 m 的 Pareto 曲线 (ef_c=128, α=1.2) ---
m      ef          R@10(%)       MT-QPS      vs BF
--------------------------------------------------
8      32           52.97%       198641    8723.4x
8      64           71.14%       111922    4915.1x
8      128          83.96%        57952    2545.0x
8      256          90.67%        31166    1368.6x
8      512          94.67%        15892     697.9x
8      1024         97.02%         7990     350.9x

16     32           75.34%       142849    6273.2x
16     64           88.35%        79978    3512.2x
16     128          94.58%        44847    1969.4x
16     256          97.42%        23616    1037.1x
16     512          98.87%        12458     547.1x
16     1024         99.30%         6318     277.4x

32     32           87.34%       102082    4483.0x
32     64           94.70%        59045    2593.0x
32     128          97.54%        33143    1455.5x
32     256          98.87%        17306     760.0x
32     512          99.53%         8944     392.8x
32     1024         99.78%         4794     210.5x

48     32           90.59%        81725    3588.9x
48     64           95.95%        46702    2050.9x
48     128          98.18%        26842    1178.8x
48     256          99.27%        14349     630.1x
48     512          99.69%         7641     335.6x
48     1024         99.92%         4090     179.6x

64     32           91.48%        65598    2880.7x
64     64           96.47%        40632    1784.3x
64     128          98.57%        22530     989.4x
64     256          99.48%        12240     537.5x
64     512          99.78%         6486     284.8x
64     1024         99.96%         3457     151.8x


======================================================================
实验 2: 单线程 vs 多线程查询扩展性
数据集: cohere-1m (1000000 x 768)
======================================================================
索引构建: 36.7s (27254 vecs/s), Hot 675 MB

--- 2a: 不同 ef 下的 单线程 vs 多线程 QPS ---
ef             1T-QPS       MT-QPS      R@10(%)        加速比
----------------------------------------------------------
64               5510        58595       94.73%      10.6x
128              2774        33056       97.58%      11.9x
256              1565        17556       98.88%      11.2x
512               818         9379       99.53%      11.5x
1024              423         4782       99.78%      11.3x

--- 2b: 线程数扩展性 (ef=64) ---
线程数                 QPS        相对1线程
--------------------------------------
1                  4705         1.0x
2                 10705         2.3x
4                 17534         3.7x
8                 35605         7.6x
16                52293        11.1x
32                59653        12.7x

全部实验完成!
