   Compiling triviumdb v0.8.8 (C:\Users\v_chchsli\Desktop\TriviumDB)
warning: linker stdout: 正在创建库 C:\Users\v_chchsli\Desktop\TriviumDB\target\release\deps\triviumdb.dll.lib 和对象 C:\Users\v_chchsli\Desktop\TriviumDB\target\release\deps\triviumdb.dll.exp
  |
  = note: `#[warn(linker_messages)]` on by default

warning: `triviumdb` (lib) generated 1 warning
    Finished `bench` profile [optimized] target(s) in 39.60s
     Running benches\bench_pruning_tradeoff.rs (target\release\deps\bench_pruning_tradeoff-1fcd529a183794e3.exe)
═══════════════════════════════════════════════════════════════════
  V1 — 5-bit RaBitQ 误差界剪枝的端到端 trade-off
═══════════════════════════════════════════════════════════════════
  数据 1000000 × 768，查询 1000，GT K=1000；加载+归一化 1.70s

  构建 QuIVer (m=32, ef_c=128, α=1.2) ...
  构建完成 34.2s (29248 vecs/s)，Hot 675 MiB
  L0 拓扑: 64000000 条有向边，平均度 64.0，入口点 0

  编码 ...
  编码完成 1.13s | BQ2 192 MB（2 bit/维） | 5-bit 480 MB（5 bit/维，2.5×）
  守卫0 旋转内积保持: 0.714939 vs 0.714940  相对误差 5.00e-7

  守卫2 界成立: 0 / 40000 违例

  ── 内核微基准（ns/次，单线程）──
     BQ2 2-bit 距离        29.3
     5-bit RaBitQ est     435.1   (14.8× BQ2)
     f32 精确内积         313.5   (10.7× BQ2)
     ← 若 5-bit est 比 f32 还慢，则『先算界再决定是否 f32』本身即是亏本

═══════════════════════════════════════════════════════════════════
  端到端遍历（自实现 beam search，与 A/B/C/D 同规范）
═══════════════════════════════════════════════════════════════════
  A  BQ2导航 + f32全量           ef=64   R@10  95.38%       3982 QPS  导航求值 2284/q  精排保留 100.0%
  A  BQ2导航 + f32全量           ef=128  R@10  98.07%       3463 QPS  导航求值 3816/q  精排保留 100.0%
  A  BQ2导航 + f32全量           ef=256  R@10  99.16%       3181 QPS  导航求值 6702/q  精排保留 100.0%
  A  BQ2导航 + f32全量           ef=512  R@10  99.68%       3045 QPS  导航求值 11947/q  精排保留 100.0%
  B  BQ2导航 + 5bit界剪枝         ef=64   R@10  95.38%       3971 QPS  导航求值 2284/q  精排保留 100.0%
  B  BQ2导航 + 5bit界剪枝         ef=128  R@10  98.07%       3369 QPS  导航求值 3816/q  精排保留 100.0%
  B  BQ2导航 + 5bit界剪枝         ef=256  R@10  99.16%       3228 QPS  导航求值 6702/q  精排保留 99.8%
  B  BQ2导航 + 5bit界剪枝         ef=512  R@10  99.68%       2946 QPS  导航求值 11947/q  精排保留 99.4%
  C  5bit导航 + 5bit界剪枝        ef=64   R@10  95.93%       3558 QPS  导航求值 2265/q  精排保留 100.0%
  C  5bit导航 + 5bit界剪枝        ef=128  R@10  98.15%       2989 QPS  导航求值 3807/q  精排保留 100.0%
  C  5bit导航 + 5bit界剪枝        ef=256  R@10  98.98%       2469 QPS  导航求值 6702/q  精排保留 100.0%
  C  5bit导航 + 5bit界剪枝        ef=512  R@10  99.67%       1668 QPS  导航求值 12007/q  精排保留 99.9%
  D  5bit导航 + f32全量          ef=64   R@10  95.93%       3569 QPS  导航求值 2265/q  精排保留 100.0%
  D  5bit导航 + f32全量          ef=128  R@10  98.15%       3018 QPS  导航求值 3807/q  精排保留 100.0%
  D  5bit导航 + f32全量          ef=256  R@10  98.98%       2519 QPS  导航求值 6702/q  精排保留 100.0%
  D  5bit导航 + f32全量          ef=512  R@10  99.67%       1721 QPS  导航求值 12007/q  精排保留 100.0%

  ── 守卫 ──
  守卫1 保真度: A@ef=128 = 98.07% vs 冻结基线 97.55% (偏差 0.52pp，容差 1.5pp) PASS
  守卫2 ef=64   剪枝导致的召回损失: B vs A +0.00pp, C vs D +0.00pp
  守卫2 ef=128  剪枝导致的召回损失: B vs A +0.00pp, C vs D +0.00pp
  守卫2 ef=256  剪枝导致的召回损失: B vs A +0.00pp, C vs D +0.00pp
  守卫2 ef=512  剪枝导致的召回损失: B vs A +0.00pp, C vs D +0.00pp
  守卫2 PASS: 剪枝零召回损失（与可证安全一致）

### 端到端遍历结果（1M × 768，1000 查询，自实现 beam search）

| 配置 | ef | R@10 | MT-QPS | 导航求值/查询 | 精排保留率 |
|---|---|---|---|---|---|
| A  BQ2导航 + f32全量 | 64 | 95.38% | 3982 | 2284 | 100.0% |
| A  BQ2导航 + f32全量 | 128 | 98.07% | 3463 | 3816 | 100.0% |
| A  BQ2导航 + f32全量 | 256 | 99.16% | 3181 | 6702 | 100.0% |
| A  BQ2导航 + f32全量 | 512 | 99.68% | 3045 | 11947 | 100.0% |
| B  BQ2导航 + 5bit界剪枝 | 64 | 95.38% | 3971 | 2284 | 100.0% |
| B  BQ2导航 + 5bit界剪枝 | 128 | 98.07% | 3369 | 3816 | 100.0% |
| B  BQ2导航 + 5bit界剪枝 | 256 | 99.16% | 3228 | 6702 | 99.8% |
═══════════════════════════════════════════════════════════════════
| B  BQ2导航 + 5bit界剪枝 | 512 | 99.68% | 2946 | 11947 | 99.4% |
| C  5bit导航 + 5bit界剪枝 | 64 | 95.93% | 3558 | 2265 | 100.0% |
| C  5bit导航 + 5bit界剪枝 | 128 | 98.15% | 2989 | 3807 | 100.0% |
| C  5bit导航 + 5bit界剪枝 | 256 | 98.98% | 2469 | 6702 | 100.0% |
| C  5bit导航 + 5bit界剪枝 | 512 | 99.67% | 1668 | 12007 | 99.9% |
| D  5bit导航 + f32全量 | 64 | 95.93% | 3569 | 2265 | 100.0% |
| D  5bit导航 + f32全量 | 128 | 98.15% | 3018 | 3807 | 100.0% |
| D  5bit导航 + f32全量 | 256 | 98.98% | 2519 | 6702 | 100.0% |
| D  5bit导航 + f32全量 | 512 | 99.67% | 1721 | 12007 | 100.0% |
