   Compiling triviumdb v0.8.8 (C:\Users\v_chchsli\Desktop\TriviumDB)
warning: linker stdout: 正在创建库 C:\Users\v_chchsli\Desktop\TriviumDB\target\release\deps\triviumdb.dll.lib 和对象 C:\Users\v_chchsli\Desktop\TriviumDB\target\release\deps\triviumdb.dll.exp
  |
  = note: `#[warn(linker_messages)]` on by default

warning: `triviumdb` (lib) generated 1 warning
    Finished `bench` profile [optimized] target(s) in 39.20s
     Running benches\bench_pruning_tradeoff.rs (target\release\deps\bench_pruning_tradeoff-1fcd529a183794e3.exe)
═══════════════════════════════════════════════════════════════════
  V1 — 5-bit RaBitQ 误差界剪枝的端到端 trade-off
═══════════════════════════════════════════════════════════════════
  数据 1000000 × 768，查询 1000，GT K=1000；加载+归一化 1.60s

  构建 QuIVer (m=32, ef_c=128, α=1.2) ...
  构建完成 34.7s (28807 vecs/s)，Hot 675 MiB
  L0 拓扑: 64000000 条有向边，平均度 64.0，入口点 0

  编码 ...
  编码完成 1.08s | BQ2 192 MB（2 bit/维） | 5-bit 480 MB（5 bit/维，2.5×）
  守卫0 旋转内积保持: 0.714939 vs 0.714940  相对误差 5.00e-7

  守卫2 界成立: 0 / 40000 违例

  ── 内核微基准（ns/次，单线程）──
     BQ2 2-bit 距离        28.3
     5-bit RaBitQ est     491.4   (17.4× BQ2)
     f32 精确内积         311.0   (11.0× BQ2)
     ← 若 5-bit est 比 f32 还慢，则『先算界再决定是否 f32』本身即是亏本

═══════════════════════════════════════════════════════════════════
  端到端遍历（自实现 beam search，与 A/B/C/D 同规范）
═══════════════════════════════════════════════════════════════════
  A  BQ2导航 + f32全量           ef=64   R@10  95.41%       3664 QPS  导航求值 2282/q  精排保留 100.0%  展开可剪  0.00%  实跳过  0.00%
  A  BQ2导航 + f32全量           ef=128  R@10  98.10%       3245 QPS  导航求值 3818/q  精排保留 100.0%  展开可剪  0.00%  实跳过  0.00%
  A  BQ2导航 + f32全量           ef=256  R@10  99.16%       3079 QPS  导航求值 6705/q  精排保留 100.0%  展开可剪  0.00%  实跳过  0.00%
  A  BQ2导航 + f32全量           ef=512  R@10  99.69%       3039 QPS  导航求值 11947/q  精排保留 100.0%  展开可剪  0.00%  实跳过  0.00%
  B  BQ2导航 + 5bit界剪枝         ef=64   R@10  95.41%       3700 QPS  导航求值 2282/q  精排保留 100.0%  展开可剪  0.00%  实跳过  0.00%
  B  BQ2导航 + 5bit界剪枝         ef=128  R@10  98.10%       3240 QPS  导航求值 3818/q  精排保留 100.0%  展开可剪  0.00%  实跳过  0.00%
  B  BQ2导航 + 5bit界剪枝         ef=256  R@10  99.16%       3060 QPS  导航求值 6705/q  精排保留  99.8%  展开可剪  0.00%  实跳过  0.00%
  B  BQ2导航 + 5bit界剪枝         ef=512  R@10  99.69%       2787 QPS  导航求值 11947/q  精排保留  99.4%  展开可剪  0.00%  实跳过  0.00%
  C  5bit导航 + 5bit界剪枝        ef=64   R@10  95.88%       3419 QPS  导航求值 2261/q  精排保留 100.0%  展开可剪  0.00%  实跳过  0.00%
  C  5bit导航 + 5bit界剪枝        ef=128  R@10  98.11%       2936 QPS  导航求值 3805/q  精排保留 100.0%  展开可剪  0.00%  实跳过  0.00%
  C  5bit导航 + 5bit界剪枝        ef=256  R@10  98.97%       2392 QPS  导航求值 6701/q  精排保留 100.0%  展开可剪  0.00%  实跳过  0.00%
  C  5bit导航 + 5bit界剪枝        ef=512  R@10  99.67%       1661 QPS  导航求值 12009/q  精排保留  99.9%  展开可剪  0.00%  实跳过  0.00%
  D  5bit导航 + f32全量          ef=64   R@10  95.88%       3397 QPS  导航求值 2261/q  精排保留 100.0%  展开可剪  0.00%  实跳过  0.00%
  D  5bit导航 + f32全量          ef=128  R@10  98.11%       3007 QPS  导航求值 3805/q  精排保留 100.0%  展开可剪  0.00%  实跳过  0.00%
  D  5bit导航 + f32全量          ef=256  R@10  98.97%       2457 QPS  导航求值 6701/q  精排保留 100.0%  展开可剪  0.00%  实跳过  0.00%
  D  5bit导航 + f32全量          ef=512  R@10  99.67%       1703 QPS  导航求值 12009/q  精排保留 100.0%  展开可剪  0.00%  实跳过  0.00%
  E1 5bit导航 + 界计数不剪          ef=64   R@10  95.88%       3491 QPS  导航求值 2261/q  精排保留 100.0%  展开可剪  0.00%  实跳过  0.00%
  E1 5bit导航 + 界计数不剪          ef=128  R@10  98.11%       2933 QPS  导航求值 3805/q  精排保留 100.0%  展开可剪  0.00%  实跳过  0.00%
  E1 5bit导航 + 界计数不剪          ef=256  R@10  98.97%       2435 QPS  导航求值 6701/q  精排保留 100.0%  展开可剪  0.01%  实跳过  0.00%
  E1 5bit导航 + 界计数不剪          ef=512  R@10  99.67%       1612 QPS  导航求值 12009/q  精排保留 100.0%  展开可剪  0.10%  实跳过  0.00%
  E2 5bit导航 + 界剪展开           ef=64   R@10  95.88%       3389 QPS  导航求值 2261/q  精排保留 100.0%  展开可剪  0.00%  实跳过  0.00%
  E2 5bit导航 + 界剪展开           ef=128  R@10  98.11%       2953 QPS  导航求值 3805/q  精排保留 100.0%  展开可剪  0.00%  实跳过  0.00%
  E2 5bit导航 + 界剪展开           ef=256  R@10  98.97%       2414 QPS  导航求值 6701/q  精排保留 100.0%  展开可剪  0.01%  实跳过  0.01%
  E2 5bit导航 + 界剪展开           ef=512  R@10  99.67%       1616 QPS  导航求值 11998/q  精排保留 100.0%  展开可剪  0.10%  实跳过  0.10%

  ── 守卫 ──
  守卫1 保真度: A@ef=128 = 98.10% vs 冻结基线 97.55% (偏差 0.55pp，容差 1.5pp) PASS
  守卫2 ef=64   剪枝导致的召回损失: B vs A +0.00pp, C vs D +0.00pp
  守卫2 ef=128  剪枝导致的召回损失: B vs A +0.00pp, C vs D +0.00pp
  守卫2 ef=256  剪枝导致的召回损失: B vs A +0.00pp, C vs D +0.00pp
  守卫2 ef=512  剪枝导致的召回损失: B vs A +0.00pp, C vs D +0.00pp
  守卫2 PASS: 剪枝零召回损失（与可证安全一致）
  守卫4 PASS: E1（界计数不剪）与 D 逐位一致 → 计数器无副作用

  ── V1b: 界驱动的展开剪枝（判别力与代价分离）──
  E1 ef=64   判别力 0.00%  |  θ−U = -0.1046，ε = 0.0558  → θ−est = -0.0487  ★ 为负 ⇒ 即使 ε=0 该判据也无法触发：**结构性失效，与码精度无关**
  E1 ef=128  判别力 0.00%  |  θ−U = -0.0940，ε = 0.0558  → θ−est = -0.0381  ★ 为负 ⇒ 即使 ε=0 该判据也无法触发：**结构性失效，与码精度无关**
  E1 ef=256  判别力 0.01%  |  θ−U = -0.0841，ε = 0.0558  → θ−est = -0.0283  ★ 为负 ⇒ 即使 ε=0 该判据也无法触发：**结构性失效，与码精度无关**
  E1 ef=512  判别力 0.10%  |  θ−U = -0.0751，ε = 0.0558  → θ−est = -0.0193  ★ 为负 ⇒ 即使 ε=0 该判据也无法触发：**结构性失效，与码精度无关**
  E2 ef=64   实跳过 0.00%  召回 95.88%（Δ vs D +0.00pp）  导航求值 2261/q vs D 2261/q（省 0.0%）
  E2 ef=128  实跳过 0.00%  召回 98.11%（Δ vs D +0.00pp）  导航求值 3805/q vs D 3805/q（省 0.0%）
  E2 ef=256  实跳过 0.01%  召回 98.97%（Δ vs D +0.00pp）  导航求值 6701/q vs D 6701/q（省 0.0%）
  E2 ef=512  实跳过 0.10%  召回 99.67%（Δ vs D +0.00pp）  导航求值 11998/q vs D 12009/q（省 0.1%）

### 端到端遍历结果（1M × 768，1000 查询，自实现 beam search）

| 配置 | ef | R@10 | MT-QPS | 导航求值/查询 | 精排保留率 | 展开可剪率 | 实跳过 |
|---|---|---|---|---|---|---|---|
| A  BQ2导航 + f32全量 | 64 | 95.41% | 3664 | 2282 | 100.0% | 0.00% | 0.00% |
| A  BQ2导航 + f32全量 | 128 | 98.10% | 3245 | 3818 | 100.0% | 0.00% | 0.00% |
| A  BQ2导航 + f32全量 | 256 | 99.16% | 3079 | 6705 | 100.0% | 0.00% | 0.00% |
| A  BQ2导航 + f32全量 | 512 | 99.69% | 3039 | 11947 | 100.0% | 0.00% | 0.00% |
| B  BQ2导航 + 5bit界剪枝 | 64 | 95.41% | 3700 | 2282 | 100.0% | 0.00% | 0.00% |
| B  BQ2导航 + 5bit界剪枝 | 128 | 98.10% | 3240 | 3818 | 100.0% | 0.00% | 0.00% |
| B  BQ2导航 + 5bit界剪枝 | 256 | 99.16% | 3060 | 6705 | 99.8% | 0.00% | 0.00% |
| B  BQ2导航 + 5bit界剪枝 | 512 | 99.69% | 2787 | 11947 | 99.4% | 0.00% | 0.00% |
| C  5bit导航 + 5bit界剪枝 | 64 | 95.88% | 3419 | 2261 | 100.0% | 0.00% | 0.00% |
| C  5bit导航 + 5bit界剪枝 | 128 | 98.11% | 2936 | 3805 | 100.0% | 0.00% | 0.00% |
| C  5bit导航 + 5bit界剪枝 | 256 | 98.97% | 2392 | 6701 | 100.0% | 0.00% | 0.00% |
| C  5bit导航 + 5bit界剪枝 | 512 | 99.67% | 1661 | 12009 | 99.9% | 0.00% | 0.00% |
| D  5bit导航 + f32全量 | 64 | 95.88% | 3397 | 2261 | 100.0% | 0.00% | 0.00% |
| D  5bit导航 + f32全量 | 128 | 98.11% | 3007 | 3805 | 100.0% | 0.00% | 0.00% |
═══════════════════════════════════════════════════════════════════
| D  5bit导航 + f32全量 | 256 | 98.97% | 2457 | 6701 | 100.0% | 0.00% | 0.00% |
| D  5bit导航 + f32全量 | 512 | 99.67% | 1703 | 12009 | 100.0% | 0.00% | 0.00% |
| E1 5bit导航 + 界计数不剪 | 64 | 95.88% | 3491 | 2261 | 100.0% | 0.00% | 0.00% |
| E1 5bit导航 + 界计数不剪 | 128 | 98.11% | 2933 | 3805 | 100.0% | 0.00% | 0.00% |
| E1 5bit导航 + 界计数不剪 | 256 | 98.97% | 2435 | 6701 | 100.0% | 0.01% | 0.00% |
| E1 5bit导航 + 界计数不剪 | 512 | 99.67% | 1612 | 12009 | 100.0% | 0.10% | 0.00% |
| E2 5bit导航 + 界剪展开 | 64 | 95.88% | 3389 | 2261 | 100.0% | 0.00% | 0.00% |
| E2 5bit导航 + 界剪展开 | 128 | 98.11% | 2953 | 3805 | 100.0% | 0.00% | 0.00% |
| E2 5bit导航 + 界剪展开 | 256 | 98.97% | 2414 | 6701 | 100.0% | 0.01% | 0.01% |
| E2 5bit导航 + 界剪展开 | 512 | 99.67% | 1616 | 11998 | 100.0% | 0.10% | 0.10% |
