   Compiling triviumdb v0.8.8 (C:\Users\v_chchsli\Desktop\TriviumDB)
warning: linker stdout: 正在创建库 C:\Users\v_chchsli\Desktop\TriviumDB\target\release\deps\triviumdb.dll.lib 和对象 C:\Users\v_chchsli\Desktop\TriviumDB\target\release\deps\triviumdb.dll.exp
  |
  = note: `#[warn(linker_messages)]` on by default

warning: `triviumdb` (lib) generated 1 warning
    Finished `bench` profile [optimized] target(s) in 46.64s
     Running benches\bench_t2_build_recon.rs (target\release\deps\bench_t2_build_recon-42b5137d1a052928.exe)
═══════════════════════════════════════════════════════════════════
  T2 摸底 — QuIVer 图构建成本基线
  规模 N=1000000  增量样本=200  反向剪枝模式=lazy 惰性 (默认)
═══════════════════════════════════════════════════════════════════
  数据 1000000 × 768，归一化 + 加载 1.94s
2026-09-16T11:00:48.419585Z  INFO triviumdb::index::quiver: 构图性能探针完成 (Graph build profiler completed) nodes=999999 threads=32 wall_seconds=35.8619086 total_cpu_ms=964051.4550999999
2026-09-16T11:00:48.419670Z  INFO triviumdb::index::quiver: 构图阶段性能 (Graph build stage profile) stage="Bitset分配/allocate" cpu_ms=28808.3078 percent=2.988254169173133 per_node_ns=28808.33660833661
2026-09-16T11:00:48.419694Z  INFO triviumdb::index::quiver: 构图阶段性能 (Graph build stage profile) stage="束搜索寻路/beam search" cpu_ms=784239.6976 percent=81.34832362434967 per_node_ns=784240.4818404819
2026-09-16T11:00:48.419701Z  INFO triviumdb::index::quiver: 构图阶段性能 (Graph build stage profile) stage="前向选边/forward select" cpu_ms=97732.0823 percent=10.137641697751741 per_node_ns=97732.18003218003
2026-09-16T11:00:48.419707Z  INFO triviumdb::index::quiver: 构图阶段性能 (Graph build stage profile) stage="反向剪枝锁等待/reverse wait" cpu_ms=335.3319 percent=0.03478361017205419 per_node_ns=335.3322353322353
2026-09-16T11:00:48.419714Z  INFO triviumdb::index::quiver: 构图阶段性能 (Graph build stage profile) stage="反向剪枝工作/reverse work" cpu_ms=52936.0355 percent=5.490996898553409 per_node_ns=52936.08843608844

  ── 阶段 A/B: 批量建图 ──
  墙钟 36.92s  27084 vec/s  Hot 675 MiB
  守卫1 可复现冻结基线: 27084 vs 29043 vec/s（偏差 6.7%）PASS

  ── 阶段 C: 增量 insert 延迟（N=1000000）──
  无可用增量样本，跳过

  ── 阶段 D: 导出 L0 CSR ──
  守卫2 导出完整性 PASS: n=1000000 边=64000000 平均度 64.0（stats: 64.0）自环 0 entry=0
  已导出 .tmp/l0_csr.bin  (260 MB)

═══════════════════════════════════════════════════════════════════
