   Compiling triviumdb v0.8.8 (C:\Users\v_chchsli\Desktop\TriviumDB)
warning: linker stdout: 正在创建库 C:\Users\v_chchsli\Desktop\TriviumDB\target\release\deps\triviumdb.dll.lib 和对象 C:\Users\v_chchsli\Desktop\TriviumDB\target\release\deps\triviumdb.dll.exp
  |
  = note: `#[warn(linker_messages)]` on by default

warning: `triviumdb` (lib) generated 1 warning
    Finished `bench` profile [optimized] target(s) in 40.47s
     Running benches\bench_rabitq_epsilon_scaling.rs (target\release\deps\bench_rabitq_epsilon_scaling-f067b2666bf6f316.exe)
═══════════════════════════════════════════════════════════════════
  RaBitQ 误差界 ε 随比特预算缩放 —— 安全剪枝可行性判定
═══════════════════════════════════════════════════════════════════
  数据 100000 × 768，查询 200；加载+归一化+旋转 1.57s
  真值+GT 预计算完成（两态）: 5.25s
  守卫1 B=1 闭式一致: ε=0.594121 vs 0.594122  PASS

═══════════════════════════════════════════════════════════════════
  Phase 1 — ε(B) 曲线（每 B 取最优尺度 c，oracle 调优）
═══════════════════════════════════════════════════════════════════
  B=1  rot=无   c=2.0  ε mean 0.76961 p95 0.80914  实际误差 0.49916  紧致度 0.649  R@10 31.40%  40.8 ns
  B=2  rot=无   c=2.0  ε mean 0.63014 p95 0.68989  实际误差 0.38714  紧致度 0.614  R@10 39.45%  40.8 ns
  B=3  rot=无   c=4.0  ε mean 0.48776 p95 0.54306  实际误差 0.24696  紧致度 0.506  R@10 52.45%  38.1 ns
  B=4  rot=无   c=4.0  ε mean 0.38690 p95 0.44449  实际误差 0.18772  紧致度 0.485  R@10 67.85%  42.1 ns
  B=5  rot=无   c=4.0  ε mean 0.34962 p95 0.40818  实际误差 0.16793  紧致度 0.480  R@10 74.30%  39.7 ns
  B=6  rot=无   c=4.0  ε mean 0.33710 p95 0.39593  实际误差 0.16109  紧致度 0.478  R@10 75.75%  40.7 ns
  B=8  rot=无   c=4.0  ε mean 0.33098 p95 0.38984  实际误差 0.15738  紧致度 0.475  R@10 76.45%  43.2 ns
  B=1  rot=有   c=2.0  ε mean 0.59990 p95 0.61456  实际误差 0.25013  紧致度 0.417  R@10 45.80%  42.8 ns
  B=2  rot=有   c=2.0  ε mean 0.33881 p95 0.35226  实际误差 0.07749  紧致度 0.229  R@10 70.55%  39.3 ns
  B=3  rot=有   c=2.5  ε mean 0.19043 p95 0.19999  实际误差 0.02430  紧致度 0.128  R@10 84.20%  36.7 ns
  B=4  rot=有   c=2.5  ε mean 0.10324 p95 0.11440  实际误差 0.00672  紧致度 0.065  R@10 90.55%  37.5 ns
  B=5  rot=有   c=3.0  ε mean 0.05617 p95 0.06233  实际误差 0.00216  紧致度 0.038  R@10 94.70%  36.2 ns
  B=6  rot=有   c=3.0  ε mean 0.03013 p95 0.03921  实际误差 0.00074  紧致度 0.025  R@10 96.90%  36.4 ns
  B=8  rot=有   c=3.5  ε mean 0.00833 p95 0.01042  实际误差 0.00017  紧致度 0.021  R@10 99.30%  37.6 ns

═══════════════════════════════════════════════════════════════════
  Phase 2 — 可证安全剪枝
═══════════════════════════════════════════════════════════════════
  B=1  rot=无   ε max 0.84729 | 可证剪枝 0.00%（FN 0） | 经验半径 0.57945 → 剪枝 0.00%（FN 0）
  B=2  rot=无   ε max 0.74035 | 可证剪枝 0.00%（FN 0） | 经验半径 0.45638 → 剪枝 0.00%（FN 0）
  B=3  rot=无   ε max 0.58843 | 可证剪枝 0.00%（FN 0） | 经验半径 0.30065 → 剪枝 0.00%（FN 0）
  B=4  rot=无   ε max 0.48660 | 可证剪枝 0.00%（FN 0） | 经验半径 0.22469 → 剪枝 0.00%（FN 0）
  B=5  rot=无   ε max 0.44663 | 可证剪枝 0.00%（FN 0） | 经验半径 0.19877 → 剪枝 0.00%（FN 0）
  B=6  rot=无   ε max 0.43397 | 可证剪枝 0.00%（FN 0） | 经验半径 0.19002 → 剪枝 0.01%（FN 0）
  B=8  rot=无   ε max 0.42751 | 可证剪枝 0.00%（FN 0） | 经验半径 0.18554 → 剪枝 0.02%（FN 0）
  B=1  rot=有   ε max 0.63721 | 可证剪枝 0.00%（FN 0） | 经验半径 0.30455 → 剪枝 0.00%（FN 0）
  B=2  rot=有   ε max 0.37347 | 可证剪枝 0.00%（FN 0） | 经验半径 0.10551 → 剪枝 1.34%（FN 0）
  B=3  rot=有   ε max 0.21763 | 可证剪枝 0.00%（FN 0） | 经验半径 0.03961 → 剪枝 92.02%（FN 0）
  B=4  rot=有   ε max 0.13941 | 可证剪枝 5.11%（FN 0） | 经验半径 0.01490 → 剪枝 99.81%（FN 0）
  B=5  rot=有   ε max 0.08924 | 可证剪枝 72.41%（FN 0） | 经验半径 0.00653 → 剪枝 99.96%（FN 0）
  B=6  rot=有   ε max 0.07255 | 可证剪枝 97.91%（FN 0） | 经验半径 0.00300 → 剪枝 99.98%（FN 0）
  B=8  rot=有   ε max 0.04754 | 可证剪枝 99.95%（FN 0） | 经验半径 0.00091 → 剪枝 99.99%（FN 0）

  守卫3 逐候选剪枝零假阴性: 合计 0  PASS

### Phase 1 — ε(B) 曲线（每 B 取最优尺度，oracle 调优）

| B (bit/维) | 旋转 | 最优 c | ε mean | ε p95 | 实际误差 | 紧致度 | 编码 R@10 | ns/次 |
|---|---|---|---|---|---|---|---|---|
| 1 | 无 | 2.0 | 0.76961 | 0.80914 | 0.49916 | 0.649 | 31.40% | 40.8 |
| 2 | 无 | 2.0 | 0.63014 | 0.68989 | 0.38714 | 0.614 | 39.45% | 40.8 |
| 3 | 无 | 4.0 | 0.48776 | 0.54306 | 0.24696 | 0.506 | 52.45% | 38.1 |
| 4 | 无 | 4.0 | 0.38690 | 0.44449 | 0.18772 | 0.485 | 67.85% | 42.1 |
| 5 | 无 | 4.0 | 0.34962 | 0.40818 | 0.16793 | 0.480 | 74.30% | 39.7 |
| 6 | 无 | 4.0 | 0.33710 | 0.39593 | 0.16109 | 0.478 | 75.75% | 40.7 |
| 8 | 无 | 4.0 | 0.33098 | 0.38984 | 0.15738 | 0.475 | 76.45% | 43.2 |
| 1 | 有 | 2.0 | 0.59990 | 0.61456 | 0.25013 | 0.417 | 45.80% | 42.8 |
| 2 | 有 | 2.0 | 0.33881 | 0.35226 | 0.07749 | 0.229 | 70.55% | 39.3 |
| 3 | 有 | 2.5 | 0.19043 | 0.19999 | 0.02430 | 0.128 | 84.20% | 36.7 |
| 4 | 有 | 2.5 | 0.10324 | 0.11440 | 0.00672 | 0.065 | 90.55% | 37.5 |
| 5 | 有 | 3.0 | 0.05617 | 0.06233 | 0.00216 | 0.038 | 94.70% | 36.2 |
| 6 | 有 | 3.0 | 0.03013 | 0.03921 | 0.00074 | 0.025 | 96.90% | 36.4 |
| 8 | 有 | 3.5 | 0.00833 | 0.01042 | 0.00017 | 0.021 | 99.30% | 37.6 |

### Phase 2 — 可证安全剪枝（K=10）

| B | 旋转 | ε mean | **ε max** | ε p99.9 | 逐候选剪枝率 | 假阴性 | 均匀 ε*(≥50%) |
|---|---|---|---|---|---|---|---|
| 1 | 无 | 0.76961 | **0.84729** | 0.83175 | **0.00%** | 0 | 0.0450 |
| 2 | 无 | 0.63014 | **0.74035** | 0.72135 | **0.00%** | 0 | 0.0450 |
| 3 | 无 | 0.48776 | **0.58843** | 0.57149 | **0.00%** | 0 | 0.0450 |
| 4 | 无 | 0.38690 | **0.48660** | 0.47195 | **0.00%** | 0 | 0.0700 |
| 5 | 无 | 0.34962 | **0.44663** | 0.43482 | **0.00%** | 0 | 0.0700 |
| 6 | 无 | 0.33710 | **0.43397** | 0.42220 | **0.00%** | 0 | 0.0700 |
| 8 | 无 | 0.33098 | **0.42751** | 0.41598 | **0.00%** | 0 | 0.0700 |
| 1 | 有 | 0.59990 | **0.63721** | 0.62746 | **0.00%** | 0 | 0.0450 |
| 2 | 有 | 0.33881 | **0.37347** | 0.36422 | **0.00%** | 0 | 0.0450 |
| 3 | 有 | 0.19043 | **0.21763** | 0.21052 | **0.00%** | 0 | 0.0450 |
| 4 | 有 | 0.10324 | **0.13941** | 0.12748 | **5.11%** | 0 | 0.0450 |
| 5 | 有 | 0.05617 | **0.08924** | 0.07494 | **72.41%** | 0 | 0.0450 |
| 6 | 有 | 0.03013 | **0.07255** | 0.05632 | **97.91%** | 0 | 0.0450 |
| 8 | 有 | 0.00833 | **0.04754** | 0.02921 | **99.95%** | 0 | 0.0450 |

### 均匀 ε_u 剪枝率曲线（仅 ε_u ≥ 该配置 ε max 时 sound）

| B | 旋转 | ε max | 0.0005 | 0.0010 | 0.0020 | 0.0030 | 0.0050 | 0.0080 | 0.0120 | 0.0180 | 0.0280 | 0.0450 | 0.0700 | 0.1100 | 0.1700 | 0.2500 | 0.3500 | 0.4500 | 0.5500 | 0.6500 | 0.8000 | 1.0000 | 1.5000 |
|---|---|---|---|---|---|---|---|---|---|---|---|---|---|---|---|---|---|---|---|---|---|---|---|
| 1 | 无 | 0.8473 | 100.0% | 100.0% | 100.0% | 100.0% | 100.0% | 99.9% | 99.8% | 99.0% | 92.9% | 52.8% | 4.6% | 0.0% | 0.0% | 0.0% | 0.0% | 0.0% | 0.0% | 0.0% | 0.0% | 0.0% | 0.0% |
| 2 | 无 | 0.7404 | 100.0% | 100.0% | 100.0% | 100.0% | 100.0% | 100.0% | 99.9% | 99.6% | 98.1% | 84.1% | 30.2% | 0.5% | 0.0% | 0.0% | 0.0% | 0.0% | 0.0% | 0.0% | 0.0% | 0.0% | 0.0% |
| 3 | 无 | 0.5884 | 100.0% | 100.0% | 100.0% | 100.0% | 100.0% | 100.0% | 99.9% | 99.7% | 98.6% | 88.3% | 39.1% | 0.9% | 0.0% | 0.0% | 0.0% | 0.0% | 0.0% | 0.0% | 0.0% | 0.0% | 0.0% |
| 4 | 无 | 0.4866 | 100.0% | 100.0% | 100.0% | 100.0% | 100.0% | 100.0% | 99.9% | 99.8% | 99.0% | 92.4% | 53.8% | 2.6% | 0.0% | 0.0% | 0.0% | 0.0% | 0.0% | 0.0% | 0.0% | 0.0% | 0.0% |
| 5 | 无 | 0.4466 | 100.0% | 100.0% | 100.0% | 100.0% | 100.0% | 100.0% | 99.9% | 99.8% | 99.1% | 93.2% | 57.5% | 3.4% | 0.0% | 0.0% | 0.0% | 0.0% | 0.0% | 0.0% | 0.0% | 0.0% | 0.0% |
| 6 | 无 | 0.4340 | 100.0% | 100.0% | 100.0% | 100.0% | 100.0% | 100.0% | 99.9% | 99.8% | 99.1% | 93.4% | 58.3% | 3.6% | 0.0% | 0.0% | 0.0% | 0.0% | 0.0% | 0.0% | 0.0% | 0.0% | 0.0% |
| 8 | 无 | 0.4275 | 100.0% | 100.0% | 100.0% | 100.0% | 100.0% | 100.0% | 99.9% | 99.8% | 99.1% | 93.4% | 58.6% | 3.7% | 0.0% | 0.0% | 0.0% | 0.0% | 0.0% | 0.0% | 0.0% | 0.0% | 0.0% |
| 1 | 有 | 0.6372 | 100.0% | 100.0% | 100.0% | 100.0% | 100.0% | 99.9% | 99.7% | 98.7% | 92.1% | 55.7% | 6.4% | 0.0% | 0.0% | 0.0% | 0.0% | 0.0% | 0.0% | 0.0% | 0.0% | 0.0% | 0.0% |
| 2 | 有 | 0.3735 | 100.0% | 100.0% | 100.0% | 100.0% | 100.0% | 99.9% | 99.9% | 99.5% | 97.4% | 81.6% | 31.7% | 0.7% | 0.0% | 0.0% | 0.0% | 0.0% | 0.0% | 0.0% | 0.0% | 0.0% | 0.0% |
| 3 | 有 | 0.2176 | 100.0% | 100.0% | 100.0% | 100.0% | 100.0% | 99.9% | 99.9% | 99.6% | 98.2% | 86.5% | 41.7% | 1.9% | 0.0% | 0.0% | 0.0% | 0.0% | 0.0% | 0.0% | 0.0% | 0.0% | 0.0% |
| 4 | 有 | 0.1394 | 100.0% | 100.0% | 100.0% | 100.0% | 100.0% | 99.9% | 99.9% | 99.7% | 98.3% | 87.6% | 44.5% | 2.5% | 0.0% | 0.0% | 0.0% | 0.0% | 0.0% | 0.0% | 0.0% | 0.0% | 0.0% |
| 5 | 有 | 0.0892 | 100.0% | 100.0% | 100.0% | 100.0% | 100.0% | 99.9% | 99.9% | 99.7% | 98.3% | 87.9% | 45.4% | 2.7% | 0.0% | 0.0% | 0.0% | 0.0% | 0.0% | 0.0% | 0.0% | 0.0% | 0.0% |
| 6 | 有 | 0.0726 | 100.0% | 100.0% | 100.0% | 100.0% | 100.0% | 99.9% | 99.9% | 99.7% | 98.3% | 88.0% | 45.7% | 2.7% | 0.0% | 0.0% | 0.0% | 0.0% | 0.0% | 0.0% | 0.0% | 0.0% | 0.0% |
| 8 | 有 | 0.0475 | 100.0% | 100.0% | 100.0% | 100.0% | 100.0% | 99.9% | 99.9% | 99.7% | 98.4% | 88.1% | 45.9% | 2.8% | 0.0% | 0.0% | 0.0% | 0.0% | 0.0% | 0.0% | 0.0% | 0.0% | 0.0% |

### Phase 3 — 经验校正半径下的剪枝 ⚠️ ORACLE 校准

半径由**真实误差** |est−true| 的 p99.9 导出，部署时不可得 —— 本表只用于度量
『界到底比实际误差松多少』（界/经验 比值列），据此估算可收紧空间。可部署替代
方案：用 ε 自身分布的分位 × 校准系数，系数须在索引期以库内向量自标定。

| B | 旋转 | ε max（可证） | **界/经验 比值** | 经验半径 p99.9 | 经验剪枝率 | 经验假阴性 |
|---|---|---|---|---|---|---|
| 1 | 无 | 0.84729 | 1.5× | 0.57945 | **0.00%** | 0 |
| 2 | 无 | 0.74035 | 1.6× | 0.45638 | **0.00%** | 0 |
| 3 | 无 | 0.58843 | 2.0× | 0.30065 | **0.00%** | 0 |
| 4 | 无 | 0.48660 | 2.2× | 0.22469 | **0.00%** | 0 |
| 5 | 无 | 0.44663 | 2.2× | 0.19877 | **0.00%** | 0 |
| 6 | 无 | 0.43397 | 2.3× | 0.19002 | **0.01%** | 0 |
| 8 | 无 | 0.42751 | 2.3× | 0.18554 | **0.02%** | 0 |
| 1 | 有 | 0.63721 | 2.1× | 0.30455 | **0.00%** | 0 |
| 2 | 有 | 0.37347 | 3.5× | 0.10551 | **1.34%** | 0 |
| 3 | 有 | 0.21763 | 5.5× | 0.03961 | **92.02%** | 0 |
| 4 | 有 | 0.13941 | 9.4× | 0.01490 | **99.81%** | 0 |
| 5 | 有 | 0.08924 | 13.7× | 0.00653 | **99.96%** | 0 |
| 6 | 有 | 0.07255 | 24.2× | 0.00300 | **99.98%** | 0 |
| 8 | 有 | 0.04754 | 52.2× | 0.00091 | **99.99%** | 0 |

### 判定

  B=1  rot=无   | ε max 0.84729 | 可证剪枝 0.00% | sound 均匀 0.00% | 经验半径 0.57945 → 剪枝 0.00%（FN 0）
  B=2  rot=无   | ε max 0.74035 | 可证剪枝 0.00% | sound 均匀 0.00% | 经验半径 0.45638 → 剪枝 0.00%（FN 0）
  B=3  rot=无   | ε max 0.58843 | 可证剪枝 0.00% | sound 均匀 0.00% | 经验半径 0.30065 → 剪枝 0.00%（FN 0）
  B=4  rot=无   | ε max 0.48660 | 可证剪枝 0.00% | sound 均匀 0.00% | 经验半径 0.22469 → 剪枝 0.00%（FN 0）
  B=5  rot=无   | ε max 0.44663 | 可证剪枝 0.00% | sound 均匀 0.00% | 经验半径 0.19877 → 剪枝 0.00%（FN 0）
  B=6  rot=无   | ε max 0.43397 | 可证剪枝 0.00% | sound 均匀 0.00% | 经验半径 0.19002 → 剪枝 0.01%（FN 0）
  B=8  rot=无   | ε max 0.42751 | 可证剪枝 0.00% | sound 均匀 0.00% | 经验半径 0.18554 → 剪枝 0.02%（FN 0）
  B=1  rot=有   | ε max 0.63721 | 可证剪枝 0.00% | sound 均匀 0.00% | 经验半径 0.30455 → 剪枝 0.00%（FN 0）
  B=2  rot=有   | ε max 0.37347 | 可证剪枝 0.00% | sound 均匀 0.00% | 经验半径 0.10551 → 剪枝 1.34%（FN 0）
  B=3  rot=有   | ε max 0.21763 | 可证剪枝 0.00% | sound 均匀 0.00% | 经验半径 0.03961 → 剪枝 92.02%（FN 0）
  B=4  rot=有   | ε max 0.13941 | 可证剪枝 5.11%  ← 部分 | sound 均匀 0.00% | 经验半径 0.01490 → 剪枝 99.81%（FN 0）
  B=5  rot=有   | ε max 0.08924 | 可证剪枝 72.41%  ← 可行 | sound 均匀 2.69% | 经验半径 0.00653 → 剪枝 99.96%（FN 0）
  B=6  rot=有   | ε max 0.07255 | 可证剪枝 97.91%  ← 可行 | sound 均匀 2.75% | 经验半径 0.00300 → 剪枝 99.98%（FN 0）
  B=8  rot=有   | ε max 0.04754 | 可证剪枝 99.95%  ← 可行 | sound 均匀 45.86% | 经验半径 0.00091 → 剪枝 99.99%（FN 0）

  ── 结论 ──
  [A] 可证安全剪枝（严格，FN=0）
      ✓ 门槛 B = **5 bit/维**（BQ2 为 2 bit/维 → 码长需 **2.5×**）
          有旋转 B=5  ε max=0.08924  剪枝 72.41%
          有旋转 B=6  ε max=0.07255  剪枝 97.91%
          有旋转 B=8  ε max=0.04754  剪枝 99.95%
      理论外推（ε ∝ 2^(−B)，锚 B=1 无旋转 ε=0.7696）预测 B ≈ 4.1，实测 5 → 模型成立

  [B] 经验校正半径（放弃严格可证性，换取更低比特门槛）
      ✓ 门槛降至 B = **3 bit/维**
          有旋转 B=3  半径=0.03961  剪枝 92.02%（FN 0）
          有旋转 B=4  半径=0.01490  剪枝 99.81%（FN 0）
          有旋转 B=5  半径=0.00653  剪枝 99.96%（FN 0）
          有旋转 B=6  半径=0.00300  剪枝 99.98%（FN 0）
          有旋转 B=8  半径=0.00091  剪枝 99.99%（FN 0）
      ⚠ 该门槛依赖 ORACLE 校准（半径由真实误差导出）。可部署做法是用
        ε 分布的分位 × 校准系数，系数在索引期以库内向量自标定；
        届时保证是经验性的（非可证），需按目标漏检率留足余量。

  [C] 方向判定
      1. 旋转是 ε 收缩的前提。无旋转时均匀量化 + 全局尺度无法拟合尖峰分布，
         ε 在 B≥5 后饱和于 ~0.33（且最优尺度落在扫描边界 c=4.0，故其数值
         仅是上界，非最优）。有旋转时 ε 严格按 ~2^(−B) 下降：
         0.5999(B=1) → 0.0083(B=8)，衰减 72× / 2^7=128 ≈ 理论斜率。
      2. 可证剪枝的门槛是 B=5 bit/维（B=4 仅 5%，B=6 达 98%）。
         对比 BQ2 的 2 bit/维，代价是 2.5× 码长。
      3. 误差界本身很松：紧致度 0.02–0.13，界比实际误差宽 8–48×。
         故『经验校正半径』路线（[B]）门槛显著更低 —— 但失去可证性。
      4. 全部 14 个配置的逐候选剪枝假阴性为 0，判据推导与实现一致。
═══════════════════════════════════════════════════════════════════
