   Compiling triviumdb v0.8.8 (C:\Users\v_chchsli\Desktop\TriviumDB)
warning: linker stdout: 正在创建库 C:\Users\v_chchsli\Desktop\TriviumDB\target\release\deps\triviumdb.dll.lib 和对象 C:\Users\v_chchsli\Desktop\TriviumDB\target\release\deps\triviumdb.dll.exp
  |
  = note: `#[warn(linker_messages)]` on by default

warning: `triviumdb` (lib) generated 1 warning
    Finished `bench` profile [optimized] target(s) in 46.96s
     Running benches\bench_rbq2_equal_bits.rs (target\release\deps\bench_rbq2_equal_bits-1b7eed297978f195.exe)
═══════════════════════════════════════════════════════════════════
  RaBitQ vs BQ2 — 等比特公平对照 + 误差界统计（T1 基准修正）
═══════════════════════════════════════════════════════════════════
  修正2 归一化: 训练 100000 × 768, 查询 200；归一化前 ‖x‖ 变异系数 = 0.0436
  加载+归一化耗时 1.74s
  旋转耗时 0.06s (padded_dim=768, trunc_dim=512)
  编码耗时 0.12s

  ── RaBitQ 误差上界 ε(x) = sqrt(1 − ‖x_u‖₁²/D) ──
     ε(x): min=0.5614 mean=0.5999 max=0.6372
     逐向量因子 ‖x_u‖₁/D: mean=0.028867 变异系数=0.0084
     （归一化后因子仅 0.84% 漂移；原基准的 4.4% 漂移主要来自未归一化）

  ── 正确性守卫 ──
     误差界违例: 0 / 20000000 对  (PASS)
     安全剪枝: 平均剪掉 0.00% 候选，真实 Top-10 假阴性 0 个  (PASS)

═══════════════════════════════════════════════════════════════════
  Part A — 等比特公平对照（全部在 L2 归一化数据上）
═══════════════════════════════════════════════════════════════════
  ① 无旋转 1-bit sign 完成 (0.1s, 3.2 ns/call)  K=10 47.95%
  ② RaBitQ 1-bit 对称 完成 (0.9s, 43.8 ns/call)  K=10 40.75%
  ③ RaBitQ 1-bit 非对称(修正) 完成 (2.5s, 126.9 ns/call)  K=10 45.80%
  ④ BQ2 2-bit (= QuIVer 默认) 完成 (0.1s, 5.4 ns/call)  K=10 61.90%
  ⑤ BQ2 2-bit + 旋转 完成 (0.1s, 5.2 ns/call)  K=10 58.95%
  ⑥ 2-bit SQ + 旋转 完成 (0.1s, 7.1 ns/call)  K=10 41.60%

### Part A — 等比特公平对照（L2 归一化后）


| 方案 | bit/维 | 旋转 | K=1 | K=10 | K=100 | K=500 | ns/call |
|---|---|---|---|---|---|---|---|
| ① 无旋转 1-bit sign | 1 | 无 | 48.00% | 47.95% | 45.05% | 46.20% | 3.2 |
| ② RaBitQ 1-bit 对称 | 1 | 有 | 35.50% | 40.75% | 39.32% | 42.44% | 43.8 |
| ③ RaBitQ 1-bit 非对称(修正) | 1 | 有 | 41.50% | 45.80% | 46.25% | 49.14% | 126.9 |
| ④ BQ2 2-bit (= QuIVer 默认) | 2 | 无 | 66.00% | 61.90% | 58.97% | 59.21% | 5.4 |
| ⑤ BQ2 2-bit + 旋转 | 2 | 有 | 55.00% | 58.95% | 57.97% | 60.73% | 5.2 |
| ⑥ 2-bit SQ + 旋转 | 2 | 有 | 45.50% | 41.60% | 41.63% | 44.03% | 7.1 |

### 组内对照 —— 同比特预算下『旋转』的净贡献（K=10）

| bit/维 | 无旋转 | 有旋转 | 旋转净增益 |
|---|---|---|---|
| 1 | ① 47.95% | ③ 45.80% | **-2.15pp** |
| 2 | ④ 61.90% | ⑤ 58.95% | **-2.95pp** |

### 误差界统计（T1 新命题的基础）

| 量 | 值 |
|---|---|
| ε(x) 上界 min / mean / max | 0.5614 / 0.5999 / 0.6372 |
  误差界: ε mean=0.5999; 安全剪枝潜力 0.00%
═══════════════════════════════════════════════════════════════════
| 逐向量因子 ‖x_u‖₁/D 变异系数 | 0.0084 |
| 误差界违例 | 0 / 20000000（PASS） |
| 安全剪枝潜力 | 平均剪掉 0.00% 候选，Top-10 假阴性 0（PASS） |
