   Compiling triviumdb v0.8.8 (C:\Users\v_chchsli\Desktop\TriviumDB)
warning: linker stdout: 正在创建库 C:\Users\v_chchsli\Desktop\TriviumDB\target\release\deps\triviumdb.dll.lib 和对象 C:\Users\v_chchsli\Desktop\TriviumDB\target\release\deps\triviumdb.dll.exp
  |
  = note: `#[warn(linker_messages)]` on by default

warning: `triviumdb` (lib) generated 1 warning
    Finished `bench` profile [optimized] target(s) in 40.61s
     Running benches\bench_alpha_mechanism.rs (target\release\deps\bench_alpha_mechanism-948c05129b578d06.exe)
═══════════════════════════════════════════════════════════════
  α 机理消融 — Layer-0 图拓扑质量  (dim=768, m=32, ef_c=128)
═══════════════════════════════════════════════════════════════
  数据: 1000000 × 768, 查询 1000, GT K=1000  (加载+单位化 1.7s)
  α=1     构建   43.3s  度数 64.0(64-64)  cos边长 mean 0.0715 p90 0.2173  BQ边长 mean 1073.74 p90 2125.00  严格违规 93.3%  离散度 0.1930  可达 100.00%  贪心 44.6%/5.1跳
         Recall@10:  ef=32 91.50%   ef=64 96.26%   ef=128 98.56%
  α=1.05  构建   60.8s  度数 64.0(64-64)  cos边长 mean 0.0689 p90 0.2103  BQ边长 mean 1073.74 p90 2115.00  严格违规 96.8%  离散度 0.1813  可达 99.97%  贪心 31.6%/4.8跳
         Recall@10:  ef=32 88.53%   ef=64 95.09%   ef=128 97.66%
  α=1.1   构建   47.8s  度数 64.0(64-64)  cos边长 mean 0.0688 p90 0.2099  BQ边长 mean 1073.74 p90 2114.00  严格违规 97.0%  离散度 0.1804  可达 99.92%  贪心 30.4%/4.8跳
         Recall@10:  ef=32 87.45%   ef=64 94.72%   ef=128 97.61%
  α=1.15  构建   51.3s  度数 64.0(64-64)  cos边长 mean 0.0688 p90 0.2099  BQ边长 mean 1073.74 p90 2114.00  严格违规 97.0%  离散度 0.1803  可达 99.92%  贪心 30.4%/4.8跳
         Recall@10:  ef=32 87.35%   ef=64 94.62%   ef=128 97.52%
  α=1.2   构建   51.6s  度数 64.0(64-64)  cos边长 mean 0.0688 p90 0.2099  BQ边长 mean 1073.74 p90 2114.00  严格违规 97.0%  离散度 0.1803  可达 99.92%  贪心 31.0%/4.8跳
         Recall@10:  ef=32 87.40%   ef=64 94.62%   ef=128 97.55%
  α=1.25  构建   53.7s  度数 64.0(64-64)  cos边长 mean 0.0688 p90 0.2099  BQ边长 mean 1073.74 p90 2114.00  严格违规 97.0%  离散度 0.1803  可达 99.92%  贪心 29.8%/4.8跳
         Recall@10:  ef=32 87.23%   ef=64 94.73%   ef=128 97.57%


| α | 构建(s) | 度 | cos边长mean | cos边长p90 | BQ边长mean | BQ边长p90 | 严格违规 | 自身违规 | 离散度 | 可达 | 贪心/跳 | R@10(32) | R@10(64) | R@10(128) |
───────────────────────────────────────────────────────────────
  机理判定
───────────────────────────────────────────────────────────────
═══════════════════════════════════════════════════════════════
|---|---|---|---|---|---|---|---|---|---|---|---|---|---|---|
| 1.00 | 43.3 | 64(64-64) | 0.0715 | 0.2173 | 1073.7 | 2125.0 | 93.3% | 93.3% | 0.1930 | 100.00% | 44.6%/5.1 | 91.50% | 96.26% | 98.56% |
| 1.05 | 60.8 | 64(64-64) | 0.0689 | 0.2103 | 1073.7 | 2115.0 | 96.8% | 98.3% | 0.1813 | 99.97% | 31.6%/4.8 | 88.53% | 95.09% | 97.66% |
| 1.10 | 47.8 | 64(64-64) | 0.0688 | 0.2099 | 1073.7 | 2114.0 | 97.0% | 99.1% | 0.1804 | 99.92% | 30.4%/4.8 | 87.45% | 94.72% | 97.61% |
| 1.15 | 51.3 | 64(64-64) | 0.0688 | 0.2099 | 1073.7 | 2114.0 | 97.0% | 99.4% | 0.1803 | 99.92% | 30.4%/4.8 | 87.35% | 94.62% | 97.52% |
| 1.20 | 51.6 | 64(64-64) | 0.0688 | 0.2099 | 1073.7 | 2114.0 | 97.0% | 99.6% | 0.1803 | 99.92% | 31.0%/4.8 | 87.40% | 94.62% | 97.55% |
| 1.25 | 53.7 | 64(64-64) | 0.0688 | 0.2099 | 1073.7 | 2114.0 | 97.0% | 99.7% | 0.1803 | 99.92% | 29.8%/4.8 | 87.23% | 94.73% | 97.57% |

  α=1.0 vs α=1.2:
    平均边长差  +0.00272  (0.0688 → 0.0715，相对 +3.95%)
    cos 边长 p50/p90 差 +0.00447 / +0.00740  (p50 0.1548 → 0.1593)
    邻域离散度  +0.01270  (0.1803 → 0.1930)
    可达率差    +0.0824%  → 连通性无法解释差异
    Recall@10  91.50% vs 87.40%  差 +4.10pp
    贪心可导航  44.6% vs 31.0%  (差 +13.60pp)
    严格违规    93.3% vs 97.0%  自身违规 93.3% vs 99.6%
    BQ 边长 mean/p50 差 +0.00 / +10.00  (mean 1073.7 → 1073.7，相对 +0.00%)   ← 图在 BQ 空间做剪枝决策

  假设判定（α=1.0 相对 α=1.2）:
    BQ  空间边长更短         = 不成立
    cos 空间边长更短         = 不成立
    邻居更分散（多样性↑）    = 成立
    邻居冗余更低（严格违规↓）= 成立
    贪心可导航性更好         = 成立
    Recall@10 更高           = 成立

  → 因果链成立：邻居离散度 +0.0127、严格违规 97.0% → 93.3%（冗余下降）
     → 贪心可导航性 +13.6pp → Recall@10(ef=32) +4.10pp

  cos 与 BQ 空间方向一致，无度量错配迹象。
