   Compiling triviumdb v0.8.8 (C:\Users\v_chchsli\Desktop\TriviumDB)
warning: linker stdout: 正在创建库 C:\Users\v_chchsli\Desktop\TriviumDB\target\release\deps\triviumdb.dll.lib 和对象 C:\Users\v_chchsli\Desktop\TriviumDB\target\release\deps\triviumdb.dll.exp
  |
  = note: `#[warn(linker_messages)]` on by default

warning: `triviumdb` (lib) generated 1 warning
    Finished `bench` profile [optimized] target(s) in 47.65s
     Running benches\bench_recall_at_k.rs (target\release\deps\bench_recall_at_k-1aa7e9ebd58fb94b.exe)
======================================================================
Recall@K 多维度测试
参数: m=32, ef_c=128, α=1.2 (标准配置)
======================================================================

加载完成! 1000000 x 768 训练集, 1000 测试集, GT K=1000, 耗时 1.96s

构建 QuIVer 索引 (m=32, ef_c=128, α=1.2)...
构建完成! 耗时 36.9s (27115 vecs/s)

Hot 内存: 675 MB

ef               R@1       QPS@1        R@10      QPS@10       R@100     QPS@100       R@500     QPS@500
--------------------------------------------------------------------------------------------------------
8             67.40%      248423      55.20%      215346      62.22%       38315      57.55%        8811
16            82.80%      152325      72.66%      159987      62.22%       37582      57.55%        9004
32            90.10%       98319      87.09%       95382      62.22%       40085      57.55%        8860
64            96.10%       57871      94.69%       56779      62.22%       38568      57.55%        8861
128           98.00%       31879      97.52%       32280      69.37%       31880      57.55%        8944
256           98.60%       17020      98.86%       16248      84.39%       16062      57.55%        8598
512           99.40%        8853      99.51%        8637      92.95%        8138      58.22%        8347
768           99.80%        5872      99.74%        5939      95.76%        5843      69.29%        5590
1024          99.80%        4350      99.78%        4135      97.11%        4085      76.23%        4335
1536         100.00%        3029      99.93%        3087      98.42%        3011      84.35%        2947
2048         100.00%        2371      99.93%        2440      98.99%        2379      88.78%        2411

======================================================================
测试完成!
======================================================================
