
======================================================================
  守卫：分析式 vs 6 类权重公式（512 对，dim=128）
======================================================================
  (a) cheap  分析式 vs 位运算  最大差 = 0
  (b) weighted 分析式 vs 6 类权重 最大差 = 0.0
  (c) 全非负退化恒等式（256 对）最大差 = 0.0
  守卫总判定: PASS ⇒ 分析式与 src/index/bq.rs 逐位一致

======================================================================
  守卫：分析式 vs 6 类权重公式（512 对，dim=960）
======================================================================
  (a) cheap  分析式 vs 位运算  最大差 = 0
  (b) weighted 分析式 vs 6 类权重 最大差 = 0.0
  (c) 全非负退化恒等式（256 对）最大差 = 0.0
  守卫总判定: PASS ⇒ 分析式与 src/index/bq.rs 逐位一致

======================================================================
  gist960  dim=960  BQ2 码分辨力
======================================================================
  口径守卫 cosine≤1: max=0.935145 PASS
  负值占比 = 0.000000   零值占比 = 0.000035
  pos  平面: 位密度=1.0000  随机对 Hamming 率=0.0000  （0=零信息，0.5=满信息）
  strong 平面: 位密度=0.4029  随机对 Hamming 率=0.4621
  全严格正（无零无负）向量占比 = 0.9997
  strong 位计数 |h| = 386.8 ± 32.2  (min 0 / max 536)
C:\Users\v_chchsli\Desktop\TriviumDB\scripts\research\bq2_code_ceiling.py:241: RuntimeWarning: invalid value encountered in divide
  aniso = float((np.abs(tr).sum(1) / np.linalg.norm(tr, axis=1)).mean())
  各向异性 ‖x‖₁/‖x‖₂ = nan  (√dim=30.984)
  ★ 有效 bit/维 ≈ 1.0
  ★ cheap 口径 code_oracle@128 =  21.65%   vs bench R@10 =   2.79%   差 = +18.86pp
  code_oracle@128  cheap =  21.65%   weighted =   2.97%
  code_oracle@1024 cheap =  48.76%   weighted =  12.59%
  （仅码、无 f32 精排）top-10 cheap = 6.04%   weighted = 0.65%

======================================================================
  汇总（markdown）
======================================================================
| 数据集 | dim | 负值占比 | pos 平面 Hamming 率 | 有效bit/维 | code_oracle@128(cheap) | code_oracle@1024(cheap) | bench R@10@128 |
|---|---|---|---|---|---|---|---|
| gist960 | 960 | 0.00000 | 0.0000 | 1.0 | 21.65% | 48.76% | 2.79% |
