  pos  平面: 位密度=0.7701  随机对 Hamming 率=0.3410  （0=零信息，0.5=满信息）
  strong 平面: 位密度=0.3130  随机对 Hamming 率=0.4011
  全严格正（无零无负）向量占比 = 0.0006
  strong 位计数 |h| = 40.1 ± 5.2  (min 15 / max 62)
  各向异性 ‖x‖₁/‖x‖₂ = 6.699  (√dim=11.314)
  ★ 有效 bit/维 ≈ 2.0
  ★ cheap 口径 code_oracle@128 =  30.15%   vs bench R@10 =  21.83%   差 = +8.32pp
  code_oracle@128  cheap =  30.15%   weighted =   9.97%
  code_oracle@1024 cheap =  58.64%   weighted =  24.14%
  （仅码、无 f32 精排）top-10 cheap = 10.03%   weighted = 3.11%

======================================================================
  gist960c  dim=960  BQ2 码分辨力
======================================================================
  口径守卫 cosine≤1: max=0.840515 PASS
  负值占比 = 0.579369   零值占比 = 0.000000
  pos  平面: 位密度=0.4206  随机对 Hamming 率=0.4872  （0=零信息，0.5=满信息）
  strong 平面: 位密度=0.4087  随机对 Hamming 率=0.4676
  全严格正（无零无负）向量占比 = 0.0000
  strong 位计数 |h| = 392.4 ± 21.2  (min 215 / max 587)
  各向异性 ‖x‖₁/‖x‖₂ = 23.616  (√dim=30.984)
  ★ 有效 bit/维 ≈ 2.0
  ★ cheap 口径 code_oracle@128 =  69.32%   vs bench R@10 =  51.96%   差 = +17.36pp
  code_oracle@128  cheap =  69.32%   weighted =  76.87%
  code_oracle@1024 cheap =  93.16%   weighted =  96.69%
  （仅码、无 f32 精排）top-10 cheap = 25.18%   weighted = 30.15%

======================================================================
  sift128c  dim=128  BQ2 码分辨力
======================================================================
  口径守卫 cosine≤1: max=0.982471 PASS
  负值占比 = 0.660478   零值占比 = 0.000000
  pos  平面: 位密度=0.3395  随机对 Hamming 率=0.4439  （0=零信息，0.5=满信息）
  strong 平面: 位密度=0.3612  随机对 Hamming 率=0.3118
  全严格正（无零无负）向量占比 = 0.0000
  strong 位计数 |h| = 46.2 ± 3.2  (min 30 / max 62)
  各向异性 ‖x‖₁/‖x‖₂ = 8.632  (√dim=11.314)
  ★ 有效 bit/维 ≈ 2.0
  ★ cheap 口径 code_oracle@128 =  62.91%   vs bench R@10 =  44.16%   差 = +18.75pp
  code_oracle@128  cheap =  62.91%   weighted =  65.61%
  code_oracle@1024 cheap =  90.35%   weighted =  93.62%
  （仅码、无 f32 精排）top-10 cheap = 23.66%   weighted = 22.29%

======================================================================
  gist960k128  dim=128  BQ2 码分辨力
======================================================================
  口径守卫 cosine≤1: max=0.965863 PASS
  负值占比 = 0.000000   零值占比 = 0.000040
  pos  平面: 位密度=1.0000  随机对 Hamming 率=0.0000  （0=零信息，0.5=满信息）
  strong 平面: 位密度=0.4117  随机对 Hamming 率=0.4658
  全严格正（无零无负）向量占比 = 0.9998
  strong 位计数 |h| = 52.7 ± 5.8  (min 0 / max 91)
C:\Users\v_chchsli\Desktop\TriviumDB\scripts\research\bq2_code_ceiling.py:267: RuntimeWarning: invalid value encountered in divide
  aniso = float((np.abs(tr).sum(1) / np.linalg.norm(tr, axis=1)).mean())
  各向异性 ‖x‖₁/‖x‖₂ = nan  (√dim=11.314)
  ★ 有效 bit/维 ≈ 1.0
  ★ cheap 口径 code_oracle@128 =  16.65%   vs bench R@10 =   1.61%   差 = +15.04pp
  code_oracle@128  cheap =  16.65%   weighted =   1.18%
  code_oracle@1024 cheap =  41.34%   weighted =   5.76%
  （仅码、无 f32 精排）top-10 cheap = 4.41%   weighted = 0.06%

======================================================================
  汇总（markdown）
======================================================================
| 数据集 | dim | 负值占比 | pos 平面 Hamming 率 | 有效bit/维 | code_oracle@128(cheap) | code_oracle@1024(cheap) | bench R@10@128 |
|---|---|---|---|---|---|---|---|
| sift128 | 128 | 0.00000 | 0.3410 | 2.0 | 30.15% | 58.64% | 21.83% |
| gist960c | 960 | 0.57937 | 0.4872 | 2.0 | 69.32% | 93.16% | 51.96% |
| sift128c | 128 | 0.66048 | 0.4439 | 2.0 | 62.91% | 90.35% | 44.16% |
| gist960k128 | 128 | 0.00000 | 0.0000 | 1.0 | 16.65% | 41.34% | 1.61% |
