warning: linker stdout: 正在创建库 C:\Users\v_chchsli\Desktop\TriviumDB\target\release\deps\triviumdb.dll.lib 和对象 C:\Users\v_chchsli\Desktop\TriviumDB\target\release\deps\triviumdb.dll.exp
  |
  = note: `#[warn(linker_messages)]` on by default

warning: `triviumdb` (lib) generated 1 warning
    Finished `bench` profile [optimized] target(s) in 0.26s
     Running benches\bench_t2_b2_partitioned.rs (target\release\deps\bench_t2_b2_partitioned-60166ac12225c98c.exe)
═══════════════════════════════════════════════════════════════════
  T2 B2-0 — ef_construction 扫描（平凡对照，零代码）
  数据集=cohere dim=768  臂 = [128, 64, 32, 16]   m=32 m0=64 alpha=1.2
═══════════════════════════════════════════════════════════════════
  守卫G5 随机注入量恒为 128（对全部臂）PASS
  数据集 cohere  数据 1000000 × 768，查询 1000，GT K=1000；加载+归一化 1.61s

  ── 臂 ef_construction=128 ──
    建图 36.46s  27425 vec/s  avg_deg_l0=64.0  Hot 675 MiB
    ef_search=64    R@10  94.75%      58946 QPS
    ef_search=128   R@10  97.52%      31276 QPS
    ef_search=256   R@10  98.85%      17021 QPS
    ef_search=512   R@10  99.53%       8777 QPS
    ef_search=1024  R@10  99.78%       4609 QPS
    L0 指纹 0x6be65036f2dc98e7 / 64000000 边

  ── 臂 ef_construction=64 ──
    建图 23.99s  41683 vec/s  avg_deg_l0=64.0  Hot 675 MiB
    ef_search=64    R@10  94.67%      61568 QPS
    ef_search=128   R@10  97.19%      30749 QPS
    ef_search=256   R@10  98.61%      16862 QPS
    ef_search=512   R@10  99.45%       8707 QPS
    ef_search=1024  R@10  99.70%       4596 QPS
    L0 指纹 0x4cce59b8713dabfb / 64000000 边

  ── 臂 ef_construction=32 ──
    建图 19.95s  50124 vec/s  avg_deg_l0=64.0  Hot 675 MiB
    ef_search=64    R@10  93.59%      51270 QPS
    ef_search=128   R@10  96.36%      27975 QPS
    ef_search=256   R@10  98.24%      14800 QPS
    ef_search=512   R@10  98.99%       7510 QPS
    ef_search=1024  R@10  99.56%       3892 QPS
    L0 指纹 0x94a5f4722ccb6339 / 64000000 边

  ── 臂 ef_construction=16 ──
    建图 16.60s  60248 vec/s  avg_deg_l0=64.0  Hot 675 MiB
    ef_search=64    R@10  88.09%      41531 QPS
    ef_search=128   R@10  92.29%      23272 QPS
    ef_search=256   R@10  95.45%      11592 QPS
    ef_search=512   R@10  97.28%       5909 QPS
    ef_search=1024  R@10  98.52%       3123 QPS
    L0 指纹 0x4447d81dd83b88d7 / 64000000 边

  ── 守卫 ──
  守卫G1 基线同进程复现: ef_c=128/ef_s=128 → 97.52% vs 冻结 97.55% （偏差 0.03pp）PASS
  守卫G-det 正在背靠背重复建图（ef_c=128）×2 并各自测召回 ...
    rep0: 指纹 0xa63b8df24cc397d1  R@10 97.53%
    rep1: 指纹 0xc4c462537da30b09  R@10 97.54%
  守卫G-det 背靠背两次: 指纹不同 ⚠️（，且与臂1不同）
  守卫G-det 非确定性对召回的影响: 97.53% vs 97.54%（极差 0.01pp）→ 质量等价（边集不同但召回稳定）

═══════════════════════════════════════════════════════════════════
  B2-0 判定：ef_construction 能否独自达到成本-质量点
═══════════════════════════════════════════════════════════════════
  P1 门槛 = 基线 97.52% − 1pp = 96.52%

  ef_c=128  建图  36.46s（ 1.00×）  R@10(ef_s=128)  97.52%  门槛达标 ✅
  ef_c=64   建图  23.99s（ 0.66×）  R@10(ef_s=128)  97.19%  门槛达标 ✅
  ef_c=32   建图  19.95s（ 0.55×）  R@10(ef_s=128)  96.36%  门槛未达 ❌
  ef_c=16   建图  16.60s（ 0.46×）  R@10(ef_s=128)  92.29%  门槛未达 ❌

  ── 固定成本地板 ──
  ef_c=16 墙钟 16.60s = **0.46×** 基线（候选获取即使完全免费也不可能低于此值；真实地板只会更低）。

  ★ **平凡解已达成 P3**：ef_c=64 → R@10 97.19%（P1 门槛 96.52%）且建图 **0.66×**（P2 需 ≤0.70×）。
     ⇒ PiPNN 必须**击败这个平凡解**，而可争夺的空间只有 0.66× → 地板 0.46×，即 **1.45×**。
     ⇒ 且 PiPNN 自己的候选获取成本（设计文档 §1.2：池扫描 2.4×）必须在这 1.45× 里支付。

  ⚠️ 守卫G-det：并发建图的**边集不可逐位复现**，但召回极差 0.01pp ⇒ 质量等价。
     ⇒ **召回级**结论稳定可比；**图结构级**结论须视为单次采样估计。

### T2 B2-0：`ef_construction` 扫描（cohere 1000000 × 768，m=32，α=1.2，同一进程）

| ef_c | 建图(s) | 相对基线 | R@10@ef_s=64 | R@10@ef_s=128 | R@10@ef_s=256 | R@10@ef_s=512 | R@10@ef_s=1024 |
|---|---|---|---|---|---|---|---|
| 128 | 36.46 | 1.00× | 94.75% | 97.52% | 98.85% | 99.53% | 99.78% |
| 64 | 23.99 | 0.66× | 94.67% | 97.19% | 98.61% | 99.45% | 99.70% |
| 32 | 19.95 | 0.55× | 93.59% | 96.36% | 98.24% | 98.99% | 99.56% |
| 16 | 16.60 | 0.46× | 88.09% | 92.29% | 95.45% | 97.28% | 98.52% |
═══════════════════════════════════════════════════════════════════
