  gist960          dim=960   sign_info=0.000/0.000 ‖μ‖=0.868 可分=+0.165 probe10=  0.4% probe_ef=  2.3% 实测@128= 2.81%  ① 强制去均值（符号平面整体退化）
  gist960k768      dim=768   sign_info=0.000/0.000 ‖μ‖=0.869 可分=+0.143 probe10=  0.5% probe_ef=  2.6% 实测@128= 2.84%  ① 强制去均值（符号平面整体退化）
  gist960k512      dim=512   sign_info=0.000/0.000 ‖μ‖=0.873 可分=+0.157 probe10=  0.9% probe_ef=  2.8% 实测@128= 2.49%  ① 强制去均值（符号平面整体退化）
  gist960k256      dim=256   sign_info=0.000/0.000 ‖μ‖=0.879 可分=+0.159 probe10=  0.4% probe_ef=  2.2% 实测@128= 2.08%  ① 强制去均值（符号平面整体退化）
  gist960k128      dim=128   sign_info=0.000/0.000 ‖μ‖=0.886 可分=+0.129 probe10=  0.1% probe_ef=  1.6% 实测@128= 1.61%  ① 强制去均值（符号平面整体退化）
  gist960c         dim=960   sign_info=0.981/0.962 ‖μ‖=0.024 可分=+0.347 probe10= 26.7% probe_ef= 70.7% 实测@128=51.96%  ④ BQ-native 可用（竞争力另需竞品曲线）
  sift128          dim=128   sign_info=0.000/0.000 ‖μ‖=0.650 可分=+0.114 probe10=  3.6% probe_ef= 10.6% 实测@128=21.88%  ① 强制去均值（符号平面整体退化）
  sift128c         dim=128   sign_info=0.918/0.843 ‖μ‖=0.012 可分=+0.112 probe10= 21.6% probe_ef= 65.5% 实测@128=44.16%  ④ BQ-native 可用（竞争力另需竞品曲线）
  glove100         dim=100   sign_info=0.946/0.439 ‖μ‖=0.355 可分=+0.749 probe10= 18.9% probe_ef= 45.1% 实测@128=45.60%  ② 建议去均值（移位量可观且有余量）
  glove100c        dim=100   sign_info=1.000/0.993 ‖μ‖=0.009 可分=+0.825 probe10= 20.0% probe_ef= 45.6% 实测@128=49.01%  ③ 改用 float32（码判别力不足）
  cohere           dim=768   sign_info=0.747/0.000 ‖μ‖=0.834 可分=+0.729 probe10= 68.6% probe_ef= 98.8% 实测@128=97.51%  ④ BQ-native 可用（竞争力另需竞品曲线）
  coherec          dim=768   sign_info=1.000/0.997 ‖μ‖=0.013 可分=+1.663 probe10= 70.5% probe_ef= 99.2% 实测@128=97.25%  ④ BQ-native 可用（竞争力另需竞品曲线）
  coherek128       dim=128   sign_info=0.728/0.000 ‖μ‖=0.684 可分=+0.690 probe10= 33.0% probe_ef= 69.8% 实测@128=72.30%  ② 建议去均值（移位量可观且有余量）
  cohere960pad     dim=960   sign_info=0.597/0.000 ‖μ‖=0.834 可分=+0.808 probe10= 67.1% probe_ef= 98.7% 实测@128=97.11%  ④ BQ-native 可用（竞争力另需竞品曲线）
  wolt_clip        dim=512   sign_info=0.836/0.000 ‖μ‖=0.797 可分=+0.573 probe10= 59.7% probe_ef= 86.7% 实测@128=77.73%  ② 建议去均值（移位量可观且有余量）
  wolt_clipc       dim=512   sign_info=0.999/0.990 ‖μ‖=0.025 可分=+0.924 probe10= 63.3% probe_ef= 89.5% 实测@128=82.19%  ④ BQ-native 可用（竞争力另需竞品曲线）
  random           dim=768   sign_info=0.981/0.842 ‖μ‖=0.204 可分=+0.414 probe10= 33.2% probe_ef= 83.5% 实测@128=59.08%  ④ BQ-native 可用（竞争力另需竞品曲线）
  randomc          dim=768   sign_info=1.000/0.999 ‖μ‖=0.007 可分=+0.447 probe10= 32.6% probe_ef= 82.5% 实测@128=60.28%  ④ BQ-native 可用（竞争力另需竞品曲线）
  sphere           dim=768   sign_info=1.000/1.000 ‖μ‖=0.001 可分=+0.619 probe10=  0.6% probe_ef=  4.7% 实测@128= 0.91%  ③ 改用 float32（码判别力不足）
  spherec          dim=768   sign_info=1.000/1.000 ‖μ‖=0.000 可分=+0.578 probe10=  1.2% probe_ef=  5.8% 实测@128= 1.11%  ③ 改用 float32（码判别力不足）
  gauss960         dim=960   sign_info=1.000/1.000 ‖μ‖=0.001 可分=+0.618 probe10=  1.1% probe_ef=  5.0% 实测@128= 0.83%  ③ 改用 float32（码判别力不足）
  gauss960plant    dim=960   sign_info=1.000/1.000 ‖μ‖=0.001 可分=+4.075 probe10=100.0% probe_ef=100.0% 实测@128=100.00%  ④ BQ-native 可用（竞争力另需竞品曲线）

================================================================================================================
  markdown
================================================================================================================
| 臂 | dim | sign_info mean/min | ‖μ‖ | 可分性 | probe10 | probe_ef | 实测 R@10@128 | 判据 |
|---|---|---|---|---|---|---|---|---|
| gist960 | 960 | 0.000/0.000 | 0.868 | +0.165 | 0.4% | 2.3% | 2.81% | ① 强制去均值（符号平面整体退化） |
| gist960k768 | 768 | 0.000/0.000 | 0.869 | +0.143 | 0.5% | 2.6% | 2.84% | ① 强制去均值（符号平面整体退化） |
| gist960k512 | 512 | 0.000/0.000 | 0.873 | +0.157 | 0.9% | 2.8% | 2.49% | ① 强制去均值（符号平面整体退化） |
| gist960k256 | 256 | 0.000/0.000 | 0.879 | +0.159 | 0.4% | 2.2% | 2.08% | ① 强制去均值（符号平面整体退化） |
| gist960k128 | 128 | 0.000/0.000 | 0.886 | +0.129 | 0.1% | 1.6% | 1.61% | ① 强制去均值（符号平面整体退化） |
| gist960c | 960 | 0.981/0.962 | 0.024 | +0.347 | 26.7% | 70.7% | 51.96% | ④ BQ-native 可用（竞争力另需竞品曲线） |
| sift128 | 128 | 0.000/0.000 | 0.650 | +0.114 | 3.6% | 10.6% | 21.88% | ① 强制去均值（符号平面整体退化） |
| sift128c | 128 | 0.918/0.843 | 0.012 | +0.112 | 21.6% | 65.5% | 44.16% | ④ BQ-native 可用（竞争力另需竞品曲线） |
| glove100 | 100 | 0.946/0.439 | 0.355 | +0.749 | 18.9% | 45.1% | 45.60% | ② 建议去均值（移位量可观且有余量） |
| glove100c | 100 | 1.000/0.993 | 0.009 | +0.825 | 20.0% | 45.6% | 49.01% | ③ 改用 float32（码判别力不足） |
| cohere | 768 | 0.747/0.000 | 0.834 | +0.729 | 68.6% | 98.8% | 97.51% | ④ BQ-native 可用（竞争力另需竞品曲线） |
| coherec | 768 | 1.000/0.997 | 0.013 | +1.663 | 70.5% | 99.2% | 97.25% | ④ BQ-native 可用（竞争力另需竞品曲线） |
| coherek128 | 128 | 0.728/0.000 | 0.684 | +0.690 | 33.0% | 69.8% | 72.30% | ② 建议去均值（移位量可观且有余量） |
| cohere960pad | 960 | 0.597/0.000 | 0.834 | +0.808 | 67.1% | 98.7% | 97.11% | ④ BQ-native 可用（竞争力另需竞品曲线） |
| wolt_clip | 512 | 0.836/0.000 | 0.797 | +0.573 | 59.7% | 86.7% | 77.73% | ② 建议去均值（移位量可观且有余量） |
| wolt_clipc | 512 | 0.999/0.990 | 0.025 | +0.924 | 63.3% | 89.5% | 82.19% | ④ BQ-native 可用（竞争力另需竞品曲线） |
| random | 768 | 0.981/0.842 | 0.204 | +0.414 | 33.2% | 83.5% | 59.08% | ④ BQ-native 可用（竞争力另需竞品曲线） |
| randomc | 768 | 1.000/0.999 | 0.007 | +0.447 | 32.6% | 82.5% | 60.28% | ④ BQ-native 可用（竞争力另需竞品曲线） |
| sphere | 768 | 1.000/1.000 | 0.001 | +0.619 | 0.6% | 4.7% | 0.91% | ③ 改用 float32（码判别力不足） |
| spherec | 768 | 1.000/1.000 | 0.000 | +0.578 | 1.2% | 5.8% | 1.11% | ③ 改用 float32（码判别力不足） |
| gauss960 | 960 | 1.000/1.000 | 0.001 | +0.618 | 1.1% | 5.0% | 0.83% | ③ 改用 float32（码判别力不足） |
| gauss960plant | 960 | 1.000/1.000 | 0.001 | +4.075 | 100.0% | 100.0% | 100.00% | ④ BQ-native 可用（竞争力另需竞品曲线） |

[OK] 写出 results\t2\deployability_gate.json
