==============================================================================
  竞品基线  wolt_clipc  dim=512  M=32  ef_construction=128  线程=32
==============================================================================
  train (1000000, 512)  test (1000, 512)  GT (1000, 10)  加载 1.8s

  [FAISS FlatIP 精确]
    R@10  90.18%      805.0 QPS（应与 GT 一致）

  [hnswlib]
    建图 79.41s  12593 vec/s
    ef=64    R@10  87.88%      20849 QPS
    ef=128   R@10  89.09%      12350 QPS
    ef=256   R@10  89.23%       6842 QPS
    ef=512   R@10  89.79%       4124 QPS
    ef=1024  R@10  90.07%       2394 QPS

  [FAISS HNSW]
    建图 79.12s  12639 vec/s
    ef=64    R@10  87.57%      21118 QPS
    ef=128   R@10  88.87%      12589 QPS
    ef=256   R@10  89.38%       7154 QPS
    ef=512   R@10  89.53%       4036 QPS
    ef=1024  R@10  89.68%       2016 QPS

  [USearch]
    建图 120.32s  8311 vec/s
    ef=64    R@10  88.30%      18424 QPS
    ef=128   R@10  89.10%      11273 QPS
    ef=256   R@10  89.58%       6208 QPS
    ef=512   R@10  89.68%       3433 QPS
    ef=1024  R@10  89.74%       1954 QPS

  [FAISS IVF-Flat]
    建图 94.18s  nlist=4096
    nprobe=16   R@10  84.96%       5974 QPS
    nprobe=64   R@10  89.18%       1693 QPS
    nprobe=128  R@10  89.70%        886 QPS
    nprobe=256  R@10  89.94%        468 QPS

### 竞品基线（wolt_clipc 1000000 × 512，M=32，ef_c=128，32 线程）

| 方法 | 参数 | R@10 | MT-QPS | 延迟 ms | 建图 s |
|---|---|---|---|---|---|
| faiss_exact | nprobe=None | 90.18% | 805 | 1.2423 | 0.0 |
| hnswlib | ef=64 | 87.88% | 20849 | 0.0480 | 79.4 |
| hnswlib | ef=128 | 89.09% | 12350 | 0.0810 | 79.4 |
| hnswlib | ef=256 | 89.23% | 6842 | 0.1462 | 79.4 |
| hnswlib | ef=512 | 89.79% | 4124 | 0.2425 | 79.4 |
| hnswlib | ef=1024 | 90.07% | 2394 | 0.4177 | 79.4 |
| faiss_hnsw | ef=64 | 87.57% | 21118 | 0.0474 | 79.1 |
| faiss_hnsw | ef=128 | 88.87% | 12589 | 0.0794 | 79.1 |
| faiss_hnsw | ef=256 | 89.38% | 7154 | 0.1398 | 79.1 |
| faiss_hnsw | ef=512 | 89.53% | 4036 | 0.2478 | 79.1 |
| faiss_hnsw | ef=1024 | 89.68% | 2016 | 0.4959 | 79.1 |
| usearch | ef=64 | 88.30% | 18424 | 0.0543 | 120.3 |
| usearch | ef=128 | 89.10% | 11273 | 0.0887 | 120.3 |
| usearch | ef=256 | 89.58% | 6208 | 0.1611 | 120.3 |
| usearch | ef=512 | 89.68% | 3433 | 0.2913 | 120.3 |
| usearch | ef=1024 | 89.74% | 1954 | 0.5118 | 120.3 |
| faiss_ivf_flat | nprobe=16 | 84.96% | 5974 | 0.1674 | 94.2 |
| faiss_ivf_flat | nprobe=64 | 89.18% | 1693 | 0.5907 | 94.2 |
| faiss_ivf_flat | nprobe=128 | 89.70% | 886 | 1.1287 | 94.2 |
| faiss_ivf_flat | nprobe=256 | 89.94% | 468 | 2.1370 | 94.2 |

  已写出 results\baseline\competitors_wolt_clipc.json
  总耗时 384.7s
