==============================================================================
  竞品基线  glove100c  dim=100  M=32  ef_construction=128  线程=32
==============================================================================
  train (1183514, 100)  test (10000, 100)  GT (10000, 10)  加载 0.4s

  [FAISS FlatIP 精确]
    R@10 100.00%     2753.4 QPS（应与 GT 一致）

  [hnswlib]
    建图 54.86s  21575 vec/s
    ef=64    R@10  83.98%      33617 QPS
    ef=128   R@10  89.38%      19979 QPS
    ef=256   R@10  93.45%      10893 QPS
    ef=512   R@10  96.42%       5797 QPS
    ef=1024  R@10  98.37%       3014 QPS

  [FAISS HNSW]
    建图 57.43s  20607 vec/s
    ef=64    R@10  84.38%      36196 QPS
    ef=128   R@10  89.77%      20714 QPS
    ef=256   R@10  93.73%      11178 QPS
    ef=512   R@10  96.52%       5888 QPS
    ef=1024  R@10  98.41%       3050 QPS

  [USearch]
    建图 86.38s  13701 vec/s
    ef=64    R@10  83.78%      27335 QPS
    ef=128   R@10  89.32%      15394 QPS
    ef=256   R@10  93.23%       8030 QPS
    ef=512   R@10  96.09%       4159 QPS
    ef=1024  R@10  97.94%       2000 QPS

  [FAISS IVF-Flat]
    建图 55.74s  nlist=4096
    nprobe=16   R@10  76.43%      30602 QPS
    nprobe=64   R@10  88.63%       8436 QPS
    nprobe=128  R@10  92.70%       4287 QPS
    nprobe=256  R@10  95.76%       2196 QPS

### 竞品基线（glove100c 1183514 × 100，M=32，ef_c=128，32 线程）

| 方法 | 参数 | R@10 | MT-QPS | 延迟 ms | 建图 s |
|---|---|---|---|---|---|
| faiss_exact | nprobe=None | 100.00% | 2753 | 0.3632 | 0.0 |
| hnswlib | ef=64 | 83.98% | 33617 | 0.0297 | 54.9 |
| hnswlib | ef=128 | 89.38% | 19979 | 0.0501 | 54.9 |
| hnswlib | ef=256 | 93.45% | 10893 | 0.0918 | 54.9 |
| hnswlib | ef=512 | 96.42% | 5797 | 0.1725 | 54.9 |
| hnswlib | ef=1024 | 98.37% | 3014 | 0.3318 | 54.9 |
| faiss_hnsw | ef=64 | 84.38% | 36196 | 0.0276 | 57.4 |
| faiss_hnsw | ef=128 | 89.77% | 20714 | 0.0483 | 57.4 |
| faiss_hnsw | ef=256 | 93.73% | 11178 | 0.0895 | 57.4 |
| faiss_hnsw | ef=512 | 96.52% | 5888 | 0.1698 | 57.4 |
| faiss_hnsw | ef=1024 | 98.41% | 3050 | 0.3279 | 57.4 |
| usearch | ef=64 | 83.78% | 27335 | 0.0366 | 86.4 |
| usearch | ef=128 | 89.32% | 15394 | 0.0650 | 86.4 |
| usearch | ef=256 | 93.23% | 8030 | 0.1245 | 86.4 |
| usearch | ef=512 | 96.09% | 4159 | 0.2404 | 86.4 |
| usearch | ef=1024 | 97.94% | 2000 | 0.5001 | 86.4 |
| faiss_ivf_flat | nprobe=16 | 76.43% | 30602 | 0.0327 | 55.7 |
| faiss_ivf_flat | nprobe=64 | 88.63% | 8436 | 0.1185 | 55.7 |
| faiss_ivf_flat | nprobe=128 | 92.70% | 4287 | 0.2333 | 55.7 |
| faiss_ivf_flat | nprobe=256 | 95.76% | 2196 | 0.4554 | 55.7 |

  已写出 results\baseline\competitors_glove100c.json
  总耗时 291.2s
