==============================================================================
  竞品基线  gist960  dim=960  M=32  ef_construction=128  线程=32
==============================================================================
  train (1000000, 960)  test (1000, 960)  GT (1000, 10)  加载 4.0s

  [FAISS FlatIP 精确]
    R@10  99.80%      454.1 QPS（应与 GT 一致）

  [hnswlib]
    建图 290.36s  3444 vec/s
    ef=64    R@10  84.11%       5417 QPS
    ef=128   R@10  92.17%       2980 QPS
    ef=256   R@10  96.47%       1644 QPS
    ef=512   R@10  98.71%        937 QPS
    ef=1024  R@10  99.33%        549 QPS

  [FAISS HNSW]
    建图 285.70s  3500 vec/s
    ef=64    R@10  84.86%       5399 QPS
    ef=128   R@10  92.66%       3108 QPS
    ef=256   R@10  96.58%       1724 QPS
    ef=512   R@10  98.46%        951 QPS
    ef=1024  R@10  99.24%        549 QPS

  [USearch]
    建图 404.43s  2473 vec/s
    ef=64    R@10  84.67%       4245 QPS
    ef=128   R@10  92.13%       2518 QPS
    ef=256   R@10  96.13%       1493 QPS
    ef=512   R@10  98.18%        840 QPS
    ef=1024  R@10  98.81%        537 QPS

  [FAISS IVF-Flat]
    建图 125.90s  nlist=4096
    nprobe=16   R@10  63.43%       2932 QPS
    nprobe=64   R@10  88.36%        765 QPS
    nprobe=128  R@10  95.38%        383 QPS
    nprobe=256  R@10  98.52%        190 QPS

### 竞品基线（gist960 1000000 × 960，M=32，ef_c=128，32 线程）

| 方法 | 参数 | R@10 | MT-QPS | 延迟 ms | 建图 s |
|---|---|---|---|---|---|
| faiss_exact | nprobe=None | 99.80% | 454 | 2.2020 | 0.0 |
| hnswlib | ef=64 | 84.11% | 5417 | 0.1846 | 290.4 |
| hnswlib | ef=128 | 92.17% | 2980 | 0.3356 | 290.4 |
| hnswlib | ef=256 | 96.47% | 1644 | 0.6084 | 290.4 |
| hnswlib | ef=512 | 98.71% | 937 | 1.0673 | 290.4 |
| hnswlib | ef=1024 | 99.33% | 549 | 1.8229 | 290.4 |
| faiss_hnsw | ef=64 | 84.86% | 5399 | 0.1852 | 285.7 |
| faiss_hnsw | ef=128 | 92.66% | 3108 | 0.3217 | 285.7 |
| faiss_hnsw | ef=256 | 96.58% | 1724 | 0.5799 | 285.7 |
| faiss_hnsw | ef=512 | 98.46% | 951 | 1.0516 | 285.7 |
| faiss_hnsw | ef=1024 | 99.24% | 549 | 1.8204 | 285.7 |
| usearch | ef=64 | 84.67% | 4245 | 0.2356 | 404.4 |
| usearch | ef=128 | 92.13% | 2518 | 0.3972 | 404.4 |
| usearch | ef=256 | 96.13% | 1493 | 0.6696 | 404.4 |
| usearch | ef=512 | 98.18% | 840 | 1.1902 | 404.4 |
| usearch | ef=1024 | 98.81% | 537 | 1.8614 | 404.4 |
| faiss_ivf_flat | nprobe=16 | 63.43% | 2932 | 0.3411 | 125.9 |
| faiss_ivf_flat | nprobe=64 | 88.36% | 765 | 1.3080 | 125.9 |
| faiss_ivf_flat | nprobe=128 | 95.38% | 383 | 2.6138 | 125.9 |
| faiss_ivf_flat | nprobe=256 | 98.52% | 190 | 5.2590 | 125.9 |

  已写出 results\baseline\competitors_gist960.json
  总耗时 1137.3s
