
==========================================================================
  cohere  dim=768
==========================================================================
  采样 256 节点，平均出度 64.0；|h| 全局 299.4±8.7
  参照 top-64                       L0 命中率          该参照的 |h| 均值(σ)
  精确 cosine                     56.84%                  -0.36
  weighted BQ2（建图）              77.84%                   0.06
  cheap Hamming（查询）              0.00%                   0.79

==========================================================================
  wolt_clip  dim=512
==========================================================================
  采样 256 节点，平均出度 64.0；|h| 全局 192.8±7.3
  参照 top-64                       L0 命中率          该参照的 |h| 均值(σ)
  精确 cosine                     53.19%                  -0.05
  weighted BQ2（建图）              72.40%                   0.31
  cheap Hamming（查询）              0.00%                   1.26

==========================================================================
  glove100  dim=100
==========================================================================
  采样 256 节点，平均出度 64.0；|h| 全局 42.3±3.0
  参照 top-64                       L0 命中率          该参照的 |h| 均值(σ)
  精确 cosine                     31.82%                  -0.10
  weighted BQ2（建图）              64.24%                   0.36
  cheap Hamming（查询）              0.00%                   0.30

==========================================================================
  sift128  dim=128
==========================================================================
  采样 256 节点，平均出度 64.0；|h| 全局 40.1±5.2
  参照 top-64                       L0 命中率          该参照的 |h| 均值(σ)
  精确 cosine                      4.34%                  -0.26
  weighted BQ2（建图）              60.99%                   1.34
  cheap Hamming（查询）              0.00%                  -1.15

==========================================================================
  gist960  dim=960
==========================================================================
  采样 256 节点，平均出度 64.0；|h| 全局 386.8±32.2
  参照 top-64                       L0 命中率          该参照的 |h| 均值(σ)
  精确 cosine                      1.01%                   0.31
  weighted BQ2（建图）              65.62%                   3.33
  cheap Hamming（查询）              0.00%                  -4.71

==========================================================================
  gist960c  dim=960
==========================================================================
  采样 256 节点，平均出度 64.0；|h| 全局 392.4±21.2
  参照 top-64                       L0 命中率          该参照的 |h| 均值(σ)
  精确 cosine                     27.98%                   0.49
  weighted BQ2（建图）              53.60%                   1.33
  cheap Hamming（查询）              0.00%                   1.53

==========================================================================
  gauss960  dim=960
==========================================================================
  采样 256 节点，平均出度 64.0；|h| 全局 408.0±9.1
  参照 top-64                       L0 命中率          该参照的 |h| 均值(σ)
  精确 cosine                      4.67%                  -0.01
  weighted BQ2（建图）               7.13%                   0.10
  cheap Hamming（查询）              0.00%                   0.28

==========================================================================
  gauss960plant  dim=960
==========================================================================
  采样 256 节点，平均出度 64.0；|h| 全局 408.0±9.1
  参照 top-64                       L0 命中率          该参照的 |h| 均值(σ)
  精确 cosine                      4.47%                   0.01
  weighted BQ2（建图）               7.24%                   0.11
  cheap Hamming（查询）              0.00%                   0.28

==========================================================================
  minilm  dim=384
==========================================================================
  采样 256 节点，平均出度 64.0；|h| 全局 162.9±5.8
  参照 top-64                       L0 命中率          该参照的 |h| 均值(σ)
  精确 cosine                     65.80%                  -0.01
  weighted BQ2（建图）              82.10%                   0.15
  cheap Hamming（查询）              0.00%                   0.29

==========================================================================
  汇总（markdown）
==========================================================================
| 数据集 | 平均出度 | L0∩cos_top64 | L0∩weighted_top64 | L0∩cheap_top64 |
|---|---|---|---|---|
| cohere | 64.0 | 56.84% | 77.84% | 0.00% |
| wolt_clip | 64.0 | 53.19% | 72.40% | 0.00% |
| glove100 | 64.0 | 31.82% | 64.24% | 0.00% |
| sift128 | 64.0 | 4.34% | 60.99% | 0.00% |
| gist960 | 64.0 | 1.01% | 65.62% | 0.00% |
| gist960c | 64.0 | 27.98% | 53.60% | 0.00% |
| gauss960 | 64.0 | 4.67% | 7.13% | 0.00% |
| gauss960plant | 64.0 | 4.47% | 7.24% | 0.00% |
| minilm | 64.0 | 65.80% | 82.10% | 0.00% |
