warning: linker stdout: 正在创建库 C:\Users\v_chchsli\Desktop\TriviumDB\target\release\deps\triviumdb.dll.lib 和对象 C:\Users\v_chchsli\Desktop\TriviumDB\target\release\deps\triviumdb.dll.exp
  |
  = note: `#[warn(linker_messages)]` on by default

warning: `triviumdb` (lib) generated 1 warning
   Compiling triviumdb v0.8.8 (C:\Users\v_chchsli\Desktop\TriviumDB)
    Finished `bench` profile [optimized] target(s) in 3.52s
     Running benches\bench_random_sphere.rs (target\release\deps\bench_random_sphere-4bc1dc4a6c61bda4.exe)
=== Random-Sphere 数据集生成器 ===
维度: 768, 训练集: 1000000, 测试集: 1000
特点: 纯高斯球面，无低秩结构，无聚簇

[阶段 1/3] 生成训练集（纯高斯球面）...
  已写入 100K 条...
  已写入 200K 条...
  已写入 300K 条...
  已写入 400K 条...
  已写入 500K 条...
  已写入 600K 条...
  已写入 700K 条...
  已写入 800K 条...
  已写入 900K 条...
  已写入 1000K 条...
  写入完成: sphere_train.f32 (1000000 条 x 768 维)
  耗时: 14.07s

[阶段 2/3] 生成测试集...
  写入完成: sphere_test.f32 (1000 条 x 768 维)

[阶段 3/3] 计算精确 GroundTruth Top-10...
  训练集: 1000000 条, 测试集: 1000 条
  两两余弦相似度: min=-0.1155, p5=-0.0588, avg=-0.0006, p95=0.0601, max=0.1089
  （纯球面 768 维，avg 应接近 0，std 应约 1/sqrt(768)≈0.036）
  并行计算 GroundTruth...
  GroundTruth 写入完成! 耗时: 54.31s

=== 数据生成完毕！===
文件列表:
  sphere_train.f32       (~2.9 GB)
  sphere_test.f32        (~3 MB)
  sphere_groundtruth.i32 (~40 KB)

运行 QuIVer 基准测试:
  $env:TRIVIUM_ANN_NAME="sphere-1m"
  cargo bench --bench bench_sensitivity
