
==========================================================================
  cohere  dim=768
==========================================================================
  采样 256 节点，平均出度 64.0；|h| 全局 299.4±8.7
  参照 top-64                       L0 命中率          该参照的 |h| 均值(σ)
  精确 cosine                     56.84%                  -0.36
  weighted BQ2（建图）              77.84%                   0.06
  cheap Hamming（查询）              0.00%                   0.79

==========================================================================
  gist960  dim=960
==========================================================================
  采样 256 节点，平均出度 64.0；|h| 全局 386.8±32.2
  参照 top-64                       L0 命中率          该参照的 |h| 均值(σ)
  精确 cosine                      0.57%                   0.29
  weighted BQ2（建图）              68.35%                   3.34
  cheap Hamming（查询）              0.00%                  -4.68

==========================================================================
  gist960c  dim=960
==========================================================================
  采样 256 节点，平均出度 64.0；|h| 全局 392.4±21.2
  参照 top-64                       L0 命中率          该参照的 |h| 均值(σ)
  精确 cosine                     25.87%                   0.48
  weighted BQ2（建图）              53.34%                   1.36
  cheap Hamming（查询）              0.00%                   1.55

==========================================================================
  汇总（markdown）
==========================================================================
| 数据集 | 平均出度 | L0∩cos_top64 | L0∩weighted_top64 | L0∩cheap_top64 |
|---|---|---|---|---|
| cohere | 64.0 | 56.84% | 77.84% | 0.00% |
| gist960 | 64.0 | 0.57% | 68.35% | 0.00% |
| gist960c | 64.0 | 25.87% | 53.34% | 0.00% |
