  ‖mean(磁盘原始)‖ = 0.354530   ‖mean(归一化后)‖ = 0.354530

======================================================================
  glove100(100) → glove100c   通用去均值（N1 推广）
======================================================================
  [OK] 写出 glove100c_*.f32/i32  train=(1183514, 100) test=(10000, 100)
  负值占比=0.49916  零值占比=0.00000  随机对 cos=+0.0001±0.1067
  GT1=+0.6324  GT10=+0.5363  可分性=+0.9010
  GT10−GT11 中位间隔=+0.002075  拥挤度 中位=96 均值=5321
  守卫: cosine≤1 max=0.941145 PASS | GT 自校验 100.0% (PASS)
  ‖mean(磁盘原始)‖ = 0.203534   ‖mean(归一化后)‖ = 0.203534

======================================================================
  random(768) → randomc   通用去均值（N1 推广）
======================================================================
  [OK] 写出 randomc_*.f32/i32  train=(1000000, 768) test=(1000, 768)
  负值占比=0.49997  零值占比=0.00000  随机对 cos=-0.0001±0.1046
  GT1=+0.4619  GT10=+0.4169  可分性=+0.4301
  GT10−GT11 中位间隔=+0.001009  拥挤度 中位=73 均值=146
  守卫: cosine≤1 max=0.537529 PASS | GT 自校验 100.0% (PASS)
  ‖mean(磁盘原始)‖ = 0.000967   ‖mean(归一化后)‖ = 0.000967

======================================================================
  sphere(768) → spherec   通用去均值（N1 推广）
======================================================================
  [OK] 写出 spherec_*.f32/i32  train=(1000000, 768) test=(1000, 768)
  负值占比=0.50001  零值占比=0.00000  随机对 cos=+0.0000±0.0360
  GT1=+0.1740  GT10=+0.1535  可分性=+0.5698
  GT10−GT11 中位间隔=+0.000569  拥挤度 中位=70 均值=170
  守卫: cosine≤1 max=0.194379 PASS | GT 自校验 100.0% (PASS)
