将处理 1 个数据集: minilm
输出目录: C:\Users\v_chchsli\Desktop\TriviumDB

======================================================================
  Wikipedia all-MiniLM-L6-v2 (384-d)
  源: huggingface | 前缀: minilm
======================================================================
  [Streaming] 取前 1,001,000 条...
Warning: You are sending unauthenticated requests to the HF Hub. Please set a HF_TOKEN to enable higher rate limits and faster downloads.

  提取向量:   0%|          | 0/1001000 [00:00<?, ?it/s]
  提取向量:   0%|          | 1/1001000 [00:08<2287:24:27,  8.23s/it]
  提取向量:   0%|          | 1682/1001000 [00:08<58:01, 287.03it/s] 
  提取向量:   0%|          | 3476/1001000 [00:08<23:30, 707.09it/s]
  提取向量:   1%|          | 5527/1001000 [00:08<12:13, 1357.97it/s]
  提取向量:   1%|          | 7494/1001000 [00:08<07:36, 2178.62it/s]
  提取向量:   1%|          | 9561/1001000 [00:08<05:01, 3290.48it/s]
  提取向量:   1%|          | 11439/1001000 [00:08<03:39, 4516.24it/s]
  提取向量:   1%|▏         | 13296/1001000 [00:12<12:05, 1361.16it/s]
  提取向量:   2%|▏         | 15260/1001000 [00:12<08:25, 1948.54it/s]
  提取向量:   2%|▏         | 17161/1001000 [00:12<06:04, 2697.24it/s]
  提取向量:   2%|▏         | 18871/1001000 [00:12<04:36, 3546.42it/s]
  提取向量:   2%|▏         | 20919/1001000 [00:12<03:21, 4862.19it/s]
  提取向量:   2%|▏         | 22933/1001000 [00:12<02:33, 6385.37it/s]
  提取向量:   2%|▏         | 24813/1001000 [00:12<02:03, 7934.73it/s]
  提取向量:   3%|▎         | 26662/1001000 [00:21<23:15, 698.40it/s] 
  提取向量:   3%|▎         | 28197/1001000 [00:21<17:29, 926.88it/s]
  提取向量:   3%|▎         | 29906/1001000 [00:21<12:39, 1278.87it/s]
  提取向量:   3%|▎         | 31622/1001000 [00:21<09:11, 1758.28it/s]
  提取向量:   3%|▎         | 33163/1001000 [00:21<06:56, 2321.02it/s]
  提取向量:   4%|▎         | 35309/1001000 [00:21<04:45, 3386.75it/s]
  提取向量:   4%|▎         | 37024/1001000 [00:21<03:43, 4318.25it/s]
  提取向量:   4%|▍         | 38632/1001000 [00:29<22:36, 709.39it/s] 
  提取向量:   4%|▍         | 39794/1001000 [00:29<17:51, 897.13it/s]
  提取向量:   4%|▍         | 40975/1001000 [00:29<13:48, 1158.94it/s]
  提取向量:   4%|▍         | 42755/1001000 [00:29<09:20, 1709.99it/s]
  提取向量:   4%|▍         | 44431/1001000 [00:29<06:40, 2389.25it/s]
  提取向量:   5%|▍         | 45900/1001000 [00:29<05:04, 3133.72it/s]
  提取向量:   5%|▍         | 47342/1001000 [00:29<03:59, 3988.11it/s]
  提取向量:   5%|▍         | 48731/1001000 [00:29<03:13, 4927.29it/s]
  提取向量:   5%|▌         | 50118/1001000 [00:29<02:37, 6041.81it/s]
  提取向量:   5%|▌         | 51473/1001000 [00:38<31:25, 503.52it/s] 
  提取向量:   5%|▌         | 53455/1001000 [00:38<19:56, 792.02it/s]
  提取向量:   6%|▌         | 55447/1001000 [00:39<13:13, 1191.61it/s]
  提取向量:   6%|▌         | 56923/1001000 [00:39<09:58, 1578.55it/s]
  提取向量:   6%|▌         | 58884/1001000 [00:39<06:51, 2292.04it/s]
  提取向量:   6%|▌         | 60464/1001000 [00:39<05:16, 2975.95it/s]
  提取向量:   6%|▌         | 61950/1001000 [00:39<04:06, 3802.91it/s]
  提取向量:   6%|▋         | 63461/1001000 [00:39<03:14, 4830.11it/s]
  提取向量:   6%|▋         | 64945/1001000 [00:46<23:00, 678.09it/s] 
  提取向量:   7%|▋         | 66672/1001000 [00:46<15:52, 981.35it/s]
  提取向量:   7%|▋         | 68701/1001000 [00:46<10:33, 1472.42it/s]
  提取向量:   7%|▋         | 70570/1001000 [00:46<07:28, 2075.87it/s]
  提取向量:   7%|▋         | 72475/1001000 [00:46<05:21, 2885.07it/s]
  提取向量:   7%|▋         | 74573/1001000 [00:46<03:49, 4038.97it/s]
  提取向量:   8%|▊         | 76602/1001000 [00:47<02:51, 5391.79it/s]
  提取向量:   8%|▊         | 78470/1001000 [00:57<27:04, 568.05it/s] 
  提取向量:   8%|▊         | 80237/1001000 [00:57<19:36, 782.46it/s]
  提取向量:   8%|▊         | 82169/1001000 [00:57<13:48, 1108.56it/s]
  提取向量:   8%|▊         | 84295/1001000 [00:57<09:32, 1602.48it/s]
  提取向量:   9%|▊         | 86234/1001000 [00:57<06:55, 2201.99it/s]
  提取向量:   9%|▉         | 88155/1001000 [00:57<05:07, 2968.62it/s]
  提取向量:   9%|▉         | 90013/1001000 [01:05<21:56, 691.86it/s] 
  提取向量:   9%|▉         | 92001/1001000 [01:05<15:24, 983.60it/s]
  提取向量:   9%|▉         | 93847/1001000 [01:05<11:09, 1355.19it/s]
  提取向量:  10%|▉         | 95547/1001000 [01:06<08:18, 1816.34it/s]
  提取向量:  10%|▉         | 97612/1001000 [01:06<05:50, 2576.84it/s]
  提取向量:  10%|▉         | 99427/1001000 [01:06<04:23, 3425.49it/s]
  提取向量:  10%|█         | 101196/1001000 [01:06<03:22, 4451.42it/s]
  提取向量:  10%|█         | 103001/1001000 [01:14<21:38, 691.77it/s] 
  提取向量:  10%|█         | 104432/1001000 [01:14<16:27, 908.16it/s]
  提取向量:  11%|█         | 105893/1001000 [01:14<12:18, 1212.30it/s]
  提取向量:  11%|█         | 107640/1001000 [01:14<08:41, 1711.57it/s]
  提取向量:  11%|█         | 109683/1001000 [01:14<05:56, 2497.45it/s]
  提取向量:  11%|█         | 111640/1001000 [01:14<04:16, 3462.65it/s]
  提取向量:  11%|█▏        | 113405/1001000 [01:14<03:16, 4522.64it/s]
  提取向量:  12%|█▏        | 115382/1001000 [01:14<02:27, 5990.67it/s]
  提取向量:  12%|█▏        | 117184/1001000 [01:21<18:33, 793.59it/s] 
  提取向量:  12%|█▏        | 119258/1001000 [01:22<12:43, 1154.53it/s]
  提取向量:  12%|█▏        | 121207/1001000 [01:22<09:04, 1616.56it/s]
  提取向量:  12%|█▏        | 122844/1001000 [01:22<06:54, 2118.47it/s]
  提取向量:  12%|█▏        | 124628/1001000 [01:22<05:06, 2857.89it/s]
  提取向量:  13%|█▎        | 126262/1001000 [01:22<03:57, 3687.32it/s]
  提取向量:  13%|█▎        | 127858/1001000 [01:22<03:08, 4624.76it/s]
  提取向量:  13%|█▎        | 129379/1001000 [01:29<19:55, 729.00it/s] 
  提取向量:  13%|█▎        | 130875/1001000 [01:29<14:36, 992.30it/s]
  提取向量:  13%|█▎        | 133023/1001000 [01:29<09:31, 1519.82it/s]
  提取向量:  13%|█▎        | 134932/1001000 [01:29<06:44, 2143.00it/s]
  提取向量:  14%|█▎        | 136536/1001000 [01:29<05:09, 2796.60it/s]
  提取向量:  14%|█▍        | 138339/1001000 [01:29<03:48, 3771.07it/s]
  提取向量:  14%|█▍        | 140362/1001000 [01:29<02:47, 5149.17it/s]
  提取向量:  14%|█▍        | 142101/1001000 [01:37<20:34, 695.51it/s] 
  提取向量:  14%|█▍        | 144070/1001000 [01:37<14:14, 1002.93it/s]
  提取向量:  15%|█▍        | 145935/1001000 [01:37<10:10, 1401.61it/s]
  提取向量:  15%|█▍        | 147840/1001000 [01:38<07:16, 1953.15it/s]
  提取向量:  15%|█▍        | 149507/1001000 [01:38<05:29, 2581.90it/s]
  提取向量:  15%|█▌        | 151172/1001000 [01:38<04:16, 3307.57it/s]
  提取向量:  15%|█▌        | 152684/1001000 [01:38<03:26, 4099.97it/s]
  提取向量:  15%|█▌        | 154391/1001000 [01:38<02:39, 5320.60it/s]
  提取向量:  16%|█▌        | 155893/1001000 [01:45<20:38, 682.29it/s] 
  提取向量:  16%|█▌        | 157955/1001000 [01:45<13:36, 1031.97it/s]
  提取向量:  16%|█▌        | 159871/1001000 [01:45<09:30, 1474.77it/s]
  提取向量:  16%|█▌        | 161799/1001000 [01:46<06:44, 2074.94it/s]
  提取向量:  16%|█▋        | 163729/1001000 [01:46<04:52, 2866.65it/s]
  提取向量:  17%|█▋        | 165814/1001000 [01:46<03:30, 3973.19it/s]
  提取向量:  17%|█▋        | 167851/1001000 [01:46<02:37, 5295.19it/s]
  提取向量:  17%|█▋        | 169737/1001000 [01:55<21:51, 633.96it/s] 
  提取向量:  17%|█▋        | 171190/1001000 [01:55<16:45, 825.61it/s]
  提取向量:  17%|█▋        | 172816/1001000 [01:55<12:16, 1123.81it/s]
  提取向量:  17%|█▋        | 174859/1001000 [01:56<08:23, 1642.38it/s]
  提取向量:  18%|█▊        | 176717/1001000 [01:56<06:03, 2268.04it/s]
  提取向量:  18%|█▊        | 178431/1001000 [01:56<04:32, 3013.12it/s]
  提取向量:  18%|█▊        | 180570/1001000 [01:56<03:13, 4240.76it/s]
  提取向量:  18%|█▊        | 182396/1001000 [02:02<16:41, 817.02it/s] 
  提取向量:  18%|█▊        | 183918/1001000 [02:03<12:36, 1080.16it/s]
  提取向量:  19%|█▊        | 185706/1001000 [02:03<09:00, 1507.22it/s]
  提取向量:  19%|█▊        | 187612/1001000 [02:03<06:23, 2122.47it/s]
  提取向量:  19%|█▉        | 189217/1001000 [02:03<04:51, 2784.97it/s]
  提取向量:  19%|█▉        | 191185/1001000 [02:03<03:29, 3861.15it/s]
  提取向量:  19%|█▉        | 192949/1001000 [02:03<02:41, 5006.84it/s]
  提取向量:  19%|█▉        | 194668/1001000 [02:12<21:06, 636.75it/s] 
  提取向量:  20%|█▉        | 196001/1001000 [02:12<16:11, 828.75it/s]
  提取向量:  20%|█▉        | 197914/1001000 [02:12<11:00, 1215.65it/s]
  提取向量:  20%|█▉        | 199577/1001000 [02:12<08:00, 1667.43it/s]
  提取向量:  20%|██        | 201512/1001000 [02:12<05:36, 2378.00it/s]
  提取向量:  20%|██        | 203316/1001000 [02:12<04:07, 3228.20it/s]
  提取向量:  20%|██        | 204999/1001000 [02:12<03:12, 4144.11it/s]
  提取向量:  21%|██        | 206958/1001000 [02:12<02:22, 5562.02it/s]
  提取向量:  21%|██        | 208659/1001000 [02:19<16:56, 779.73it/s] 
  提取向量:  21%|██        | 210757/1001000 [02:19<11:26, 1151.60it/s]
  提取向量:  21%|██▏       | 212788/1001000 [02:19<07:59, 1642.42it/s]
  提取向量:  21%|██▏       | 214667/1001000 [02:19<05:49, 2247.67it/s]
  提取向量:  22%|██▏       | 216454/1001000 [02:19<04:21, 2996.98it/s]
  提取向量:  22%|██▏       | 218622/1001000 [02:20<03:06, 4195.36it/s]
  提取向量:  22%|██▏       | 220477/1001000 [02:27<16:12, 802.59it/s] 
  提取向量:  22%|██▏       | 221842/1001000 [02:27<12:38, 1027.57it/s]
  提取向量:  22%|██▏       | 223498/1001000 [02:27<09:12, 1406.41it/s]
  提取向量:  22%|██▏       | 225036/1001000 [02:27<06:53, 1877.11it/s]
  提取向量:  23%|██▎       | 226913/1001000 [02:27<04:51, 2651.67it/s]
  提取向量:  23%|██▎       | 229001/1001000 [02:27<03:24, 3772.68it/s]
  提取向量:  23%|██▎       | 230961/1001000 [02:27<02:32, 5050.43it/s]
  提取向量:  23%|██▎       | 232758/1001000 [02:27<02:04, 6148.36it/s]
  提取向量:  23%|██▎       | 234408/1001000 [02:33<13:32, 944.04it/s] 
  提取向量:  24%|██▎       | 236550/1001000 [02:33<09:07, 1396.20it/s]
  提取向量:  24%|██▍       | 238565/1001000 [02:33<06:27, 1969.70it/s]
  提取向量:  24%|██▍       | 240583/1001000 [02:33<04:38, 2731.56it/s]
  提取向量:  24%|██▍       | 240583/1001000 [02:45<04:38, 2731.56it/s]
  提取向量:  24%|██▍       | 242539/1001000 [02:49<33:03, 382.37it/s] 
  提取向量:  24%|██▍       | 244713/1001000 [02:49<22:31, 559.65it/s]
  提取向量:  25%|██▍       | 246578/1001000 [02:49<16:21, 768.67it/s]
  提取向量:  25%|██▍       | 248750/1001000 [02:49<11:16, 1112.21it/s]
  提取向量:  25%|██▌       | 250972/1001000 [02:49<07:50, 1595.21it/s]
  提取向量:  25%|██▌       | 252931/1001000 [02:49<05:46, 2160.28it/s]
  提取向量:  25%|██▌       | 254851/1001000 [02:59<21:51, 568.73it/s] 
  提取向量:  26%|██▌       | 256358/1001000 [02:59<16:43, 742.32it/s]
  提取向量:  26%|██▌       | 258275/1001000 [02:59<11:45, 1052.13it/s]
  提取向量:  26%|██▌       | 259828/1001000 [02:59<08:56, 1382.56it/s]
  提取向量:  26%|██▌       | 261278/1001000 [02:59<06:54, 1785.25it/s]
  提取向量:  26%|██▋       | 263216/1001000 [02:59<04:49, 2550.97it/s]
  提取向量:  26%|██▋       | 264733/1001000 [02:59<03:46, 3243.48it/s]
  提取向量:  27%|██▋       | 266793/1001000 [02:59<02:40, 4562.95it/s]
  提取向量:  27%|██▋       | 268406/1001000 [03:09<21:02, 580.34it/s] 
  提取向量:  27%|██▋       | 269738/1001000 [03:09<16:02, 759.52it/s]
  提取向量:  27%|██▋       | 270928/1001000 [03:09<12:27, 976.82it/s]
  提取向量:  27%|██▋       | 272081/1001000 [03:09<09:36, 1264.94it/s]
  提取向量:  27%|██▋       | 273868/1001000 [03:09<06:25, 1888.46it/s]
  提取向量:  27%|██▋       | 275225/1001000 [03:09<04:52, 2482.80it/s]
  提取向量:  28%|██▊       | 276597/1001000 [03:09<03:43, 3242.90it/s]
  提取向量:  28%|██▊       | 278233/1001000 [03:09<02:44, 4396.79it/s]
  提取向量:  28%|██▊       | 279664/1001000 [03:09<02:11, 5483.87it/s]
  提取向量:  28%|██▊       | 281080/1001000 [03:18<21:57, 546.49it/s] 
  提取向量:  28%|██▊       | 282399/1001000 [03:18<16:02, 746.32it/s]
  提取向量:  28%|██▊       | 283781/1001000 [03:18<11:33, 1034.81it/s]
  提取向量:  28%|██▊       | 285055/1001000 [03:18<08:34, 1392.52it/s]
  提取向量:  29%|██▊       | 286468/1001000 [03:18<06:11, 1925.22it/s]
  提取向量:  29%|██▉       | 287857/1001000 [03:18<04:34, 2598.95it/s]
  提取向量:  29%|██▉       | 289539/1001000 [03:18<03:14, 3656.91it/s]
  提取向量:  29%|██▉       | 291491/1001000 [03:18<02:16, 5179.43it/s]
  提取向量:  29%|██▉       | 293366/1001000 [03:18<01:43, 6814.76it/s]
  提取向量:  29%|██▉       | 295025/1001000 [03:25<14:54, 789.47it/s] 
  提取向量:  30%|██▉       | 296194/1001000 [03:25<11:45, 999.46it/s]
  提取向量:  30%|██▉       | 297424/1001000 [03:25<08:58, 1307.09it/s]
  提取向量:  30%|██▉       | 298928/1001000 [03:25<06:25, 1821.10it/s]
  提取向量:  30%|██▉       | 300174/1001000 [03:25<04:56, 2360.78it/s]'[Errno 11001] getaddrinfo failed' thrown while requesting GET https://huggingface.co/datasets/maloyan/wikipedia-22-12-en-embeddings-all-MiniLM-L6-v2/resolve/ab22410c0589e39371431e3dd293e4f0fa0c4b26/data/train-00001-of-00145-beb4b763edbf2d15.parquet
Retrying in 1s [Retry 1/5].

  提取向量:  30%|███       | 301417/1001000 [03:25<03:50, 3037.64it/s]
  提取向量:  30%|███       | 302938/1001000 [03:26<02:49, 4108.30it/s]
  提取向量:  30%|███       | 304259/1001000 [03:26<02:17, 5070.57it/s]
  提取向量:  31%|███       | 306130/1001000 [03:26<01:40, 6925.80it/s]'[Errno 11001] getaddrinfo failed' thrown while requesting GET https://huggingface.co/datasets/maloyan/wikipedia-22-12-en-embeddings-all-MiniLM-L6-v2/resolve/ab22410c0589e39371431e3dd293e4f0fa0c4b26/data/train-00001-of-00145-beb4b763edbf2d15.parquet
Retrying in 2s [Retry 2/5].

  提取向量:  31%|███       | 306130/1001000 [03:39<01:40, 6925.80it/s]
  提取向量:  31%|███       | 306539/1001000 [03:39<41:00, 282.19it/s] 
  提取向量:  31%|███       | 307919/1001000 [03:39<27:37, 418.13it/s]
  提取向量:  31%|███       | 309895/1001000 [03:40<16:38, 692.02it/s]
  提取向量:  31%|███       | 311487/1001000 [03:40<11:34, 993.45it/s]
  提取向量:  31%|███▏      | 313066/1001000 [03:40<08:15, 1388.88it/s]
  提取向量:  31%|███▏      | 314748/1001000 [03:40<05:48, 1967.89it/s]
  提取向量:  32%|███▏      | 316278/1001000 [03:40<04:21, 2616.52it/s]
  提取向量:  32%|███▏      | 317793/1001000 [03:40<03:17, 3456.76it/s]
  提取向量:  32%|███▏      | 319539/1001000 [03:48<18:55, 600.02it/s] 
  提取向量:  32%|███▏      | 320914/1001000 [03:48<14:02, 807.10it/s]
  提取向量:  32%|███▏      | 322837/1001000 [03:48<09:19, 1212.33it/s]
  提取向量:  32%|███▏      | 324646/1001000 [03:48<06:31, 1726.21it/s]
  提取向量:  33%|███▎      | 326138/1001000 [03:48<04:57, 2268.81it/s]
  提取向量:  33%|███▎      | 327684/1001000 [03:49<03:43, 3008.11it/s]
  提取向量:  33%|███▎      | 329679/1001000 [03:49<02:37, 4263.75it/s]
  提取向量:  33%|███▎      | 331446/1001000 [03:49<02:00, 5545.83it/s]
  提取向量:  33%|███▎      | 333120/1001000 [03:56<16:29, 675.04it/s] 
  提取向量:  33%|███▎      | 335001/1001000 [03:57<11:22, 975.16it/s]
  提取向量:  34%|███▎      | 336526/1001000 [03:57<08:29, 1304.90it/s]
  提取向量:  34%|███▍      | 338198/1001000 [03:57<06:08, 1796.88it/s]
  提取向量:  34%|███▍      | 340091/1001000 [03:57<04:19, 2544.36it/s]
  提取向量:  34%|███▍      | 341938/1001000 [03:57<03:09, 3477.13it/s]
  提取向量:  34%|███▍      | 344032/1001000 [03:57<02:16, 4826.08it/s]
  提取向量:  35%|███▍      | 345835/1001000 [04:05<15:56, 684.65it/s] 
  提取向量:  35%|███▍      | 347104/1001000 [04:05<12:30, 871.72it/s]
  提取向量:  35%|███▍      | 349101/1001000 [04:05<08:26, 1287.67it/s]
  提取向量:  35%|███▌      | 350582/1001000 [04:05<06:23, 1693.84it/s]
  提取向量:  35%|███▌      | 352173/1001000 [04:06<04:44, 2279.90it/s]
  提取向量:  35%|███▌      | 354142/1001000 [04:06<03:19, 3247.65it/s]
  提取向量:  36%|███▌      | 356119/1001000 [04:06<02:24, 4461.45it/s]
  提取向量:  36%|███▌      | 357947/1001000 [04:06<01:51, 5773.51it/s]
  提取向量:  36%|███▌      | 359705/1001000 [04:14<16:29, 647.92it/s] 
  提取向量:  36%|███▌      | 361839/1001000 [04:15<11:04, 961.74it/s]
  提取向量:  36%|███▋      | 363611/1001000 [04:15<08:03, 1317.07it/s]
  提取向量:  37%|███▋      | 365621/1001000 [04:15<05:39, 1869.25it/s]
  提取向量:  37%|███▋      | 367327/1001000 [04:15<04:17, 2459.46it/s]
  提取向量:  37%|███▋      | 369342/1001000 [04:15<03:05, 3413.20it/s]
  提取向量:  37%|███▋      | 371103/1001000 [04:15<02:22, 4426.88it/s]
  提取向量:  37%|███▋      | 372837/1001000 [04:23<15:35, 671.76it/s] 
  提取向量:  37%|███▋      | 374737/1001000 [04:23<10:54, 957.14it/s]
  提取向量:  38%|███▊      | 376666/1001000 [04:23<07:40, 1356.07it/s]
  提取向量:  38%|███▊      | 378393/1001000 [04:23<05:39, 1835.69it/s]
  提取向量:  38%|███▊      | 380146/1001000 [04:23<04:09, 2483.57it/s]
  提取向量:  38%|███▊      | 382158/1001000 [04:24<02:58, 3464.95it/s]
  提取向量:  38%|███▊      | 384244/1001000 [04:24<02:10, 4743.32it/s]
  提取向量:  39%|███▊      | 386096/1001000 [04:31<13:54, 736.42it/s] 
  提取向量:  39%|███▉      | 388072/1001000 [04:31<09:46, 1045.76it/s]
  提取向量:  39%|███▉      | 389744/1001000 [04:32<07:16, 1401.66it/s]
  提取向量:  39%|███▉      | 391295/1001000 [04:32<05:33, 1829.92it/s]
  提取向量:  39%|███▉      | 393275/1001000 [04:32<03:54, 2595.72it/s]
  提取向量:  39%|███▉      | 395350/1001000 [04:32<02:46, 3636.62it/s]
  提取向量:  40%|███▉      | 397121/1001000 [04:32<02:08, 4701.57it/s]
  提取向量:  40%|███▉      | 398874/1001000 [04:38<12:03, 832.23it/s] 
  提取向量:  40%|████      | 400864/1001000 [04:39<08:21, 1196.70it/s]
  提取向量:  40%|████      | 402889/1001000 [04:39<05:51, 1703.22it/s]
  提取向量:  40%|████      | 404516/1001000 [04:39<04:27, 2228.31it/s]
  提取向量:  41%|████      | 406240/1001000 [04:39<03:20, 2970.54it/s]
  提取向量:  41%|████      | 408254/1001000 [04:39<02:24, 4103.49it/s]
  提取向量:  41%|████      | 410213/1001000 [04:39<01:48, 5437.06it/s]
  提取向量:  41%|████      | 412016/1001000 [04:47<13:08, 746.77it/s] 
  提取向量:  41%|████▏     | 413929/1001000 [04:47<09:15, 1056.68it/s]
  提取向量:  42%|████▏     | 415914/1001000 [04:47<06:30, 1498.70it/s]
  提取向量:  42%|████▏     | 417700/1001000 [04:47<04:47, 2030.27it/s]
  提取向量:  42%|████▏     | 419660/1001000 [04:47<03:26, 2809.63it/s]
  提取向量:  42%|████▏     | 421606/1001000 [04:47<02:32, 3800.65it/s]
  提取向量:  42%|████▏     | 423539/1001000 [04:54<12:18, 782.00it/s] 
  提取向量:  42%|████▏     | 425187/1001000 [04:54<09:07, 1051.22it/s]
  提取向量:  43%|████▎     | 426746/1001000 [04:54<06:50, 1398.97it/s]
  提取向量:  43%|████▎     | 428180/1001000 [04:54<05:14, 1823.13it/s]
  提取向量:  43%|████▎     | 430277/1001000 [04:54<03:32, 2684.13it/s]
  提取向量:  43%|████▎     | 432337/1001000 [04:55<02:31, 3764.97it/s]
  提取向量:  43%|████▎     | 434472/1001000 [04:55<01:49, 5159.96it/s]
  提取向量:  44%|████▎     | 436504/1001000 [04:55<01:24, 6697.27it/s]
  提取向量:  44%|████▍     | 438410/1001000 [05:04<13:36, 689.19it/s] 
  提取向量:  44%|████▍     | 441067/1001000 [05:04<08:41, 1074.41it/s]
  提取向量:  44%|████▍     | 443569/1001000 [05:04<05:54, 1572.99it/s]
  提取向量:  45%|████▍     | 446248/1001000 [05:04<04:01, 2301.38it/s]
  提取向量:  45%|████▍     | 448864/1001000 [05:04<02:50, 3246.17it/s]
  提取向量:  45%|████▌     | 451165/1001000 [05:11<09:43, 941.53it/s] 
  提取向量:  45%|████▌     | 453828/1001000 [05:11<06:41, 1364.43it/s]
  提取向量:  46%|████▌     | 455762/1001000 [05:11<05:07, 1775.23it/s]
  提取向量:  46%|████▌     | 457666/1001000 [05:11<03:58, 2282.82it/s]
  提取向量:  46%|████▌     | 459365/1001000 [05:11<03:09, 2861.59it/s]
  提取向量:  46%|████▌     | 460919/1001000 [05:11<02:32, 3545.56it/s]
  提取向量:  46%|████▌     | 462408/1001000 [05:11<02:05, 4297.07it/s]
  提取向量:  46%|████▋     | 463799/1001000 [05:22<18:41, 479.18it/s] 
  提取向量:  47%|████▋     | 466300/1001000 [05:22<11:26, 778.80it/s]
  提取向量:  47%|████▋     | 468933/1001000 [05:22<07:17, 1216.86it/s]
  提取向量:  47%|████▋     | 471514/1001000 [05:22<04:53, 1804.72it/s]
  提取向量:  47%|████▋     | 473929/1001000 [05:22<03:27, 2542.58it/s]
  提取向量:  48%|████▊     | 476164/1001000 [05:26<06:32, 1335.71it/s]
  提取向量:  48%|████▊     | 478604/1001000 [05:26<04:35, 1898.79it/s]
  提取向量:  48%|████▊     | 481019/1001000 [05:26<03:16, 2648.66it/s]
  提取向量:  48%|████▊     | 483476/1001000 [05:26<02:21, 3655.52it/s]
  提取向量:  49%|████▊     | 485621/1001000 [05:38<15:13, 564.34it/s] 
  提取向量:  49%|████▊     | 487202/1001000 [05:39<11:51, 721.99it/s]
  提取向量:  49%|████▉     | 489177/1001000 [05:39<08:33, 996.70it/s]
  提取向量:  49%|████▉     | 491072/1001000 [05:39<06:16, 1354.56it/s]
  提取向量:  49%|████▉     | 492964/1001000 [05:39<04:34, 1847.74it/s]
  提取向量:  49%|████▉     | 495116/1001000 [05:39<03:14, 2605.99it/s]
  提取向量:  50%|████▉     | 497077/1001000 [05:46<10:30, 799.02it/s] 
  提取向量:  50%|████▉     | 499558/1001000 [05:46<06:57, 1201.51it/s]
  提取向量:  50%|█████     | 502057/1001000 [05:46<04:43, 1757.98it/s]
  提取向量:  50%|█████     | 504703/1001000 [05:46<03:14, 2556.67it/s]
  提取向量:  51%|█████     | 507265/1001000 [05:46<02:18, 3574.50it/s]
  提取向量:  51%|█████     | 509714/1001000 [05:46<01:42, 4813.22it/s]
  提取向量:  51%|█████     | 512029/1001000 [05:55<10:33, 771.83it/s] 
  提取向量:  51%|█████▏    | 514661/1001000 [05:55<07:14, 1119.31it/s]
  提取向量:  52%|█████▏    | 517161/1001000 [05:55<05:07, 1574.44it/s]
  提取向量:  52%|█████▏    | 519689/1001000 [05:56<03:38, 2202.67it/s]
  提取向量:  52%|█████▏    | 522301/1001000 [05:56<02:35, 3074.70it/s]
  提取向量:  52%|█████▏    | 524640/1001000 [06:02<08:13, 965.57it/s] 
  提取向量:  53%|█████▎    | 527255/1001000 [06:02<05:43, 1380.13it/s]
  提取向量:  53%|█████▎    | 529899/1001000 [06:02<04:00, 1955.82it/s]
  提取向量:  53%|█████▎    | 532549/1001000 [06:03<02:51, 2735.53it/s]
  提取向量:  53%|█████▎    | 534916/1001000 [06:03<02:07, 3644.44it/s]
  提取向量:  54%|█████▎    | 537231/1001000 [06:07<05:27, 1416.34it/s]
  提取向量:  54%|█████▍    | 539884/1001000 [06:07<03:48, 2021.69it/s]
  提取向量:  54%|█████▍    | 542459/1001000 [06:07<02:43, 2811.27it/s]
  提取向量:  54%|█████▍    | 545036/1001000 [06:07<01:58, 3852.29it/s]
  提取向量:  55%|█████▍    | 547619/1001000 [06:07<01:27, 5188.89it/s]
  提取向量:  55%|█████▍    | 549970/1001000 [06:13<05:59, 1253.28it/s]
  提取向量:  55%|█████▌    | 552546/1001000 [06:13<04:13, 1769.51it/s]
  提取向量:  55%|█████▌    | 555102/1001000 [06:13<03:00, 2464.47it/s]
  提取向量:  56%|█████▌    | 557584/1001000 [06:13<02:11, 3360.04it/s]
  提取向量:  56%|█████▌    | 560121/1001000 [06:13<01:36, 4551.01it/s]
  提取向量:  56%|█████▌    | 562439/1001000 [06:17<04:28, 1630.60it/s]
  提取向量:  56%|█████▋    | 564899/1001000 [06:17<03:12, 2264.75it/s]
  提取向量:  57%|█████▋    | 567387/1001000 [06:17<02:18, 3122.50it/s]
  提取向量:  57%|█████▋    | 570012/1001000 [06:17<01:39, 4310.50it/s]
  提取向量:  57%|█████▋    | 572589/1001000 [06:17<01:14, 5777.68it/s]
  提取向量:  57%|█████▋    | 575077/1001000 [06:21<03:50, 1847.86it/s]
  提取向量:  58%|█████▊    | 577534/1001000 [06:21<02:46, 2539.53it/s]
  提取向量:  58%|█████▊    | 580035/1001000 [06:21<02:01, 3475.84it/s]
  提取向量:  58%|█████▊    | 582352/1001000 [06:21<01:31, 4581.03it/s]
  提取向量:  58%|█████▊    | 584910/1001000 [06:21<01:07, 6139.89it/s]
  提取向量:  59%|█████▊    | 587477/1001000 [06:21<00:51, 8010.48it/s]
  提取向量:  59%|█████▉    | 589828/1001000 [06:26<04:20, 1579.48it/s]
  提取向量:  59%|█████▉    | 592505/1001000 [06:26<03:01, 2254.11it/s]
  提取向量:  59%|█████▉    | 595091/1001000 [06:26<02:09, 3123.06it/s]
  提取向量:  60%|█████▉    | 597699/1001000 [06:26<01:34, 4270.53it/s]
  提取向量:  60%|█████▉    | 600425/1001000 [06:26<01:09, 5801.46it/s]
  提取向量:  60%|██████    | 602837/1001000 [06:32<05:20, 1241.72it/s]
  提取向量:  60%|██████    | 605479/1001000 [06:32<03:45, 1755.88it/s]
  提取向量:  61%|██████    | 608102/1001000 [06:32<02:40, 2449.75it/s]
  提取向量:  61%|██████    | 610702/1001000 [06:32<01:55, 3366.20it/s]
  提取向量:  61%|██████▏   | 613306/1001000 [06:32<01:25, 4559.18it/s]
  提取向量:  62%|██████▏   | 615692/1001000 [06:40<06:48, 943.11it/s] 
  提取向量:  62%|██████▏   | 618335/1001000 [06:40<04:44, 1343.19it/s]
  提取向量:  62%|██████▏   | 620976/1001000 [06:40<03:20, 1892.92it/s]
  提取向量:  62%|██████▏   | 623522/1001000 [06:40<02:24, 2608.29it/s]
  提取向量:  63%|██████▎   | 626063/1001000 [06:40<01:45, 3556.01it/s]
  提取向量:  63%|██████▎   | 628414/1001000 [06:47<06:10, 1006.01it/s]
  提取向量:  63%|██████▎   | 631106/1001000 [06:47<04:15, 1445.03it/s]
  提取向量:  63%|██████▎   | 633806/1001000 [06:47<02:59, 2048.92it/s]
  提取向量:  64%|██████▎   | 636264/1001000 [06:47<02:10, 2784.71it/s]
  提取向量:  64%|██████▍   | 638855/1001000 [06:47<01:34, 3815.36it/s]
  提取向量:  64%|██████▍   | 641217/1001000 [06:54<05:49, 1027.97it/s]
  提取向量:  64%|██████▍   | 643853/1001000 [06:54<04:03, 1465.57it/s]
  提取向量:  65%|██████▍   | 646543/1001000 [06:54<02:50, 2078.02it/s]
  提取向量:  65%|██████▍   | 649242/1001000 [06:54<02:01, 2905.97it/s]
  提取向量:  65%|██████▌   | 651900/1001000 [06:54<01:27, 3978.18it/s]
  提取向量:  65%|██████▌   | 654320/1001000 [07:00<04:53, 1179.20it/s]
  提取向量:  66%|██████▌   | 656829/1001000 [07:00<03:29, 1640.48it/s]
  提取向量:  66%|██████▌   | 659414/1001000 [07:00<02:29, 2289.78it/s]
  提取向量:  66%|██████▌   | 661953/1001000 [07:00<01:47, 3141.89it/s]
  提取向量:  66%|██████▋   | 664490/1001000 [07:00<01:19, 4253.26it/s]
  提取向量:  67%|██████▋   | 666824/1001000 [07:07<05:35, 997.19it/s] 
  提取向量:  67%|██████▋   | 669493/1001000 [07:07<03:51, 1431.59it/s]
  提取向量:  67%|██████▋   | 672169/1001000 [07:08<02:42, 2028.79it/s]
  提取向量:  67%|██████▋   | 674738/1001000 [07:08<01:56, 2799.60it/s]
  提取向量:  68%|██████▊   | 677424/1001000 [07:08<01:23, 3869.05it/s]
  提取向量:  68%|██████▊   | 679824/1001000 [07:14<04:56, 1081.84it/s]
  提取向量:  68%|██████▊   | 682316/1001000 [07:14<03:31, 1507.80it/s]
  提取向量:  68%|██████▊   | 685023/1001000 [07:14<02:27, 2143.88it/s]
  提取向量:  69%|██████▊   | 687688/1001000 [07:14<01:44, 2984.72it/s]
  提取向量:  69%|██████▉   | 690321/1001000 [07:14<01:16, 4074.81it/s]
  提取向量:  69%|██████▉   | 692716/1001000 [07:20<04:19, 1188.29it/s]
  提取向量:  69%|██████▉   | 695429/1001000 [07:20<03:00, 1696.06it/s]
  提取向量:  70%|██████▉   | 698084/1001000 [07:20<02:07, 2372.07it/s]
  提取向量:  70%|███████   | 700773/1001000 [07:20<01:31, 3288.53it/s]
  提取向量:  70%|███████   | 703383/1001000 [07:21<01:06, 4445.41it/s]
  提取向量:  71%|███████   | 705796/1001000 [07:24<02:52, 1709.32it/s]
  提取向量:  71%|███████   | 708364/1001000 [07:24<02:03, 2374.91it/s]
  提取向量:  71%|███████   | 710966/1001000 [07:24<01:28, 3276.85it/s]
  提取向量:  71%|███████▏  | 713664/1001000 [07:24<01:03, 4499.78it/s]
  提取向量:  72%|███████▏  | 716324/1001000 [07:25<00:47, 6014.76it/s]
  提取向量:  72%|███████▏  | 718731/1001000 [07:29<03:09, 1486.42it/s]
  提取向量:  72%|███████▏  | 721321/1001000 [07:29<02:14, 2078.80it/s]
  提取向量:  72%|███████▏  | 723874/1001000 [07:29<01:36, 2864.48it/s]
  提取向量:  73%|███████▎  | 726551/1001000 [07:30<01:09, 3955.43it/s]
  提取向量:  73%|███████▎  | 728848/1001000 [07:38<05:38, 803.01it/s] 
  提取向量:  73%|███████▎  | 731494/1001000 [07:39<03:54, 1150.19it/s]
  提取向量:  73%|███████▎  | 734169/1001000 [07:39<02:43, 1635.59it/s]
  提取向量:  74%|███████▎  | 736866/1001000 [07:39<01:54, 2303.52it/s]
  提取向量:  74%|███████▍  | 739500/1001000 [07:39<01:22, 3176.10it/s]
  提取向量:  74%|███████▍  | 741901/1001000 [07:47<05:21, 806.64it/s] 
  提取向量:  74%|███████▍  | 744554/1001000 [07:48<03:43, 1149.64it/s]
  提取向量:  75%|███████▍  | 747158/1001000 [07:48<02:37, 1614.90it/s]
  提取向量:  75%|███████▍  | 749898/1001000 [07:48<01:49, 2285.13it/s]
  提取向量:  75%|███████▌  | 752569/1001000 [07:48<01:18, 3160.02it/s]
  提取向量:  75%|███████▌  | 754999/1001000 [07:52<02:46, 1479.75it/s]
  提取向量:  76%|███████▌  | 757637/1001000 [07:52<01:57, 2076.47it/s]
  提取向量:  76%|███████▌  | 760321/1001000 [07:52<01:23, 2895.76it/s]
  提取向量:  76%|███████▌  | 763029/1001000 [07:52<00:59, 3986.53it/s]
  提取向量:  76%|███████▋  | 765615/1001000 [07:56<02:27, 1590.45it/s]
  提取向量:  77%|███████▋  | 768205/1001000 [07:56<01:45, 2204.36it/s]
  提取向量:  77%|███████▋  | 770896/1001000 [07:56<01:15, 3064.27it/s]
  提取向量:  77%|███████▋  | 773414/1001000 [07:56<00:55, 4112.12it/s]
  提取向量:  78%|███████▊  | 776027/1001000 [07:56<00:40, 5507.49it/s]
  提取向量:  78%|███████▊  | 778610/1001000 [07:57<00:30, 7194.99it/s]
  提取向量:  78%|███████▊  | 781043/1001000 [08:00<02:03, 1777.32it/s]
  提取向量:  78%|███████▊  | 783646/1001000 [08:01<01:27, 2480.79it/s]
  提取向量:  79%|███████▊  | 786360/1001000 [08:01<01:02, 3461.75it/s]
  提取向量:  79%|███████▉  | 788944/1001000 [08:01<00:45, 4664.17it/s]
  提取向量:  79%|███████▉  | 791615/1001000 [08:05<02:22, 1471.31it/s]
  提取向量:  79%|███████▉  | 794239/1001000 [08:05<01:40, 2052.74it/s]
  提取向量:  80%|███████▉  | 796907/1001000 [08:06<01:11, 2851.56it/s]
  提取向量:  80%|███████▉  | 799545/1001000 [08:06<00:51, 3893.66it/s]
  提取向量:  80%|████████  | 802148/1001000 [08:06<00:38, 5210.20it/s]
  提取向量:  80%|████████  | 804615/1001000 [08:12<02:38, 1237.51it/s]
  提取向量:  81%|████████  | 807160/1001000 [08:12<01:52, 1725.38it/s]
  提取向量:  81%|████████  | 809754/1001000 [08:12<01:19, 2402.83it/s]
  提取向量:  81%|████████  | 812427/1001000 [08:12<00:56, 3337.69it/s]
  提取向量:  81%|████████▏ | 815136/1001000 [08:12<00:40, 4571.67it/s]
  提取向量:  82%|████████▏ | 817615/1001000 [08:18<02:30, 1216.99it/s]
  提取向量:  82%|████████▏ | 820213/1001000 [08:18<01:45, 1705.84it/s]
  提取向量:  82%|████████▏ | 822824/1001000 [08:18<01:15, 2375.00it/s]
  提取向量:  82%|████████▏ | 825500/1001000 [08:18<00:53, 3294.48it/s]
  提取向量:  83%|████████▎ | 828128/1001000 [08:18<00:38, 4463.82it/s]
  提取向量:  83%|████████▎ | 830615/1001000 [08:23<01:55, 1474.08it/s]
  提取向量:  83%|████████▎ | 833240/1001000 [08:23<01:21, 2065.36it/s]
  提取向量:  84%|████████▎ | 835900/1001000 [08:23<00:57, 2873.32it/s]
  提取向量:  84%|████████▍ | 838527/1001000 [08:23<00:41, 3924.92it/s]
  提取向量:  84%|████████▍ | 841251/1001000 [08:23<00:29, 5329.56it/s]
  提取向量:  84%|████████▍ | 843670/1001000 [08:27<01:31, 1711.00it/s]
  提取向量:  85%|████████▍ | 846251/1001000 [08:27<01:05, 2376.40it/s]
  提取向量:  85%|████████▍ | 848848/1001000 [08:27<00:46, 3270.94it/s]
  提取向量:  85%|████████▌ | 851518/1001000 [08:27<00:33, 4474.71it/s]
  提取向量:  85%|████████▌ | 854250/1001000 [08:27<00:24, 6037.56it/s]
  提取向量:  86%|████████▌ | 856680/1001000 [08:35<02:28, 970.77it/s] 
  提取向量:  86%|████████▌ | 859290/1001000 [08:35<01:43, 1369.10it/s]
  提取向量:  86%|████████▌ | 861898/1001000 [08:35<01:12, 1916.29it/s]
  提取向量:  86%|████████▋ | 864580/1001000 [08:35<00:50, 2679.08it/s]
  提取向量:  87%|████████▋ | 867244/1001000 [08:35<00:36, 3683.99it/s]
  提取向量:  87%|████████▋ | 869657/1001000 [08:40<01:28, 1481.63it/s]
  提取向量:  87%|████████▋ | 872234/1001000 [08:40<01:02, 2067.67it/s]
  提取向量:  87%|████████▋ | 874883/1001000 [08:40<00:43, 2880.97it/s]
  提取向量:  88%|████████▊ | 877540/1001000 [08:40<00:31, 3956.43it/s]
  提取向量:  88%|████████▊ | 880072/1001000 [08:40<00:23, 5257.55it/s]
  提取向量:  88%|████████▊ | 882615/1001000 [08:49<02:17, 861.65it/s] 
  提取向量:  88%|████████▊ | 885204/1001000 [08:49<01:35, 1215.35it/s]
  提取向量:  89%|████████▊ | 887770/1001000 [08:49<01:06, 1698.97it/s]
  提取向量:  89%|████████▉ | 890404/1001000 [08:49<00:46, 2376.32it/s]
  提取向量:  89%|████████▉ | 893009/1001000 [08:49<00:33, 3270.72it/s]
  提取向量:  89%|████████▉ | 895615/1001000 [08:53<01:07, 1564.13it/s]
  提取向量:  90%|████████▉ | 898178/1001000 [08:53<00:47, 2169.13it/s]
  提取向量:  90%|████████▉ | 900775/1001000 [08:53<00:33, 2993.97it/s]
  提取向量:  90%|█████████ | 903420/1001000 [08:53<00:23, 4099.39it/s]
  提取向量:  91%|█████████ | 906140/1001000 [08:53<00:17, 5555.50it/s]
  提取向量:  91%|█████████ | 908615/1001000 [08:58<01:01, 1509.89it/s]
  提取向量:  91%|█████████ | 911235/1001000 [08:58<00:42, 2111.23it/s]
  提取向量:  91%|█████████▏| 913944/1001000 [08:58<00:29, 2950.69it/s]
  提取向量:  92%|█████████▏| 916597/1001000 [08:58<00:20, 4030.88it/s]
  提取向量:  92%|█████████▏| 919283/1001000 [08:58<00:15, 5433.45it/s]
  提取向量:  92%|█████████▏| 921718/1001000 [09:02<00:42, 1845.35it/s]
  提取向量:  92%|█████████▏| 924257/1001000 [09:02<00:30, 2543.60it/s]
  提取向量:  93%|█████████▎| 926921/1001000 [09:02<00:21, 3522.87it/s]
  提取向量:  93%|█████████▎| 929547/1001000 [09:02<00:14, 4769.58it/s]
  提取向量:  93%|█████████▎| 932149/1001000 [09:02<00:10, 6312.89it/s]
  提取向量:  93%|█████████▎| 934615/1001000 [09:08<00:52, 1256.47it/s]
  提取向量:  94%|█████████▎| 937218/1001000 [09:08<00:36, 1765.81it/s]
  提取向量:  94%|█████████▍| 939848/1001000 [09:08<00:24, 2465.75it/s]
  提取向量:  94%|█████████▍| 942485/1001000 [09:08<00:17, 3401.39it/s]
  提取向量:  94%|█████████▍| 945155/1001000 [09:08<00:12, 4635.02it/s]
  提取向量:  95%|█████████▍| 947615/1001000 [09:12<00:30, 1730.69it/s]
  提取向量:  95%|█████████▍| 950289/1001000 [09:12<00:20, 2430.16it/s]
  提取向量:  95%|█████████▌| 952925/1001000 [09:12<00:14, 3349.60it/s]
  提取向量:  95%|█████████▌| 955539/1001000 [09:12<00:10, 4535.56it/s]
  提取向量:  96%|█████████▌| 958201/1001000 [09:13<00:07, 6059.92it/s]
  提取向量:  96%|█████████▌| 960615/1001000 [09:15<00:16, 2504.39it/s]
  提取向量:  96%|█████████▌| 963308/1001000 [09:15<00:10, 3484.47it/s]
  提取向量:  96%|█████████▋| 965948/1001000 [09:15<00:07, 4727.06it/s]
  提取向量:  97%|█████████▋| 968620/1001000 [09:15<00:05, 6306.07it/s]
  提取向量:  97%|█████████▋| 970950/1001000 [09:27<00:44, 670.37it/s] 
  提取向量:  97%|█████████▋| 973509/1001000 [09:27<00:28, 948.88it/s]
  提取向量:  98%|█████████▊| 976149/1001000 [09:27<00:18, 1348.88it/s]
  提取向量:  98%|█████████▊| 978807/1001000 [09:27<00:11, 1902.56it/s]
  提取向量:  98%|█████████▊| 981422/1001000 [09:27<00:07, 2639.54it/s]
  提取向量:  98%|█████████▊| 983962/1001000 [09:34<00:18, 937.57it/s] 
  提取向量:  99%|█████████▊| 986630/1001000 [09:34<00:10, 1331.56it/s]
  提取向量:  99%|█████████▉| 989262/1001000 [09:34<00:06, 1866.11it/s]
  提取向量:  99%|█████████▉| 991956/1001000 [09:34<00:03, 2609.60it/s]
  提取向量:  99%|█████████▉| 994562/1001000 [09:35<00:01, 3562.73it/s]
  提取向量: 100%|█████████▉| 996997/1001000 [09:42<00:04, 901.14it/s] 
  提取向量: 100%|█████████▉| 999671/1001000 [09:42<00:01, 1283.36it/s]
  提取向量: 100%|█████████▉| 1000999/1001000 [09:43<00:00, 1716.88it/s]
  训练集: (1000000, 384), 测试集: (1000, 384)
  计算 ground truth (top-10)...

  GT 计算:   0%|          | 0/10 [00:00<?, ?it/s]
  GT 计算:  10%|█         | 1/10 [00:00<00:05,  1.67it/s]
  GT 计算:  20%|██        | 2/10 [00:01<00:04,  1.64it/s]
  GT 计算:  30%|███       | 3/10 [00:01<00:04,  1.63it/s]
  GT 计算:  40%|████      | 4/10 [00:02<00:03,  1.68it/s]
  GT 计算:  50%|█████     | 5/10 [00:02<00:02,  1.73it/s]
  GT 计算:  60%|██████    | 6/10 [00:03<00:02,  1.78it/s]
  GT 计算:  70%|███████   | 7/10 [00:03<00:01,  1.83it/s]
  GT 计算:  80%|████████  | 8/10 [00:04<00:01,  1.86it/s]
  GT 计算:  90%|█████████ | 9/10 [00:05<00:00,  1.88it/s]
  GT 计算: 100%|██████████| 10/10 [00:05<00:00,  1.92it/s]
  GT 计算: 100%|██████████| 10/10 [00:05<00:00,  1.81it/s]
  [OK] minilm_train.f32: shape=(1000000, 384), 1464.8 MB
  [OK] minilm_test.f32: shape=(1000, 384), 1.5 MB
  [OK] minilm_groundtruth.i32: shape=(1000, 10), 0.0 MB
  [完成] 耗时 598.7s

======================================================================
  完成! 成功: 1, 失败: 0
======================================================================
Exception ignored in: <function ResourceTracker.__del__ at 0x000001FAEE1FB560>
Traceback (most recent call last):
  File "C:\Users\v_chchsli\Desktop\TriviumDB\.venv\Lib\site-packages\multiprocess\resource_tracker.py", line 80, in __del__
  File "C:\Users\v_chchsli\Desktop\TriviumDB\.venv\Lib\site-packages\multiprocess\resource_tracker.py", line 89, in _stop
  File "C:\Users\v_chchsli\Desktop\TriviumDB\.venv\Lib\site-packages\multiprocess\resource_tracker.py", line 102, in _stop_locked
AttributeError: '_thread.RLock' object has no attribute '_recursion_count'
