将处理 1 个数据集: wolt_clip
输出目录: C:\Users\v_chchsli\Desktop\TriviumDB

======================================================================
  Wolt Food CLIP ViT-B/32 (512-d, multimodal)
  源: huggingface | 前缀: wolt_clip
======================================================================
  [Streaming] 取前 1,001,000 条...
Warning: You are sending unauthenticated requests to the HF Hub. Please set a HF_TOKEN to enable higher rate limits and faster downloads.

  提取向量:   0%|          | 0/1001000 [00:00<?, ?it/s]
  提取向量:   0%|          | 1/1001000 [00:05<1667:29:41,  6.00s/it]
  提取向量:   0%|          | 1560/1001000 [00:06<45:54, 362.88it/s] 
  提取向量:   0%|          | 3208/1001000 [00:06<18:52, 881.17it/s]
  提取向量:   0%|          | 4727/1001000 [00:06<10:59, 1509.65it/s]
  提取向量:   1%|          | 6080/1001000 [00:10<27:39, 599.69it/s] 
  提取向量:   1%|          | 7707/1001000 [00:11<17:27, 948.68it/s]
  提取向量:   1%|          | 9379/1001000 [00:11<11:31, 1434.93it/s]
  提取向量:   1%|          | 11072/1001000 [00:11<07:54, 2088.40it/s]
  提取向量:   1%|▏         | 12738/1001000 [00:11<05:38, 2916.44it/s]
  提取向量:   1%|▏         | 14237/1001000 [00:14<15:19, 1073.54it/s]
  提取向量:   2%|▏         | 15857/1001000 [00:14<10:49, 1515.62it/s]
  提取向量:   2%|▏         | 17539/1001000 [00:15<07:42, 2128.63it/s]
  提取向量:   2%|▏         | 19183/1001000 [00:15<05:38, 2903.55it/s]
  提取向量:   2%|▏         | 20627/1001000 [00:19<16:29, 991.25it/s] 
  提取向量:   2%|▏         | 22198/1001000 [00:19<11:48, 1381.55it/s]
  提取向量:   2%|▏         | 23853/1001000 [00:19<08:25, 1934.73it/s]
  提取向量:   3%|▎         | 25539/1001000 [00:19<06:04, 2673.99it/s]
  提取向量:   3%|▎         | 27001/1001000 [00:28<31:20, 518.00it/s] 
  提取向量:   3%|▎         | 28585/1001000 [00:28<22:09, 731.27it/s]
  提取向量:   3%|▎         | 30193/1001000 [00:28<15:42, 1030.47it/s]
  提取向量:   3%|▎         | 31863/1001000 [00:28<11:06, 1454.85it/s]
  提取向量:   3%|▎         | 33521/1001000 [00:28<07:59, 2018.49it/s]
  提取向量:   3%|▎         | 35004/1001000 [00:32<16:46, 959.79it/s] 
  提取向量:   4%|▎         | 36554/1001000 [00:32<12:06, 1327.93it/s]
  提取向量:   4%|▍         | 38001/1001000 [00:32<08:59, 1786.35it/s]
  提取向量:   4%|▍         | 39706/1001000 [00:32<06:22, 2510.87it/s]
  提取向量:   4%|▍         | 41103/1001000 [00:36<18:40, 857.04it/s] 
  提取向量:   4%|▍         | 42776/1001000 [00:37<12:59, 1229.34it/s]
  提取向量:   4%|▍         | 44407/1001000 [00:37<09:16, 1717.87it/s]
  提取向量:   5%|▍         | 45993/1001000 [00:37<06:47, 2342.98it/s]
  提取向量:   5%|▍         | 47646/1001000 [00:37<04:59, 3186.22it/s]
  提取向量:   5%|▍         | 49251/1001000 [00:37<03:47, 4188.93it/s]
  提取向量:   5%|▌         | 50758/1001000 [00:44<22:39, 698.76it/s] 
  提取向量:   5%|▌         | 52390/1001000 [00:44<15:58, 989.69it/s]
  提取向量:   5%|▌         | 54074/1001000 [00:44<11:16, 1400.43it/s]
  提取向量:   6%|▌         | 55768/1001000 [00:44<08:03, 1955.27it/s]
  提取向量:   6%|▌         | 57230/1001000 [00:49<19:46, 795.67it/s] 
  提取向量:   6%|▌         | 58848/1001000 [00:49<14:02, 1118.86it/s]
  提取向量:   6%|▌         | 60512/1001000 [00:49<09:58, 1571.16it/s]
  提取向量:   6%|▌         | 62186/1001000 [00:49<07:11, 2176.90it/s]
  提取向量:   6%|▋         | 63625/1001000 [00:55<22:24, 697.30it/s] 
  提取向量:   6%|▋         | 65051/1001000 [00:55<16:25, 949.67it/s]
  提取向量:   7%|▋         | 66725/1001000 [00:55<11:27, 1358.32it/s]
  提取向量:   7%|▋         | 68392/1001000 [00:55<08:09, 1903.90it/s]
  提取向量:   7%|▋         | 70001/1001000 [01:00<19:21, 801.56it/s] 
  提取向量:   7%|▋         | 70993/1001000 [01:00<15:40, 989.33it/s]
  提取向量:   7%|▋         | 71943/1001000 [01:00<12:35, 1229.35it/s]
  提取向量:   7%|▋         | 72848/1001000 [01:00<10:06, 1531.52it/s]
  提取向量:   7%|▋         | 73724/1001000 [01:00<08:07, 1902.31it/s]
  提取向量:   7%|▋         | 74568/1001000 [01:00<06:33, 2352.74it/s]
  提取向量:   8%|▊         | 75486/1001000 [01:00<05:11, 2969.87it/s]
  提取向量:   8%|▊         | 76406/1001000 [01:00<04:11, 3681.46it/s]
  提取向量:   8%|▊         | 77278/1001000 [01:04<18:41, 823.65it/s] 
  提取向量:   8%|▊         | 78389/1001000 [01:04<12:50, 1197.22it/s]
  提取向量:   8%|▊         | 79567/1001000 [01:04<08:56, 1718.84it/s]
  提取向量:   8%|▊         | 81166/1001000 [01:04<05:46, 2657.22it/s]
  提取向量:   8%|▊         | 82764/1001000 [01:04<04:01, 3800.18it/s]
  提取向量:   8%|▊         | 84009/1001000 [01:08<15:32, 983.23it/s] 
  提取向量:   9%|▊         | 85569/1001000 [01:08<10:35, 1441.15it/s]
  提取向量:   9%|▊         | 87174/1001000 [01:08<07:22, 2066.38it/s]
  提取向量:   9%|▉         | 88854/1001000 [01:08<05:12, 2915.64it/s]
  提取向量:   9%|▉         | 90551/1001000 [01:08<03:48, 3983.01it/s]
  提取向量:   9%|▉         | 92015/1001000 [01:14<20:07, 752.76it/s] 
  提取向量:   9%|▉         | 93616/1001000 [01:14<14:11, 1065.76it/s]
  提取向量:  10%|▉         | 95157/1001000 [01:14<10:14, 1474.25it/s]
  提取向量:  10%|▉         | 96730/1001000 [01:14<07:25, 2031.40it/s]
  提取向量:  10%|▉         | 98110/1001000 [01:14<05:41, 2645.93it/s]
  提取向量:  10%|▉         | 99467/1001000 [01:14<04:25, 3393.50it/s]
  提取向量:  10%|█         | 100796/1001000 [01:22<25:49, 580.78it/s]
  提取向量:  10%|█         | 102463/1001000 [01:22<17:27, 857.61it/s]
  提取向量:  10%|█         | 104168/1001000 [01:22<11:59, 1245.75it/s]
  提取向量:  11%|█         | 105835/1001000 [01:22<08:29, 1756.32it/s]
  提取向量:  11%|█         | 107249/1001000 [01:26<17:25, 855.14it/s] 
  提取向量:  11%|█         | 108967/1001000 [01:26<12:02, 1234.90it/s]
  提取向量:  11%|█         | 110667/1001000 [01:26<08:31, 1741.71it/s]
  提取向量:  11%|█         | 112403/1001000 [01:26<06:06, 2427.40it/s]
  提取向量:  11%|█▏        | 113869/1001000 [01:30<14:28, 1021.21it/s]
  提取向量:  12%|█▏        | 115514/1001000 [01:30<10:18, 1431.74it/s]
  提取向量:  12%|█▏        | 117275/1001000 [01:30<07:16, 2023.84it/s]
  提取向量:  12%|█▏        | 119021/1001000 [01:30<05:16, 2790.97it/s]
  提取向量:  12%|█▏        | 120508/1001000 [01:36<19:26, 754.75it/s] 
  提取向量:  12%|█▏        | 122178/1001000 [01:36<13:44, 1065.83it/s]
  提取向量:  12%|█▏        | 123923/1001000 [01:36<09:40, 1510.14it/s]
  提取向量:  13%|█▎        | 125619/1001000 [01:36<06:59, 2085.94it/s]
  提取向量:  13%|█▎        | 127095/1001000 [01:43<23:19, 624.45it/s] 
  提取向量:  13%|█▎        | 128848/1001000 [01:43<16:09, 899.53it/s]
  提取向量:  13%|█▎        | 130577/1001000 [01:43<11:24, 1271.87it/s]
  提取向量:  13%|█▎        | 132290/1001000 [01:43<08:10, 1770.07it/s]
  提取向量:  13%|█▎        | 133927/1001000 [01:43<06:01, 2397.33it/s]
  提取向量:  14%|█▎        | 135458/1001000 [01:48<16:35, 869.85it/s] 
  提取向量:  14%|█▎        | 137101/1001000 [01:48<11:49, 1217.49it/s]
  提取向量:  14%|█▍        | 138792/1001000 [01:48<08:26, 1702.48it/s]
  提取向量:  14%|█▍        | 140481/1001000 [01:48<06:07, 2344.14it/s]
  提取向量:  14%|█▍        | 141947/1001000 [01:53<16:33, 865.03it/s] 
  提取向量:  14%|█▍        | 143655/1001000 [01:53<11:36, 1231.30it/s]
  提取向量:  15%|█▍        | 145385/1001000 [01:53<08:13, 1733.62it/s]
  提取向量:  15%|█▍        | 147143/1001000 [01:53<05:54, 2410.90it/s]
  提取向量:  15%|█▍        | 148897/1001000 [01:53<04:19, 3281.36it/s]
  提取向量:  15%|█▌        | 150469/1001000 [02:04<31:01, 457.01it/s] 
  提取向量:  15%|█▌        | 152088/1001000 [02:04<22:07, 639.50it/s]
  提取向量:  15%|█▌        | 153726/1001000 [02:04<15:45, 895.92it/s]
  提取向量:  16%|█▌        | 155416/1001000 [02:04<11:11, 1259.81it/s]
  提取向量:  16%|█▌        | 157036/1001000 [02:09<19:12, 732.34it/s] 
  提取向量:  16%|█▌        | 158714/1001000 [02:09<13:36, 1031.92it/s]
  提取向量:  16%|█▌        | 160437/1001000 [02:09<09:38, 1452.59it/s]
  提取向量:  16%|█▌        | 162152/1001000 [02:09<06:56, 2014.10it/s]
  提取向量:  16%|█▋        | 163662/1001000 [02:13<15:07, 922.85it/s] 
  提取向量:  17%|█▋        | 165404/1001000 [02:13<10:36, 1312.31it/s]
  提取向量:  17%|█▋        | 167122/1001000 [02:13<07:35, 1829.78it/s]
  提取向量:  17%|█▋        | 168853/1001000 [02:13<05:30, 2519.15it/s]
  提取向量:  17%|█▋        | 170352/1001000 [02:17<13:24, 1032.84it/s]
  提取向量:  17%|█▋        | 171965/1001000 [02:17<09:39, 1430.15it/s]
  提取向量:  17%|█▋        | 173596/1001000 [02:17<07:00, 1969.10it/s]
  提取向量:  18%|█▊        | 175373/1001000 [02:17<05:00, 2746.60it/s]
  提取向量:  18%|█▊        | 177001/1001000 [02:22<14:58, 916.62it/s] 
  提取向量:  18%|█▊        | 178672/1001000 [02:22<10:41, 1281.53it/s]
  提取向量:  18%|█▊        | 180360/1001000 [02:22<07:41, 1779.79it/s]
  提取向量:  18%|█▊        | 182019/1001000 [02:22<05:37, 2426.29it/s]
  提取向量:  18%|█▊        | 183635/1001000 [02:22<04:12, 3231.61it/s]
  提取向量:  18%|█▊        | 185135/1001000 [02:27<14:14, 954.34it/s] 
  提取向量:  19%|█▊        | 186840/1001000 [02:27<10:01, 1353.74it/s]
  提取向量:  19%|█▉        | 188519/1001000 [02:27<07:11, 1882.18it/s]
  提取向量:  19%|█▉        | 190235/1001000 [02:27<05:12, 2593.79it/s]
  提取向量:  19%|█▉        | 191710/1001000 [02:31<13:00, 1036.45it/s]
  提取向量:  19%|█▉        | 193399/1001000 [02:31<09:12, 1461.77it/s]
  提取向量:  19%|█▉        | 195160/1001000 [02:31<06:31, 2057.25it/s]
  提取向量:  20%|█▉        | 196891/1001000 [02:31<04:45, 2820.72it/s]
  提取向量:  20%|█▉        | 198631/1001000 [02:31<03:31, 3792.84it/s]
  提取向量:  20%|█▉        | 200194/1001000 [02:38<18:58, 703.69it/s] 
  提取向量:  20%|██        | 201916/1001000 [02:38<13:20, 997.86it/s]
  提取向量:  20%|██        | 203599/1001000 [02:38<09:33, 1390.64it/s]
  提取向量:  21%|██        | 205245/1001000 [02:38<06:57, 1906.39it/s]
  提取向量:  21%|██        | 206718/1001000 [02:42<13:56, 950.01it/s] 
  提取向量:  21%|██        | 208407/1001000 [02:42<09:50, 1342.67it/s]
  提取向量:  21%|██        | 210163/1001000 [02:42<06:57, 1894.06it/s]
  提取向量:  21%|██        | 211915/1001000 [02:42<05:01, 2617.04it/s]
  提取向量:  21%|██▏       | 213410/1001000 [02:47<14:37, 897.57it/s] 
  提取向量:  21%|██▏       | 215129/1001000 [02:47<10:17, 1271.91it/s]
  提取向量:  22%|██▏       | 216847/1001000 [02:47<07:21, 1777.40it/s]
  提取向量:  22%|██▏       | 218552/1001000 [02:47<05:20, 2439.96it/s]
  提取向量:  22%|██▏       | 220034/1001000 [02:51<14:29, 898.06it/s] 
  提取向量:  22%|██▏       | 221740/1001000 [02:52<10:12, 1271.98it/s]
  提取向量:  22%|██▏       | 223409/1001000 [02:52<07:20, 1765.13it/s]
  提取向量:  22%|██▏       | 225094/1001000 [02:52<05:20, 2423.58it/s]
  提取向量:  23%|██▎       | 226768/1001000 [02:52<03:57, 3263.10it/s]
  提取向量:  23%|██▎       | 228288/1001000 [02:56<12:57, 994.41it/s] 
  提取向量:  23%|██▎       | 230017/1001000 [02:56<09:06, 1411.10it/s]
  提取向量:  23%|██▎       | 231720/1001000 [02:56<06:32, 1961.76it/s]
  提取向量:  23%|██▎       | 233352/1001000 [02:56<04:49, 2649.85it/s]
  提取向量:  23%|██▎       | 234819/1001000 [03:03<19:29, 654.88it/s] 
  提取向量:  24%|██▎       | 236469/1001000 [03:03<13:43, 927.86it/s]
  提取向量:  24%|██▍       | 238136/1001000 [03:03<09:44, 1305.99it/s]
  提取向量:  24%|██▍       | 239870/1001000 [03:03<06:54, 1837.58it/s]
  提取向量:  24%|██▍       | 241333/1001000 [03:09<18:32, 682.79it/s] 
  提取向量:  24%|██▍       | 243068/1001000 [03:09<12:52, 981.72it/s]
  提取向量:  24%|██▍       | 244775/1001000 [03:09<09:06, 1383.31it/s]
  提取向量:  25%|██▍       | 246467/1001000 [03:09<06:33, 1918.39it/s]
  提取向量:  25%|██▍       | 248225/1001000 [03:10<04:43, 2651.91it/s]
  提取向量:  25%|██▍       | 249969/1001000 [03:10<03:29, 3579.45it/s]
  提取向量:  25%|██▌       | 251577/1001000 [03:15<14:51, 840.25it/s] 
  提取向量:  25%|██▌       | 253303/1001000 [03:15<10:31, 1184.59it/s]
  提取向量:  25%|██▌       | 255031/1001000 [03:15<07:31, 1652.72it/s]
  提取向量:  26%|██▌       | 256462/1001000 [03:19<13:43, 904.16it/s] 
  提取向量:  26%|██▌       | 258155/1001000 [03:19<09:41, 1277.86it/s]
  提取向量:  26%|██▌       | 259916/1001000 [03:19<06:50, 1804.51it/s]
  提取向量:  26%|██▌       | 261654/1001000 [03:19<04:56, 2489.70it/s]
  提取向量:  26%|██▋       | 263137/1001000 [03:23<11:52, 1036.05it/s]
  提取向量:  26%|██▋       | 264735/1001000 [03:23<08:34, 1431.56it/s]
  提取向量:  27%|██▋       | 266449/1001000 [03:23<06:06, 2003.74it/s]
  提取向量:  27%|██▋       | 268104/1001000 [03:23<04:29, 2722.55it/s]
  提取向量:  27%|██▋       | 269795/1001000 [03:23<03:19, 3657.58it/s]
  提取向量:  27%|██▋       | 271312/1001000 [03:27<10:55, 1112.79it/s]
  提取向量:  27%|██▋       | 272899/1001000 [03:27<07:54, 1534.58it/s]
  提取向量:  27%|██▋       | 274617/1001000 [03:27<05:38, 2148.23it/s]
  提取向量:  28%|██▊       | 276270/1001000 [03:27<04:08, 2911.29it/s]
  提取向量:  28%|██▊       | 277723/1001000 [03:36<22:26, 537.07it/s] 
  提取向量:  28%|██▊       | 279269/1001000 [03:36<16:01, 750.27it/s]
  提取向量:  28%|██▊       | 280846/1001000 [03:36<11:25, 1050.67it/s]
  提取向量:  28%|██▊       | 282372/1001000 [03:36<08:17, 1445.19it/s]
  提取向量:  28%|██▊       | 284001/1001000 [03:41<16:52, 707.86it/s] 
  提取向量:  29%|██▊       | 285639/1001000 [03:41<11:53, 1002.81it/s]
  提取向量:  29%|██▊       | 287350/1001000 [03:41<08:21, 1424.24it/s]
  提取向量:  29%|██▉       | 289097/1001000 [03:41<05:55, 2002.11it/s]
  提取向量:  29%|██▉       | 290854/1001000 [03:42<04:17, 2763.21it/s]
  提取向量:  29%|██▉       | 292389/1001000 [03:45<10:51, 1088.16it/s]
  提取向量:  29%|██▉       | 294106/1001000 [03:45<07:41, 1531.22it/s]
  提取向量:  30%|██▉       | 295838/1001000 [03:45<05:31, 2128.93it/s]
  提取向量:  30%|██▉       | 297542/1001000 [03:45<04:03, 2894.05it/s]
  提取向量:  30%|██▉       | 299263/1001000 [03:46<03:01, 3870.43it/s]
  提取向量:  30%|███       | 300827/1001000 [03:53<18:11, 641.37it/s] 
  提取向量:  30%|███       | 302518/1001000 [03:53<12:50, 906.35it/s]
  提取向量:  30%|███       | 304274/1001000 [03:53<09:02, 1285.08it/s]
  提取向量:  31%|███       | 306001/1001000 [03:58<15:36, 742.04it/s] 
  提取向量:  31%|███       | 307725/1001000 [03:58<11:03, 1044.17it/s]
  提取向量:  31%|███       | 309450/1001000 [03:58<07:54, 1457.10it/s]
  提取向量:  31%|███       | 311134/1001000 [03:58<05:45, 1997.38it/s]
  提取向量:  31%|███▏      | 312872/1001000 [03:58<04:11, 2732.26it/s]
  提取向量:  31%|███▏      | 314416/1001000 [04:05<17:05, 669.60it/s] 
  提取向量:  32%|███▏      | 316106/1001000 [04:05<12:05, 944.58it/s]
  提取向量:  32%|███▏      | 317833/1001000 [04:05<08:33, 1330.51it/s]
  提取向量:  32%|███▏      | 319473/1001000 [04:05<06:13, 1822.68it/s]
  提取向量:  32%|███▏      | 320945/1001000 [04:09<12:29, 907.12it/s] 
  提取向量:  32%|███▏      | 322658/1001000 [04:09<08:46, 1288.67it/s]
  提取向量:  32%|███▏      | 324393/1001000 [04:09<06:13, 1810.47it/s]
  提取向量:  33%|███▎      | 326154/1001000 [04:10<04:28, 2510.96it/s]
  提取向量:  33%|███▎      | 327648/1001000 [04:14<12:33, 893.25it/s] 
  提取向量:  33%|███▎      | 329389/1001000 [04:14<08:48, 1270.54it/s]
  提取向量:  33%|███▎      | 331148/1001000 [04:14<06:15, 1786.23it/s]
  提取向量:  33%|███▎      | 332926/1001000 [04:14<04:29, 2477.14it/s]
  提取向量:  33%|███▎      | 334443/1001000 [04:19<12:48, 867.60it/s] 
  提取向量:  34%|███▎      | 336097/1001000 [04:19<09:09, 1210.73it/s]
  提取向量:  34%|███▎      | 337818/1001000 [04:19<06:31, 1696.03it/s]
  提取向量:  34%|███▍      | 339585/1001000 [04:19<04:40, 2359.76it/s]
  提取向量:  34%|███▍      | 341082/1001000 [04:24<12:57, 849.15it/s] 
  提取向量:  34%|███▍      | 342810/1001000 [04:24<09:06, 1205.22it/s]
  提取向量:  34%|███▍      | 344542/1001000 [04:24<06:28, 1689.02it/s]
  提取向量:  35%|███▍      | 346318/1001000 [04:25<04:38, 2349.79it/s]
  提取向量:  35%|███▍      | 348037/1001000 [04:25<03:25, 3172.30it/s]
  提取向量:  35%|███▍      | 349771/1001000 [04:25<02:34, 4212.04it/s]
  提取向量:  35%|███▌      | 351387/1001000 [04:31<14:22, 753.26it/s] 
  提取向量:  35%|███▌      | 353096/1001000 [04:31<10:11, 1059.39it/s]
  提取向量:  35%|███▌      | 354818/1001000 [04:31<07:16, 1480.73it/s]
  提取向量:  36%|███▌      | 356246/1001000 [04:37<16:47, 640.23it/s] 
  提取向量:  36%|███▌      | 357966/1001000 [04:37<11:42, 915.88it/s]
  提取向量:  36%|███▌      | 359671/1001000 [04:37<08:16, 1290.59it/s]
  提取向量:  36%|███▌      | 361350/1001000 [04:37<05:57, 1788.12it/s]
  提取向量:  36%|███▋      | 363001/1001000 [04:41<10:57, 969.77it/s] 
  提取向量:  36%|███▋      | 364745/1001000 [04:41<07:44, 1370.95it/s]
  提取向量:  37%|███▋      | 366487/1001000 [04:41<05:32, 1910.14it/s]
  提取向量:  37%|███▋      | 368185/1001000 [04:41<04:03, 2600.39it/s]
  提取向量:  37%|███▋      | 369900/1001000 [04:41<03:00, 3493.43it/s]
  提取向量:  37%|███▋      | 371450/1001000 [04:45<09:36, 1092.62it/s]
  提取向量:  37%|███▋      | 373123/1001000 [04:45<06:52, 1521.64it/s]
  提取向量:  37%|███▋      | 374923/1001000 [04:46<04:52, 2142.68it/s]
  提取向量:  38%|███▊      | 376680/1001000 [04:46<03:33, 2931.00it/s]
  提取向量:  38%|███▊      | 378203/1001000 [04:49<09:20, 1110.86it/s]
  提取向量:  38%|███▊      | 379880/1001000 [04:49<06:41, 1546.95it/s]
  提取向量:  38%|███▊      | 381655/1001000 [04:49<04:45, 2166.50it/s]
  提取向量:  38%|███▊      | 383355/1001000 [04:50<03:30, 2934.22it/s]
  提取向量:  38%|███▊      | 384847/1001000 [04:53<09:20, 1099.24it/s]
  提取向量:  39%|███▊      | 386566/1001000 [04:53<06:36, 1549.28it/s]
  提取向量:  39%|███▉      | 388318/1001000 [04:53<04:43, 2162.84it/s]
  提取向量:  39%|███▉      | 390008/1001000 [04:53<03:28, 2929.65it/s]
  提取向量:  39%|███▉      | 391497/1001000 [04:57<09:37, 1054.90it/s]
  提取向量:  39%|███▉      | 393196/1001000 [04:57<06:49, 1484.81it/s]
  提取向量:  39%|███▉      | 394972/1001000 [04:57<04:50, 2088.75it/s]
  提取向量:  40%|███▉      | 396706/1001000 [04:58<03:31, 2855.70it/s]
  提取向量:  40%|███▉      | 398489/1001000 [04:58<02:36, 3858.58it/s]
  提取向量:  40%|███▉      | 400068/1001000 [05:03<11:41, 856.17it/s] 
  提取向量:  40%|████      | 401784/1001000 [05:03<08:17, 1204.23it/s]
  提取向量:  40%|████      | 403481/1001000 [05:03<05:57, 1670.56it/s]
  提取向量:  40%|████      | 405218/1001000 [05:03<04:18, 2306.85it/s]
  提取向量:  41%|████      | 406725/1001000 [05:07<09:53, 1000.48it/s]
  提取向量:  41%|████      | 408418/1001000 [05:07<07:01, 1404.68it/s]
  提取向量:  41%|████      | 410143/1001000 [05:07<05:01, 1958.89it/s]
  提取向量:  41%|████      | 411910/1001000 [05:08<03:37, 2705.78it/s]
  提取向量:  41%|████▏     | 413413/1001000 [05:11<09:20, 1049.18it/s]
  提取向量:  41%|████▏     | 415116/1001000 [05:11<06:37, 1474.28it/s]
  提取向量:  42%|████▏     | 416851/1001000 [05:12<04:44, 2055.08it/s]
  提取向量:  42%|████▏     | 418571/1001000 [05:12<03:27, 2807.53it/s]
  提取向量:  42%|████▏     | 420064/1001000 [05:16<10:34, 916.22it/s] 
  提取向量:  42%|████▏     | 421799/1001000 [05:16<07:25, 1301.47it/s]
  提取向量:  42%|████▏     | 423498/1001000 [05:16<05:19, 1809.85it/s]
  提取向量:  42%|████▏     | 425192/1001000 [05:16<03:52, 2479.37it/s]
  提取向量:  43%|████▎     | 426957/1001000 [05:17<02:49, 3381.43it/s]
  提取向量:  43%|████▎     | 428521/1001000 [05:23<13:20, 714.95it/s] 
  提取向量:  43%|████▎     | 430216/1001000 [05:23<09:25, 1008.53it/s]
  提取向量:  43%|████▎     | 431926/1001000 [05:23<06:42, 1413.72it/s]
  提取向量:  43%|████▎     | 433709/1001000 [05:23<04:46, 1983.27it/s]
  提取向量:  43%|████▎     | 435224/1001000 [05:27<10:08, 930.54it/s] 
  提取向量:  44%|████▎     | 436692/1001000 [05:27<07:30, 1253.97it/s]
  提取向量:  44%|████▍     | 438405/1001000 [05:28<05:17, 1770.01it/s]
  提取向量:  44%|████▍     | 440043/1001000 [05:28<03:51, 2418.16it/s]
  提取向量:  44%|████▍     | 441471/1001000 [05:31<09:00, 1034.89it/s]
  提取向量:  44%|████▍     | 443052/1001000 [05:31<06:27, 1439.86it/s]
  提取向量:  44%|████▍     | 444732/1001000 [05:31<04:35, 2018.47it/s]
  提取向量:  45%|████▍     | 446438/1001000 [05:31<03:19, 2785.84it/s]
  提取向量:  45%|████▍     | 448141/1001000 [05:32<02:27, 3752.90it/s]
  提取向量:  45%|████▍     | 449882/1001000 [05:32<01:51, 4957.78it/s]
  提取向量:  45%|████▌     | 451459/1001000 [05:39<14:00, 653.94it/s] 
  提取向量:  45%|████▌     | 453143/1001000 [05:39<09:52, 924.12it/s]
  提取向量:  45%|████▌     | 454864/1001000 [05:39<06:59, 1303.33it/s]
  提取向量:  46%|████▌     | 456272/1001000 [05:44<13:08, 691.02it/s] 
  提取向量:  46%|████▌     | 457889/1001000 [05:44<09:18, 972.75it/s]
  提取向量:  46%|████▌     | 459596/1001000 [05:44<06:32, 1380.65it/s]
  提取向量:  46%|████▌     | 461312/1001000 [05:44<04:39, 1931.43it/s]
  提取向量:  46%|████▋     | 463001/1001000 [05:48<09:06, 984.31it/s] 
  提取向量:  46%|████▋     | 464717/1001000 [05:48<06:27, 1382.94it/s]
  提取向量:  47%|████▋     | 466435/1001000 [05:48<04:38, 1920.28it/s]
  提取向量:  47%|████▋     | 468159/1001000 [05:48<03:22, 2629.92it/s]
  提取向量:  47%|████▋     | 469880/1001000 [05:49<02:30, 3534.27it/s]
  提取向量:  47%|████▋     | 471428/1001000 [05:52<07:52, 1120.58it/s]
  提取向量:  47%|████▋     | 473001/1001000 [05:52<05:44, 1530.90it/s]
  提取向量:  47%|████▋     | 474764/1001000 [05:53<04:04, 2151.80it/s]
  提取向量:  48%|████▊     | 476473/1001000 [05:53<02:58, 2930.60it/s]
  提取向量:  48%|████▊     | 477952/1001000 [05:59<12:59, 671.10it/s] 
  提取向量:  48%|████▊     | 479547/1001000 [05:59<09:16, 937.19it/s]
  提取向量:  48%|████▊     | 481290/1001000 [06:00<06:28, 1337.56it/s]
  提取向量:  48%|████▊     | 483016/1001000 [06:00<04:36, 1870.54it/s]
  提取向量:  48%|████▊     | 484483/1001000 [06:04<10:50, 793.43it/s] 
  提取向量:  49%|████▊     | 486118/1001000 [06:04<07:41, 1114.71it/s]
  提取向量:  49%|████▊     | 487802/1001000 [06:05<05:27, 1565.05it/s]
  提取向量:  49%|████▉     | 489379/1001000 [06:05<04:00, 2123.30it/s]
  提取向量:  49%|████▉     | 490996/1001000 [06:05<02:57, 2869.92it/s]
  提取向量:  49%|████▉     | 492473/1001000 [06:08<08:01, 1055.17it/s]
  提取向量:  49%|████▉     | 494129/1001000 [06:08<05:40, 1487.17it/s]
  提取向量:  50%|████▉     | 495820/1001000 [06:09<04:03, 2077.52it/s]
  提取向量:  50%|████▉     | 497529/1001000 [06:09<02:56, 2854.53it/s]
  提取向量:  50%|████▉     | 499249/1001000 [06:09<02:10, 3843.34it/s]
  提取向量:  50%|█████     | 500787/1001000 [06:15<11:30, 724.68it/s] 
  提取向量:  50%|█████     | 502463/1001000 [06:15<08:06, 1023.92it/s]
  提取向量:  50%|█████     | 504151/1001000 [06:15<05:46, 1435.75it/s]
  提取向量:  51%|█████     | 505879/1001000 [06:16<04:07, 2002.68it/s]
  提取向量:  51%|█████     | 507367/1001000 [06:21<11:43, 701.93it/s] 
  提取向量:  51%|█████     | 509018/1001000 [06:21<08:17, 989.66it/s]
  提取向量:  51%|█████     | 510752/1001000 [06:22<05:49, 1403.88it/s]
  提取向量:  51%|█████     | 512460/1001000 [06:22<04:10, 1951.18it/s]
  提取向量:  51%|█████▏    | 513930/1001000 [06:26<10:03, 807.52it/s] 
  提取向量:  51%|█████▏    | 515491/1001000 [06:26<07:14, 1118.18it/s]
  提取向量:  52%|█████▏    | 517219/1001000 [06:26<05:04, 1588.41it/s]
  提取向量:  52%|█████▏    | 518915/1001000 [06:27<03:38, 2202.01it/s]
  提取向量:  52%|█████▏    | 520369/1001000 [06:31<08:37, 929.12it/s] 
  提取向量:  52%|█████▏    | 522064/1001000 [06:31<06:03, 1319.35it/s]
  提取向量:  52%|█████▏    | 523774/1001000 [06:31<04:18, 1849.68it/s]
  提取向量:  52%|█████▏    | 525511/1001000 [06:31<03:05, 2560.06it/s]
  提取向量:  53%|█████▎    | 527001/1001000 [06:36<09:06, 867.94it/s] 
  提取向量:  53%|█████▎    | 528516/1001000 [06:36<06:37, 1188.36it/s]
  提取向量:  53%|█████▎    | 530252/1001000 [06:36<04:38, 1690.14it/s]
  提取向量:  53%|█████▎    | 531894/1001000 [06:36<03:22, 2315.25it/s]
  提取向量:  53%|█████▎    | 533576/1001000 [06:36<02:28, 3144.71it/s]
  提取向量:  53%|█████▎    | 535082/1001000 [06:40<08:04, 961.14it/s] 
  提取向量:  54%|█████▎    | 536788/1001000 [06:40<05:40, 1363.35it/s]
  提取向量:  54%|█████▍    | 538497/1001000 [06:41<04:02, 1905.07it/s]
  提取向量:  54%|█████▍    | 540216/1001000 [06:41<02:55, 2622.33it/s]
  提取向量:  54%|█████▍    | 541702/1001000 [06:44<07:23, 1034.69it/s]
  提取向量:  54%|█████▍    | 543297/1001000 [06:44<05:19, 1432.08it/s]
  提取向量:  54%|█████▍    | 544988/1001000 [06:45<03:48, 1999.17it/s]
  提取向量:  55%|█████▍    | 546675/1001000 [06:45<02:45, 2738.66it/s]
  提取向量:  55%|█████▍    | 548343/1001000 [06:45<02:03, 3663.86it/s]
  提取向量:  55%|█████▍    | 550001/1001000 [06:50<08:53, 845.30it/s] 
  提取向量:  55%|█████▌    | 551651/1001000 [06:50<06:20, 1180.28it/s]
  提取向量:  55%|█████▌    | 553354/1001000 [06:50<04:31, 1650.31it/s]
  提取向量:  55%|█████▌    | 555084/1001000 [06:51<03:15, 2285.99it/s]
  提取向量:  56%|█████▌    | 556567/1001000 [06:54<07:18, 1013.81it/s]
  提取向量:  56%|█████▌    | 558179/1001000 [06:54<05:14, 1406.80it/s]
  提取向量:  56%|█████▌    | 559899/1001000 [06:54<03:43, 1972.20it/s]
  提取向量:  56%|█████▌    | 561608/1001000 [06:54<02:42, 2708.02it/s]
  提取向量:  56%|█████▋    | 563074/1001000 [06:58<07:15, 1006.32it/s]
  提取向量:  56%|█████▋    | 564636/1001000 [06:58<05:14, 1387.88it/s]
  提取向量:  57%|█████▋    | 566299/1001000 [06:59<03:44, 1935.83it/s]
  提取向量:  57%|█████▋    | 567960/1001000 [06:59<02:43, 2652.70it/s]
  提取向量:  57%|█████▋    | 569618/1001000 [06:59<02:01, 3559.64it/s]
  提取向量:  57%|█████▋    | 571112/1001000 [07:02<06:27, 1110.74it/s]
  提取向量:  57%|█████▋    | 572766/1001000 [07:03<04:34, 1557.57it/s]
  提取向量:  57%|█████▋    | 574491/1001000 [07:03<03:15, 2180.46it/s]
  提取向量:  58%|█████▊    | 576205/1001000 [07:03<02:22, 2983.97it/s]
  提取向量:  58%|█████▊    | 577681/1001000 [07:07<07:35, 928.80it/s] 
  提取向量:  58%|█████▊    | 579328/1001000 [07:07<05:23, 1303.79it/s]
  提取向量:  58%|█████▊    | 581005/1001000 [07:07<03:50, 1819.24it/s]
  提取向量:  58%|█████▊    | 582678/1001000 [07:08<02:47, 2496.80it/s]
  提取向量:  58%|█████▊    | 584131/1001000 [07:11<06:59, 993.47it/s] 
  提取向量:  59%|█████▊    | 585793/1001000 [07:11<04:56, 1400.80it/s]
  提取向量:  59%|█████▊    | 587432/1001000 [07:12<03:33, 1938.73it/s]
  提取向量:  59%|█████▉    | 589113/1001000 [07:12<02:34, 2664.34it/s]
  提取向量:  59%|█████▉    | 590830/1001000 [07:12<01:53, 3607.46it/s]
  提取向量:  59%|█████▉    | 592349/1001000 [07:17<08:25, 808.59it/s] 
  提取向量:  59%|█████▉    | 594069/1001000 [07:17<05:53, 1151.94it/s]
  提取向量:  60%|█████▉    | 595714/1001000 [07:18<04:13, 1596.56it/s]
  提取向量:  60%|█████▉    | 597380/1001000 [07:18<03:03, 2197.04it/s]
  提取向量:  60%|█████▉    | 599002/1001000 [07:18<02:16, 2952.41it/s]
  提取向量:  60%|█████▉    | 600513/1001000 [07:24<09:57, 670.38it/s] 
  提取向量:  60%|██████    | 602133/1001000 [07:24<07:02, 943.54it/s]
  提取向量:  60%|██████    | 603833/1001000 [07:25<04:57, 1337.11it/s]
  提取向量:  60%|██████    | 605571/1001000 [07:25<03:30, 1879.56it/s]
  提取向量:  61%|██████    | 607047/1001000 [07:29<08:04, 812.42it/s] 
  提取向量:  61%|██████    | 608703/1001000 [07:29<05:42, 1145.81it/s]
  提取向量:  61%|██████    | 610404/1001000 [07:29<04:02, 1611.35it/s]
  提取向量:  61%|██████    | 612107/1001000 [07:30<02:54, 2231.39it/s]
  提取向量:  61%|██████▏   | 613571/1001000 [07:33<06:39, 969.85it/s] 
  提取向量:  61%|██████▏   | 615188/1001000 [07:33<04:45, 1353.61it/s]
  提取向量:  62%|██████▏   | 616782/1001000 [07:33<03:26, 1861.05it/s]
  提取向量:  62%|██████▏   | 618408/1001000 [07:34<02:30, 2542.46it/s]
  提取向量:  62%|██████▏   | 620001/1001000 [07:37<06:08, 1034.42it/s]
  提取向量:  62%|██████▏   | 621639/1001000 [07:37<04:22, 1446.50it/s]
  提取向量:  62%|██████▏   | 623318/1001000 [07:37<03:07, 2012.97it/s]
  提取向量:  62%|██████▏   | 625090/1001000 [07:38<02:14, 2799.50it/s]
  提取向量:  63%|██████▎   | 626795/1001000 [07:38<01:39, 3750.00it/s]
  提取向量:  63%|██████▎   | 628324/1001000 [07:41<05:19, 1167.41it/s]
  提取向量:  63%|██████▎   | 630001/1001000 [07:41<03:47, 1629.10it/s]
  提取向量:  63%|██████▎   | 631731/1001000 [07:42<02:43, 2264.80it/s]
  提取向量:  63%|██████▎   | 633490/1001000 [07:42<01:58, 3104.64it/s]
  提取向量:  63%|██████▎   | 634992/1001000 [07:46<05:58, 1021.10it/s]
  提取向量:  64%|██████▎   | 636622/1001000 [07:46<04:16, 1417.94it/s]
  提取向量:  64%|██████▍   | 638352/1001000 [07:46<03:02, 1986.31it/s]
  提取向量:  64%|██████▍   | 640075/1001000 [07:46<02:12, 2726.68it/s]
  提取向量:  64%|██████▍   | 641553/1001000 [07:52<08:32, 700.82it/s] 
  提取向量:  64%|██████▍   | 643190/1001000 [07:52<06:02, 985.82it/s]
  提取向量:  64%|██████▍   | 644895/1001000 [07:52<04:15, 1392.42it/s]
  提取向量:  65%|██████▍   | 646611/1001000 [07:53<03:02, 1942.52it/s]
  提取向量:  65%|██████▍   | 648312/1001000 [07:53<02:12, 2657.17it/s]
  提取向量:  65%|██████▍   | 649990/1001000 [07:53<01:38, 3554.11it/s]
  提取向量:  65%|██████▌   | 651566/1001000 [08:00<09:20, 623.02it/s] 
  提取向量:  65%|██████▌   | 653206/1001000 [08:01<06:37, 874.55it/s]
  提取向量:  65%|██████▌   | 654902/1001000 [08:01<04:40, 1232.76it/s]
  提取向量:  66%|██████▌   | 656298/1001000 [08:05<08:34, 670.31it/s] 
  提取向量:  66%|██████▌   | 657893/1001000 [08:06<06:03, 942.83it/s]
  提取向量:  66%|██████▌   | 659386/1001000 [08:06<04:24, 1290.42it/s]
  提取向量:  66%|██████▌   | 661094/1001000 [08:06<03:05, 1831.54it/s]
  提取向量:  66%|██████▌   | 662814/1001000 [08:06<02:12, 2548.53it/s]
  提取向量:  66%|██████▋   | 664304/1001000 [08:10<05:30, 1018.62it/s]
  提取向量:  67%|██████▋   | 665930/1001000 [08:10<03:55, 1424.86it/s]
  提取向量:  67%|██████▋   | 667662/1001000 [08:10<02:46, 2007.69it/s]
  提取向量:  67%|██████▋   | 669283/1001000 [08:10<02:02, 2713.79it/s]
  提取向量:  67%|██████▋   | 670728/1001000 [08:14<05:21, 1025.71it/s]
  提取向量:  67%|██████▋   | 672372/1001000 [08:14<03:47, 1443.05it/s]
  提取向量:  67%|██████▋   | 674084/1001000 [08:14<02:41, 2026.65it/s]
  提取向量:  68%|██████▊   | 675773/1001000 [08:14<01:57, 2777.29it/s]
  提取向量:  68%|██████▊   | 677227/1001000 [08:18<06:06, 882.46it/s] 
  提取向量:  68%|██████▊   | 678912/1001000 [08:19<04:17, 1253.21it/s]
  提取向量:  68%|██████▊   | 680533/1001000 [08:19<03:04, 1733.07it/s]
  提取向量:  68%|██████▊   | 682222/1001000 [08:19<02:12, 2397.52it/s]
  提取向量:  68%|██████▊   | 683894/1001000 [08:19<01:37, 3241.70it/s]
  提取向量:  68%|██████▊   | 685406/1001000 [08:23<04:49, 1088.74it/s]
  提取向量:  69%|██████▊   | 687032/1001000 [08:23<03:27, 1516.16it/s]
  提取向量:  69%|██████▉   | 688736/1001000 [08:23<02:27, 2116.95it/s]
  提取向量:  69%|██████▉   | 690439/1001000 [08:23<01:47, 2896.81it/s]
  提取向量:  69%|██████▉   | 691908/1001000 [08:26<04:38, 1109.70it/s]
  提取向量:  69%|██████▉   | 693533/1001000 [08:26<03:18, 1546.00it/s]
  提取向量:  69%|██████▉   | 695173/1001000 [08:27<02:23, 2132.86it/s]
  提取向量:  70%|██████▉   | 696837/1001000 [08:27<01:44, 2907.58it/s]
  提取向量:  70%|██████▉   | 698478/1001000 [08:27<01:18, 3865.19it/s]
  提取向量:  70%|██████▉   | 700001/1001000 [08:33<07:12, 695.57it/s] 
  提取向量:  70%|███████   | 701695/1001000 [08:34<05:01, 992.34it/s]
  提取向量:  70%|███████   | 703378/1001000 [08:34<03:33, 1395.02it/s]
  提取向量:  70%|███████   | 705094/1001000 [08:34<02:31, 1947.25it/s]
  提取向量:  71%|███████   | 706565/1001000 [08:42<08:58, 547.09it/s] 
  提取向量:  71%|███████   | 708210/1001000 [08:42<06:17, 775.60it/s]
  提取向量:  71%|███████   | 709857/1001000 [08:42<04:26, 1091.24it/s]
  提取向量:  71%|███████   | 711546/1001000 [08:42<03:08, 1532.46it/s]
  提取向量:  71%|███████   | 713001/1001000 [08:46<06:26, 744.63it/s] 
  提取向量:  71%|███████▏  | 714483/1001000 [08:47<04:40, 1021.76it/s]
  提取向量:  72%|███████▏  | 715828/1001000 [08:47<03:29, 1361.49it/s]
  提取向量:  72%|███████▏  | 717478/1001000 [08:47<02:26, 1930.62it/s]
  提取向量:  72%|███████▏  | 719033/1001000 [08:47<01:47, 2624.28it/s]
  提取向量:  72%|███████▏  | 720436/1001000 [08:51<05:04, 921.51it/s] 
  提取向量:  72%|███████▏  | 722077/1001000 [08:51<03:31, 1318.25it/s]
  提取向量:  72%|███████▏  | 723785/1001000 [08:51<02:27, 1874.35it/s]
  提取向量:  72%|███████▏  | 725425/1001000 [08:51<01:47, 2570.53it/s]
  提取向量:  73%|███████▎  | 727001/1001000 [08:55<04:50, 942.96it/s] 
  提取向量:  73%|███████▎  | 728265/1001000 [08:56<03:41, 1231.23it/s]
  提取向量:  73%|███████▎  | 729834/1001000 [08:56<02:37, 1723.02it/s]
  提取向量:  73%|███████▎  | 731525/1001000 [08:56<01:51, 2425.99it/s]
  提取向量:  73%|███████▎  | 733257/1001000 [08:56<01:19, 3349.22it/s]
  提取向量:  73%|███████▎  | 734726/1001000 [09:02<05:46, 768.34it/s] 
  提取向量:  74%|███████▎  | 736337/1001000 [09:02<04:04, 1082.59it/s]
  提取向量:  74%|███████▎  | 738062/1001000 [09:02<02:50, 1542.30it/s]
  提取向量:  74%|███████▍  | 739741/1001000 [09:02<02:02, 2137.47it/s]
  提取向量:  74%|███████▍  | 741197/1001000 [09:07<05:33, 779.17it/s] 
  提取向量:  74%|███████▍  | 742722/1001000 [09:07<03:59, 1077.41it/s]
  提取向量:  74%|███████▍  | 744243/1001000 [09:07<02:53, 1481.57it/s]
  提取向量:  75%|███████▍  | 745801/1001000 [09:07<02:05, 2034.76it/s]
  提取向量:  75%|███████▍  | 747360/1001000 [09:07<01:32, 2753.66it/s]
  提取向量:  75%|███████▍  | 748927/1001000 [09:07<01:08, 3662.67it/s]
  提取向量:  75%|███████▍  | 750388/1001000 [09:14<05:56, 703.03it/s] 
  提取向量:  75%|███████▌  | 752000/1001000 [09:14<04:08, 1000.76it/s]
  提取向量:  75%|███████▌  | 753537/1001000 [09:14<02:58, 1386.40it/s]
  提取向量:  75%|███████▌  | 755163/1001000 [09:14<02:07, 1935.55it/s]
  提取向量:  76%|███████▌  | 756561/1001000 [09:21<07:06, 573.33it/s] 
  提取向量:  76%|███████▌  | 758155/1001000 [09:21<04:56, 817.72it/s]
  提取向量:  76%|███████▌  | 759843/1001000 [09:21<03:25, 1174.35it/s]
  提取向量:  76%|███████▌  | 761522/1001000 [09:21<02:24, 1654.45it/s]
  提取向量:  76%|███████▌  | 763001/1001000 [09:26<05:43, 691.91it/s] 
  提取向量:  76%|███████▋  | 764717/1001000 [09:27<03:57, 996.43it/s]
  提取向量:  77%|███████▋  | 766351/1001000 [09:27<02:48, 1391.30it/s]
  提取向量:  77%|███████▋  | 768076/1001000 [09:27<01:59, 1953.47it/s]
  提取向量:  77%|███████▋  | 769849/1001000 [09:27<01:25, 2713.14it/s]
  提取向量:  77%|███████▋  | 771394/1001000 [09:31<03:43, 1028.81it/s]
  提取向量:  77%|███████▋  | 773009/1001000 [09:31<02:40, 1423.34it/s]
  提取向量:  77%|███████▋  | 774731/1001000 [09:31<01:53, 1990.32it/s]
  提取向量:  78%|███████▊  | 776412/1001000 [09:31<01:22, 2713.17it/s]
  提取向量:  78%|███████▊  | 777885/1001000 [09:37<04:49, 770.25it/s] 
  提取向量:  78%|███████▊  | 779407/1001000 [09:37<03:28, 1060.46it/s]
  提取向量:  78%|███████▊  | 781087/1001000 [09:37<02:26, 1499.47it/s]
  提取向量:  78%|███████▊  | 782783/1001000 [09:37<01:44, 2091.53it/s]
  提取向量:  78%|███████▊  | 784217/1001000 [09:41<04:22, 825.38it/s] 
  提取向量:  79%|███████▊  | 785834/1001000 [09:42<03:05, 1162.16it/s]
  提取向量:  79%|███████▊  | 787444/1001000 [09:42<02:12, 1615.84it/s]
  提取向量:  79%|███████▉  | 789138/1001000 [09:42<01:34, 2253.18it/s]
  提取向量:  79%|███████▉  | 790814/1001000 [09:42<01:08, 3065.61it/s]
  提取向量:  79%|███████▉  | 792312/1001000 [09:47<04:06, 847.86it/s] 
  提取向量:  79%|███████▉  | 793904/1001000 [09:47<02:55, 1182.81it/s]
  提取向量:  79%|███████▉  | 795570/1001000 [09:47<02:03, 1658.98it/s]
  提取向量:  80%|███████▉  | 797236/1001000 [09:47<01:28, 2290.46it/s]
  提取向量:  80%|███████▉  | 798890/1001000 [09:47<01:05, 3099.09it/s]
  提取向量:  80%|███████▉  | 800394/1001000 [09:53<04:08, 808.03it/s] 
  提取向量:  80%|████████  | 802018/1001000 [09:53<02:55, 1135.29it/s]
  提取向量:  80%|████████  | 803760/1001000 [09:53<02:02, 1613.89it/s]
  提取向量:  80%|████████  | 805434/1001000 [09:53<01:27, 2222.93it/s]
  提取向量:  81%|████████  | 806898/1001000 [09:56<03:13, 1001.53it/s]
  提取向量:  81%|████████  | 808398/1001000 [09:57<02:20, 1367.69it/s]
  提取向量:  81%|████████  | 810008/1001000 [09:57<01:40, 1897.88it/s]
  提取向量:  81%|████████  | 811547/1001000 [09:57<01:14, 2557.47it/s]
  提取向量:  81%|████████  | 813001/1001000 [10:00<03:05, 1014.68it/s]
  提取向量:  81%|████████▏ | 814659/1001000 [10:00<02:09, 1443.48it/s]
  提取向量:  82%|████████▏ | 816357/1001000 [10:01<01:30, 2031.95it/s]
  提取向量:  82%|████████▏ | 818061/1001000 [10:01<01:05, 2801.35it/s]
  提取向量:  82%|████████▏ | 819743/1001000 [10:01<00:48, 3756.34it/s]
  提取向量:  82%|████████▏ | 821250/1001000 [10:05<02:53, 1037.83it/s]
  提取向量:  82%|████████▏ | 822841/1001000 [10:05<02:03, 1437.89it/s]
  提取向量:  82%|████████▏ | 824526/1001000 [10:05<01:27, 2007.98it/s]
  提取向量:  83%|████████▎ | 826253/1001000 [10:05<01:02, 2773.85it/s]
  提取向量:  83%|████████▎ | 827718/1001000 [10:10<03:06, 931.35it/s] 
  提取向量:  83%|████████▎ | 829247/1001000 [10:10<02:14, 1280.67it/s]
  提取向量:  83%|████████▎ | 830918/1001000 [10:10<01:34, 1798.69it/s]
  提取向量:  83%|████████▎ | 832596/1001000 [10:10<01:07, 2483.93it/s]
  提取向量:  83%|████████▎ | 834023/1001000 [10:14<02:45, 1010.06it/s]
  提取向量:  83%|████████▎ | 835703/1001000 [10:14<01:55, 1434.36it/s]
  提取向量:  84%|████████▎ | 837358/1001000 [10:14<01:22, 1992.69it/s]
  提取向量:  84%|████████▍ | 839039/1001000 [10:14<00:59, 2735.32it/s]
  提取向量:  84%|████████▍ | 840695/1001000 [10:14<00:43, 3658.10it/s]
  提取向量:  84%|████████▍ | 842198/1001000 [10:18<02:18, 1150.28it/s]
  提取向量:  84%|████████▍ | 843793/1001000 [10:18<01:38, 1592.40it/s]
  提取向量:  84%|████████▍ | 845439/1001000 [10:18<01:10, 2200.87it/s]
  提取向量:  85%|████████▍ | 847107/1001000 [10:18<00:51, 2999.20it/s]
  提取向量:  85%|████████▍ | 848805/1001000 [10:18<00:37, 4019.54it/s]
  提取向量:  85%|████████▍ | 850320/1001000 [10:24<03:29, 718.18it/s] 
  提取向量:  85%|████████▌ | 851871/1001000 [10:25<02:29, 995.65it/s]
  提取向量:  85%|████████▌ | 853508/1001000 [10:25<01:45, 1396.81it/s]
  提取向量:  85%|████████▌ | 855114/1001000 [10:25<01:15, 1923.83it/s]
  提取向量:  86%|████████▌ | 856531/1001000 [10:30<03:31, 683.34it/s] 
  提取向量:  86%|████████▌ | 858115/1001000 [10:30<02:28, 964.53it/s]
  提取向量:  86%|████████▌ | 859765/1001000 [10:31<01:43, 1365.41it/s]
  提取向量:  86%|████████▌ | 861451/1001000 [10:31<01:12, 1916.37it/s]
  提取向量:  86%|████████▌ | 863001/1001000 [10:35<02:34, 891.92it/s] 
  提取向量:  86%|████████▋ | 864650/1001000 [10:35<01:48, 1256.64it/s]
  提取向量:  87%|████████▋ | 866302/1001000 [10:35<01:16, 1749.74it/s]
  提取向量:  87%|████████▋ | 868001/1001000 [10:35<00:54, 2421.47it/s]
  提取向量:  87%|████████▋ | 869690/1001000 [10:35<00:40, 3277.59it/s]
  提取向量:  87%|████████▋ | 871200/1001000 [10:39<01:58, 1092.55it/s]
  提取向量:  87%|████████▋ | 872823/1001000 [10:39<01:24, 1518.87it/s]
  提取向量:  87%|████████▋ | 874521/1001000 [10:39<00:59, 2116.97it/s]
  提取向量:  88%|████████▊ | 876205/1001000 [10:39<00:43, 2887.38it/s]
  提取向量:  88%|████████▊ | 877667/1001000 [10:44<02:15, 908.42it/s] 
  提取向量:  88%|████████▊ | 879297/1001000 [10:44<01:35, 1274.59it/s]
  提取向量:  88%|████████▊ | 881007/1001000 [10:44<01:06, 1794.86it/s]
  提取向量:  88%|████████▊ | 882757/1001000 [10:44<00:47, 2498.55it/s]
  提取向量:  88%|████████▊ | 884229/1001000 [10:48<01:58, 988.48it/s] 
  提取向量:  88%|████████▊ | 885841/1001000 [10:48<01:23, 1376.02it/s]
  提取向量:  89%|████████▊ | 887449/1001000 [10:48<00:59, 1894.84it/s]
  提取向量:  89%|████████▉ | 889060/1001000 [10:48<00:43, 2576.44it/s]
  提取向量:  89%|████████▉ | 890823/1001000 [10:48<00:31, 3541.18it/s]
  提取向量:  89%|████████▉ | 892337/1001000 [10:55<02:32, 714.38it/s] 
  提取向量:  89%|████████▉ | 893948/1001000 [10:55<01:46, 1000.89it/s]
  提取向量:  89%|████████▉ | 895672/1001000 [10:55<01:14, 1421.56it/s]
  提取向量:  90%|████████▉ | 897331/1001000 [10:55<00:52, 1962.79it/s]
  提取向量:  90%|████████▉ | 898910/1001000 [10:55<00:38, 2633.19it/s]
  提取向量:  90%|████████▉ | 900405/1001000 [11:03<02:52, 582.16it/s] 
  提取向量:  90%|█████████ | 901980/1001000 [11:03<02:01, 816.69it/s]
  提取向量:  90%|█████████ | 903630/1001000 [11:03<01:24, 1155.47it/s]
  提取向量:  90%|█████████ | 905298/1001000 [11:03<00:59, 1620.17it/s]
  提取向量:  91%|█████████ | 906733/1001000 [11:08<02:09, 725.92it/s] 
  提取向量:  91%|█████████ | 908138/1001000 [11:08<01:34, 985.23it/s]
  提取向量:  91%|█████████ | 909797/1001000 [11:08<01:04, 1407.13it/s]
  提取向量:  91%|█████████ | 911286/1001000 [11:08<00:47, 1908.09it/s]
  提取向量:  91%|█████████ | 912941/1001000 [11:08<00:33, 2646.26it/s]
  提取向量:  91%|█████████▏| 914374/1001000 [11:12<01:22, 1048.76it/s]
  提取向量:  92%|█████████▏| 916001/1001000 [11:12<00:57, 1482.40it/s]
  提取向量:  92%|█████████▏| 917695/1001000 [11:12<00:39, 2086.49it/s]
  提取向量:  92%|█████████▏| 919390/1001000 [11:12<00:28, 2872.21it/s]
  提取向量:  92%|█████████▏| 920835/1001000 [11:18<01:46, 751.63it/s] 
  提取向量:  92%|█████████▏| 922312/1001000 [11:18<01:16, 1032.68it/s]
  提取向量:  92%|█████████▏| 924074/1001000 [11:18<00:51, 1494.32it/s]
  提取向量:  92%|█████████▏| 925811/1001000 [11:18<00:35, 2101.04it/s]
  提取向量:  93%|█████████▎| 927260/1001000 [11:23<01:31, 804.69it/s] 
  提取向量:  93%|█████████▎| 928916/1001000 [11:23<01:03, 1139.36it/s]
  提取向量:  93%|█████████▎| 930560/1001000 [11:23<00:44, 1590.00it/s]
  提取向量:  93%|█████████▎| 932250/1001000 [11:23<00:31, 2207.64it/s]
  提取向量:  93%|█████████▎| 933951/1001000 [11:23<00:22, 3013.82it/s]
  提取向量:  93%|█████████▎| 935467/1001000 [11:28<01:12, 906.77it/s] 
  提取向量:  94%|█████████▎| 937108/1001000 [11:28<00:50, 1270.75it/s]
  提取向量:  94%|█████████▍| 938801/1001000 [11:28<00:34, 1778.71it/s]
  提取向量:  94%|█████████▍| 940449/1001000 [11:28<00:24, 2429.71it/s]
  提取向量:  94%|█████████▍| 941903/1001000 [11:32<00:58, 1015.97it/s]
  提取向量:  94%|█████████▍| 943446/1001000 [11:32<00:41, 1400.32it/s]
  提取向量:  94%|█████████▍| 945142/1001000 [11:32<00:28, 1971.25it/s]
  提取向量:  95%|█████████▍| 946848/1001000 [11:32<00:19, 2722.73it/s]
  提取向量:  95%|█████████▍| 948560/1001000 [11:32<00:14, 3676.77it/s]
  提取向量:  95%|█████████▍| 950079/1001000 [11:40<01:24, 605.78it/s] 
  提取向量:  95%|█████████▌| 951763/1001000 [11:40<00:57, 862.07it/s]
  提取向量:  95%|█████████▌| 953437/1001000 [11:40<00:39, 1212.02it/s]
  提取向量:  95%|█████████▌| 955125/1001000 [11:40<00:27, 1690.34it/s]
  提取向量:  96%|█████████▌| 956593/1001000 [11:45<00:56, 786.90it/s] 
  提取向量:  96%|█████████▌| 958157/1001000 [11:45<00:39, 1092.76it/s]
  提取向量:  96%|█████████▌| 959847/1001000 [11:45<00:26, 1544.27it/s]
  提取向量:  96%|█████████▌| 961473/1001000 [11:45<00:18, 2121.21it/s]
  提取向量:  96%|█████████▌| 963001/1001000 [11:49<00:39, 973.91it/s] 
  提取向量:  96%|█████████▋| 964597/1001000 [11:49<00:26, 1356.03it/s]
  提取向量:  97%|█████████▋| 966104/1001000 [11:49<00:18, 1838.05it/s]
  提取向量:  97%|█████████▋| 967705/1001000 [11:49<00:13, 2515.19it/s]
  提取向量:  97%|█████████▋| 969444/1001000 [11:49<00:09, 3465.60it/s]
  提取向量:  97%|█████████▋| 970925/1001000 [11:53<00:26, 1137.04it/s]
  提取向量:  97%|█████████▋| 972593/1001000 [11:53<00:17, 1600.80it/s]
  提取向量:  97%|█████████▋| 974291/1001000 [11:53<00:11, 2229.86it/s]
  提取向量:  98%|█████████▊| 976038/1001000 [11:53<00:08, 3071.08it/s]
  提取向量:  98%|█████████▊| 977520/1001000 [11:59<00:30, 773.38it/s] 
  提取向量:  98%|█████████▊| 979171/1001000 [11:59<00:20, 1090.21it/s]
  提取向量:  98%|█████████▊| 980832/1001000 [11:59<00:13, 1524.03it/s]
  提取向量:  98%|█████████▊| 982470/1001000 [11:59<00:08, 2094.58it/s]
  提取向量:  98%|█████████▊| 984001/1001000 [12:04<00:21, 803.32it/s] 
  提取向量:  98%|█████████▊| 985705/1001000 [12:04<00:13, 1144.18it/s]
  提取向量:  99%|█████████▊| 987326/1001000 [12:04<00:08, 1582.87it/s]
  提取向量:  99%|█████████▉| 989011/1001000 [12:04<00:05, 2192.72it/s]
  提取向量:  99%|█████████▉| 990715/1001000 [12:04<00:03, 2992.60it/s]
  提取向量:  99%|█████████▉| 992231/1001000 [12:08<00:08, 1044.56it/s]
  提取向量:  99%|█████████▉| 993891/1001000 [12:08<00:04, 1462.83it/s]
  提取向量:  99%|█████████▉| 995576/1001000 [12:08<00:02, 2032.09it/s]
  提取向量: 100%|█████████▉| 997227/1001000 [12:08<00:01, 2758.02it/s]
  提取向量: 100%|█████████▉| 998901/1001000 [12:08<00:00, 3692.56it/s]
  提取向量: 100%|█████████▉| 1000422/1001000 [12:17<00:01, 553.95it/s]
  提取向量: 100%|█████████▉| 1000999/1001000 [12:17<00:00, 1356.94it/s]
  训练集: (1000000, 512), 测试集: (1000, 512)
  计算 ground truth (top-10)...

  GT 计算:   0%|          | 0/10 [00:00<?, ?it/s]
  GT 计算:  10%|█         | 1/10 [00:00<00:05,  1.58it/s]
  GT 计算:  20%|██        | 2/10 [00:01<00:05,  1.54it/s]
  GT 计算:  30%|███       | 3/10 [00:01<00:04,  1.54it/s]
  GT 计算:  40%|████      | 4/10 [00:02<00:03,  1.59it/s]
  GT 计算:  50%|█████     | 5/10 [00:03<00:03,  1.63it/s]
  GT 计算:  60%|██████    | 6/10 [00:03<00:02,  1.62it/s]
  GT 计算:  70%|███████   | 7/10 [00:04<00:01,  1.65it/s]
  GT 计算:  80%|████████  | 8/10 [00:04<00:01,  1.60it/s]
  GT 计算:  90%|█████████ | 9/10 [00:05<00:00,  1.65it/s]
  GT 计算: 100%|██████████| 10/10 [00:06<00:00,  1.66it/s]
  GT 计算: 100%|██████████| 10/10 [00:06<00:00,  1.62it/s]
  [OK] wolt_clip_train.f32: shape=(1000000, 512), 1953.1 MB
  [OK] wolt_clip_test.f32: shape=(1000, 512), 2.0 MB
  [OK] wolt_clip_groundtruth.i32: shape=(1000, 10), 0.0 MB
  [完成] 耗时 752.5s

======================================================================
  完成! 成功: 1, 失败: 0
======================================================================
Exception ignored in: <function ResourceTracker.__del__ at 0x000001AB95A6B560>
Traceback (most recent call last):
  File "C:\Users\v_chchsli\Desktop\TriviumDB\.venv\Lib\site-packages\multiprocess\resource_tracker.py", line 80, in __del__
  File "C:\Users\v_chchsli\Desktop\TriviumDB\.venv\Lib\site-packages\multiprocess\resource_tracker.py", line 89, in _stop
  File "C:\Users\v_chchsli\Desktop\TriviumDB\.venv\Lib\site-packages\multiprocess\resource_tracker.py", line 102, in _stop_locked
AttributeError: '_thread.RLock' object has no attribute '_recursion_count'
