==============================================================================
  竞品基线  glove100  dim=100  M=32  ef_construction=128  线程=32
==============================================================================
  train (1183514, 100)  test (10000, 100)  GT (10000, 10)  加载 0.4s

  [FAISS FlatIP 精确]
    R@10 100.00%     2782.9 QPS（应与 GT 一致）

  [hnswlib]
    建图 51.60s  22936 vec/s
    ef=64    R@10  82.05%      36047 QPS
    ef=128   R@10  87.84%      20774 QPS
    ef=256   R@10  92.32%      11246 QPS
    ef=512   R@10  95.64%       6090 QPS
    ef=1024  R@10  97.85%       3204 QPS

  [FAISS HNSW]
    建图 49.79s  23768 vec/s
    ef=64    R@10  81.98%      37893 QPS
    ef=128   R@10  87.81%      20968 QPS
    ef=256   R@10  92.12%      11734 QPS
    ef=512   R@10  95.45%       6196 QPS
    ef=1024  R@10  97.66%       3164 QPS

  [USearch]
    建图 77.69s  15233 vec/s
    ef=64    R@10  81.59%      28026 QPS
    ef=128   R@10  87.45%      15514 QPS
    ef=256   R@10  91.92%       8305 QPS
    ef=512   R@10  95.23%       4411 QPS
    ef=1024  R@10  97.39%       2328 QPS

  [FAISS IVF-Flat]
    建图 45.20s  nlist=4096
    nprobe=16   R@10  74.63%      30904 QPS
    nprobe=64   R@10  87.54%       8541 QPS
    nprobe=128  R@10  92.21%       4398 QPS
    nprobe=256  R@10  95.67%       2294 QPS

### 竞品基线（glove100 1183514 × 100，M=32，ef_c=128，32 线程）

| 方法 | 参数 | R@10 | MT-QPS | 延迟 ms | 建图 s |
|---|---|---|---|---|---|
| faiss_exact | nprobe=None | 100.00% | 2783 | 0.3593 | 0.0 |
| hnswlib | ef=64 | 82.05% | 36047 | 0.0277 | 51.6 |
| hnswlib | ef=128 | 87.84% | 20774 | 0.0481 | 51.6 |
| hnswlib | ef=256 | 92.32% | 11246 | 0.0889 | 51.6 |
| hnswlib | ef=512 | 95.64% | 6090 | 0.1642 | 51.6 |
| hnswlib | ef=1024 | 97.85% | 3204 | 0.3121 | 51.6 |
| faiss_hnsw | ef=64 | 81.98% | 37893 | 0.0264 | 49.8 |
| faiss_hnsw | ef=128 | 87.81% | 20968 | 0.0477 | 49.8 |
| faiss_hnsw | ef=256 | 92.12% | 11734 | 0.0852 | 49.8 |
| faiss_hnsw | ef=512 | 95.45% | 6196 | 0.1614 | 49.8 |
| faiss_hnsw | ef=1024 | 97.66% | 3164 | 0.3160 | 49.8 |
| usearch | ef=64 | 81.59% | 28026 | 0.0357 | 77.7 |
| usearch | ef=128 | 87.45% | 15514 | 0.0645 | 77.7 |
| usearch | ef=256 | 91.92% | 8305 | 0.1204 | 77.7 |
| usearch | ef=512 | 95.23% | 4411 | 0.2267 | 77.7 |
| usearch | ef=1024 | 97.39% | 2328 | 0.4295 | 77.7 |
| faiss_ivf_flat | nprobe=16 | 74.63% | 30904 | 0.0324 | 45.2 |
| faiss_ivf_flat | nprobe=64 | 87.54% | 8541 | 0.1171 | 45.2 |
| faiss_ivf_flat | nprobe=128 | 92.21% | 4398 | 0.2274 | 45.2 |
| faiss_ivf_flat | nprobe=256 | 95.67% | 2294 | 0.4360 | 45.2 |

  已写出 results\baseline\competitors_glove100.json
  总耗时 259.1s
