==============================================================================
  竞品基线  wolt_clip  dim=512  M=32  ef_construction=128  线程=32
==============================================================================
  train (1000000, 512)  test (1000, 512)  GT (1000, 10)  加载 1.6s

  [FAISS FlatIP 精确]
    R@10  90.09%      824.9 QPS（应与 GT 一致）

  [hnswlib]
    建图 78.86s  12681 vec/s
    ef=64    R@10  87.86%      19606 QPS
    ef=128   R@10  89.25%      11657 QPS
    ef=256   R@10  89.62%       6610 QPS
    ef=512   R@10  89.87%       3905 QPS
    ef=1024  R@10  89.89%       2283 QPS

  [FAISS HNSW]
    建图 80.34s  12447 vec/s
    ef=64    R@10  87.36%      21094 QPS
    ef=128   R@10  88.65%      12160 QPS
    ef=256   R@10  89.18%       6845 QPS
    ef=512   R@10  89.76%       3812 QPS
    ef=1024  R@10  89.82%       1974 QPS

  [USearch]
    建图 109.90s  9099 vec/s
    ef=64    R@10  87.81%      21303 QPS
    ef=128   R@10  88.66%      12399 QPS
    ef=256   R@10  89.02%       7510 QPS
    ef=512   R@10  89.22%       4108 QPS
    ef=1024  R@10  89.24%       2369 QPS

  [FAISS IVF-Flat]
    建图 76.15s  nlist=4096
    nprobe=16   R@10  84.31%       6197 QPS
    nprobe=64   R@10  88.91%       1693 QPS
    nprobe=128  R@10  89.67%        911 QPS
    nprobe=256  R@10  89.89%        476 QPS

### 竞品基线（wolt_clip 1000000 × 512，M=32，ef_c=128，32 线程）

| 方法 | 参数 | R@10 | MT-QPS | 延迟 ms | 建图 s |
|---|---|---|---|---|---|
| faiss_exact | nprobe=None | 90.09% | 825 | 1.2123 | 0.0 |
| hnswlib | ef=64 | 87.86% | 19606 | 0.0510 | 78.9 |
| hnswlib | ef=128 | 89.25% | 11657 | 0.0858 | 78.9 |
| hnswlib | ef=256 | 89.62% | 6610 | 0.1513 | 78.9 |
| hnswlib | ef=512 | 89.87% | 3905 | 0.2561 | 78.9 |
| hnswlib | ef=1024 | 89.89% | 2283 | 0.4380 | 78.9 |
| faiss_hnsw | ef=64 | 87.36% | 21094 | 0.0474 | 80.3 |
| faiss_hnsw | ef=128 | 88.65% | 12160 | 0.0822 | 80.3 |
| faiss_hnsw | ef=256 | 89.18% | 6845 | 0.1461 | 80.3 |
| faiss_hnsw | ef=512 | 89.76% | 3812 | 0.2624 | 80.3 |
| faiss_hnsw | ef=1024 | 89.82% | 1974 | 0.5065 | 80.3 |
| usearch | ef=64 | 87.81% | 21303 | 0.0469 | 109.9 |
| usearch | ef=128 | 88.66% | 12399 | 0.0807 | 109.9 |
| usearch | ef=256 | 89.02% | 7510 | 0.1332 | 109.9 |
| usearch | ef=512 | 89.22% | 4108 | 0.2434 | 109.9 |
| usearch | ef=1024 | 89.24% | 2369 | 0.4222 | 109.9 |
| faiss_ivf_flat | nprobe=16 | 84.31% | 6197 | 0.1614 | 76.2 |
| faiss_ivf_flat | nprobe=64 | 88.91% | 1693 | 0.5905 | 76.2 |
| faiss_ivf_flat | nprobe=128 | 89.67% | 911 | 1.0982 | 76.2 |
| faiss_ivf_flat | nprobe=256 | 89.89% | 476 | 2.0996 | 76.2 |

  已写出 results\baseline\competitors_wolt_clip.json
  总耗时 356.6s
