==============================================================================
  竞品基线  sift128c  dim=128  M=32  ef_construction=128  线程=32
==============================================================================
  train (1000000, 128)  test (10000, 128)  GT (10000, 10)  加载 0.4s

  [FAISS FlatIP 精确]
    R@10  99.94%     2385.4 QPS（应与 GT 一致）

  [hnswlib]
    建图 26.97s  37074 vec/s
    ef=64    R@10  97.06%      50547 QPS
    ef=128   R@10  99.05%      29841 QPS
    ef=256   R@10  99.68%      15755 QPS
    ef=512   R@10  99.86%       8662 QPS
    ef=1024  R@10  99.90%       5031 QPS

  [FAISS HNSW]
    建图 32.21s  31047 vec/s
    ef=64    R@10  97.19%      48095 QPS
    ef=128   R@10  99.09%      28455 QPS
    ef=256   R@10  99.70%      15910 QPS
    ef=512   R@10  99.87%       8910 QPS
    ef=1024  R@10  99.91%       4657 QPS

  [USearch]
    建图 41.55s  24069 vec/s
    ef=64    R@10  96.76%      31751 QPS
    ef=128   R@10  98.57%      18939 QPS
    ef=256   R@10  99.18%      11046 QPS
    ef=512   R@10  99.34%       6828 QPS
    ef=1024  R@10  99.40%       3538 QPS

  [FAISS IVF-Flat]
    建图 42.12s  nlist=4096
    nprobe=16   R@10  86.08%      25109 QPS
    nprobe=64   R@10  97.90%       6842 QPS
    nprobe=128  R@10  99.50%       3655 QPS
    nprobe=256  R@10  99.88%       1892 QPS

### 竞品基线（sift128c 1000000 × 128，M=32，ef_c=128，32 线程）

| 方法 | 参数 | R@10 | MT-QPS | 延迟 ms | 建图 s |
|---|---|---|---|---|---|
| faiss_exact | nprobe=None | 99.94% | 2385 | 0.4192 | 0.0 |
| hnswlib | ef=64 | 97.06% | 50547 | 0.0198 | 27.0 |
| hnswlib | ef=128 | 99.05% | 29841 | 0.0335 | 27.0 |
| hnswlib | ef=256 | 99.68% | 15755 | 0.0635 | 27.0 |
| hnswlib | ef=512 | 99.86% | 8662 | 0.1154 | 27.0 |
| hnswlib | ef=1024 | 99.90% | 5031 | 0.1988 | 27.0 |
| faiss_hnsw | ef=64 | 97.19% | 48095 | 0.0208 | 32.2 |
| faiss_hnsw | ef=128 | 99.09% | 28455 | 0.0351 | 32.2 |
| faiss_hnsw | ef=256 | 99.70% | 15910 | 0.0629 | 32.2 |
| faiss_hnsw | ef=512 | 99.87% | 8910 | 0.1122 | 32.2 |
| faiss_hnsw | ef=1024 | 99.91% | 4657 | 0.2148 | 32.2 |
| usearch | ef=64 | 96.76% | 31751 | 0.0315 | 41.5 |
| usearch | ef=128 | 98.57% | 18939 | 0.0528 | 41.5 |
| usearch | ef=256 | 99.18% | 11046 | 0.0905 | 41.5 |
| usearch | ef=512 | 99.34% | 6828 | 0.1465 | 41.5 |
| usearch | ef=1024 | 99.40% | 3538 | 0.2826 | 41.5 |
| faiss_ivf_flat | nprobe=16 | 86.08% | 25109 | 0.0398 | 42.1 |
| faiss_ivf_flat | nprobe=64 | 97.90% | 6842 | 0.1461 | 42.1 |
| faiss_ivf_flat | nprobe=128 | 99.50% | 3655 | 0.2736 | 42.1 |
| faiss_ivf_flat | nprobe=256 | 99.88% | 1892 | 0.5286 | 42.1 |

  已写出 results\baseline\competitors_sift128c.json
  总耗时 173.4s
