
============================================================================================
  cohere  dim=768  R@10@ef=64=94.63%  [竞争档]  论文 95.13（Δ−0.50）
============================================================================================
  S=   10,000  探针（样本内 top-10 重叠）: weighted  57.75% | cheap  54.95%   （全局口径 w   1.10% / c   1.10%）
  S=  100,000  探针（样本内 top-10 重叠）: weighted  63.20% | cheap  61.55%   （全局口径 w   9.30% / c   9.30%）
  S=1,000,000  探针（样本内 top-10 重叠）: weighted  67.45% | cheap  68.40%   （全局口径 w  67.45% / c  68.40%）
  交叉检查：全量时'样本内 f32 top-10' ∩ '数据集 GT top-10' = 100.00%（接近 100% ⇒ 样本内 GT 与数据集 GT 一致）

============================================================================================
  gist960  dim=960  R@10@ef=64=2.10%  [崩塌档]  论文 2.01（Δ+0.09）
============================================================================================
  S=   10,000  探针（样本内 top-10 重叠）: weighted   4.20% | cheap  13.25%   （全局口径 w   0.15% / c   0.35%）
  S=  100,000  探针（样本内 top-10 重叠）: weighted   1.15% | cheap   7.70%   （全局口径 w   0.30% / c   1.90%）
  S=1,000,000  探针（样本内 top-10 重叠）: weighted   0.70% | cheap   6.55%   （全局口径 w   0.70% / c   6.55%）
  交叉检查：全量时'样本内 f32 top-10' ∩ '数据集 GT top-10' = 99.95%（接近 100% ⇒ 样本内 GT 与数据集 GT 一致）

============================================================================================
  gauss960  dim=960  R@10@ef=64=0.41%  [崩塌档]  T-ctrl 各向同性（≈论文 Random-Sphere 0.40）
============================================================================================
  S=   10,000  探针（样本内 top-10 重叠）: weighted  29.90% | cheap   4.40%   （全局口径 w   1.10% / c   0.10%）
  S=  100,000  探针（样本内 top-10 重叠）: weighted  23.40% | cheap   2.05%   （全局口径 w   5.50% / c   0.60%）
  S=1,000,000  探针（样本内 top-10 重叠）: weighted  17.85% | cheap   0.65%   （全局口径 w  17.85% / c   0.65%）
  交叉检查：全量时'样本内 f32 top-10' ∩ '数据集 GT top-10' = 100.00%（接近 100% ⇒ 样本内 GT 与数据集 GT 一致）

============================================================================================
  gist960c  dim=960  R@10@ef=64=39.74%  [—]  去均值（本会话）
============================================================================================
  S=   10,000  探针（样本内 top-10 重叠）: weighted  49.10% | cheap  40.20%   （全局口径 w   0.65% / c   0.60%）
  S=  100,000  探针（样本内 top-10 重叠）: weighted  36.75% | cheap  30.95%   （全局口径 w   6.90% / c   5.45%）
  S=1,000,000  探针（样本内 top-10 重叠）: weighted  28.55% | cheap  23.15%   （全局口径 w  28.55% / c  23.15%）
  交叉检查：全量时'样本内 f32 top-10' ∩ '数据集 GT top-10' = 100.00%（接近 100% ⇒ 样本内 GT 与数据集 GT 一致）
  守卫 dim=128: |ΔHamming|=0  |Δ<w,w>|=0.0  PASS
  守卫 dim=960: |ΔHamming|=0  |Δ<w,w>|=0.0  PASS

============================================================================================================
  论文探针（样本内 top-10 重叠率，%）随样本量 S 的变化
============================================================================================================
| 数据集 | dim | R@10@ef=64 | 论文分组 | S=10000 (w/c) | S=100000 (w/c) | S=1000000 (w/c) | 全局口径 w/c |
|---|---|---|---|---|---|---|---|
| cohere | 768 | 94.63% | 竞争档 | 57.75 / 54.95 | 63.20 / 61.55 | 67.45 / 68.40 | 67.45 / 68.40 |
| gist960c | 960 | 39.74% | — | 49.10 / 40.20 | 36.75 / 30.95 | 28.55 / 23.15 | 28.55 / 23.15 |
| gist960 | 960 | 2.10% | 崩塌档 | 4.20 / 13.25 | 1.15 / 7.70 | 0.70 / 6.55 | 0.70 / 6.55 |
| gauss960 | 960 | 0.41% | 崩塌档 | 29.90 / 4.40 | 23.40 / 2.05 | 17.85 / 0.65 | 17.85 / 0.65 |

  ── 秩相关 ρ(探针, R@10@ef=64) ──
    S=10000    w  n=4  ρ = +0.8000
    S=10000    c  n=4  ρ = +1.0000
    S=100000   w  n=4  ρ = +0.8000
    S=100000   c  n=4  ρ = +1.0000
    S=1000000  w  n=4  ρ = +0.8000
    S=1000000  c  n=4  ρ = +1.0000

  ── P2-2：50% 阈值在 S=10K 上能否分开『崩塌档』与『竞争档』 ──
    w: 崩塌档 max=29.90%  竞争档 min=57.75%  ⇒ 可分
    c: 崩塌档 max=13.25%  竞争档 min=54.95%  ⇒ 可分

  ── P2-3：度量歧义（S=10K，低召回行是否被两个度量给出相反 verdict） ──
    数据集           R@10@ef=64  weighted     cheap  verdict 一致？
    cohere            94.63%    57.75%    54.95%  是
    gist960c          39.74%    49.10%    40.20%  是
    gist960            2.10%     4.20%    13.25%  是
    gauss960           0.41%    29.90%     4.40%  是

  结果写入 results\t2\gist960_collapse\compat_probe_scaling.json
