==============================================================================
  竞品基线  coherec  dim=768  M=32  ef_construction=128  线程=32
==============================================================================
  train (1000000, 768)  test (1000, 768)  GT (1000, 10)  加载 3.6s

  [FAISS FlatIP 精确]
    R@10 100.00%      499.4 QPS（应与 GT 一致）

  [hnswlib]
    建图 215.67s  4637 vec/s
    ef=64    R@10  98.76%       8166 QPS
    ef=128   R@10  99.42%       4670 QPS
    ef=256   R@10  99.79%       2544 QPS
    ef=512   R@10  99.93%       1435 QPS
    ef=1024  R@10  99.99%        803 QPS

  [FAISS HNSW]
    建图 211.51s  4728 vec/s
    ef=64    R@10  98.38%       8537 QPS
    ef=128   R@10  99.37%       4492 QPS
    ef=256   R@10  99.81%       2436 QPS
    ef=512   R@10  99.90%       1382 QPS
    ef=1024  R@10  99.94%        738 QPS

  [USearch]
    建图 234.59s  4263 vec/s
    ef=64    R@10  98.33%       9105 QPS
    ef=128   R@10  99.16%       5208 QPS
    ef=256   R@10  99.63%       2931 QPS
    ef=512   R@10  99.77%       1618 QPS
    ef=1024  R@10  99.89%        848 QPS

  [FAISS IVF-Flat]
    建图 98.39s  nlist=4096
    nprobe=16   R@10  86.57%       3633 QPS
    nprobe=64   R@10  94.70%       1134 QPS
    nprobe=128  R@10  97.21%        585 QPS
    nprobe=256  R@10  98.68%        307 QPS

### 竞品基线（coherec 1000000 × 768，M=32，ef_c=128，32 线程）

| 方法 | 参数 | R@10 | MT-QPS | 延迟 ms | 建图 s |
|---|---|---|---|---|---|
| faiss_exact | nprobe=None | 100.00% | 499 | 2.0024 | 0.0 |
| hnswlib | ef=64 | 98.76% | 8166 | 0.1225 | 215.7 |
| hnswlib | ef=128 | 99.42% | 4670 | 0.2141 | 215.7 |
| hnswlib | ef=256 | 99.79% | 2544 | 0.3930 | 215.7 |
| hnswlib | ef=512 | 99.93% | 1435 | 0.6969 | 215.7 |
| hnswlib | ef=1024 | 99.99% | 803 | 1.2451 | 215.7 |
| faiss_hnsw | ef=64 | 98.38% | 8537 | 0.1171 | 211.5 |
| faiss_hnsw | ef=128 | 99.37% | 4492 | 0.2226 | 211.5 |
| faiss_hnsw | ef=256 | 99.81% | 2436 | 0.4105 | 211.5 |
| faiss_hnsw | ef=512 | 99.90% | 1382 | 0.7238 | 211.5 |
| faiss_hnsw | ef=1024 | 99.94% | 738 | 1.3558 | 211.5 |
| usearch | ef=64 | 98.33% | 9105 | 0.1098 | 234.6 |
| usearch | ef=128 | 99.16% | 5208 | 0.1920 | 234.6 |
| usearch | ef=256 | 99.63% | 2931 | 0.3412 | 234.6 |
| usearch | ef=512 | 99.77% | 1618 | 0.6181 | 234.6 |
| usearch | ef=1024 | 99.89% | 848 | 1.1793 | 234.6 |
| faiss_ivf_flat | nprobe=16 | 86.57% | 3633 | 0.2753 | 98.4 |
| faiss_ivf_flat | nprobe=64 | 94.70% | 1134 | 0.8822 | 98.4 |
| faiss_ivf_flat | nprobe=128 | 97.21% | 585 | 1.7084 | 98.4 |
| faiss_ivf_flat | nprobe=256 | 98.68% | 307 | 3.2554 | 98.4 |

  已写出 results\baseline\competitors_coherec.json
  总耗时 782.0s
