==============================================================================
  竞品基线  spherec  dim=768  M=32  ef_construction=128  线程=32
==============================================================================
  train (1000000, 768)  test (1000, 768)  GT (1000, 10)  加载 2.8s

  [FAISS FlatIP 精确]
    R@10 100.00%      542.3 QPS（应与 GT 一致）

  [hnswlib]
    建图 568.57s  1759 vec/s
    ef=64    R@10   1.40%       3645 QPS
    ef=128   R@10   2.62%       1930 QPS
    ef=256   R@10   5.15%       1013 QPS
    ef=512   R@10   9.85%        531 QPS
    ef=1024  R@10  17.43%        285 QPS

  [FAISS HNSW]
    建图 542.47s  1843 vec/s
    ef=64    R@10   1.49%       3583 QPS
    ef=128   R@10   2.87%       1855 QPS
    ef=256   R@10   5.49%        982 QPS
    ef=512   R@10  10.14%        511 QPS
    ef=1024  R@10  18.38%        269 QPS

  [USearch]
    建图 1737.23s  576 vec/s
    ef=64    R@10   1.68%       3551 QPS
    ef=128   R@10   2.95%       1878 QPS
    ef=256   R@10   5.22%        925 QPS
    ef=512   R@10  10.14%        536 QPS
    ef=1024  R@10  17.53%        298 QPS

  [FAISS IVF-Flat]
    建图 103.12s  nlist=4096
    nprobe=16   R@10   2.79%       4652 QPS
    nprobe=64   R@10   7.18%       1209 QPS
    nprobe=128  R@10  12.09%        603 QPS
    nprobe=256  R@10  20.09%        300 QPS

### 竞品基线（spherec 1000000 × 768，M=32，ef_c=128，32 线程）

| 方法 | 参数 | R@10 | MT-QPS | 延迟 ms | 建图 s |
|---|---|---|---|---|---|
| faiss_exact | nprobe=None | 100.00% | 542 | 1.8441 | 0.0 |
| hnswlib | ef=64 | 1.40% | 3645 | 0.2743 | 568.6 |
| hnswlib | ef=128 | 2.62% | 1930 | 0.5181 | 568.6 |
| hnswlib | ef=256 | 5.15% | 1013 | 0.9869 | 568.6 |
| hnswlib | ef=512 | 9.85% | 531 | 1.8816 | 568.6 |
| hnswlib | ef=1024 | 17.43% | 285 | 3.5064 | 568.6 |
| faiss_hnsw | ef=64 | 1.49% | 3583 | 0.2791 | 542.5 |
| faiss_hnsw | ef=128 | 2.87% | 1855 | 0.5391 | 542.5 |
| faiss_hnsw | ef=256 | 5.49% | 982 | 1.0180 | 542.5 |
| faiss_hnsw | ef=512 | 10.14% | 511 | 1.9578 | 542.5 |
| faiss_hnsw | ef=1024 | 18.38% | 269 | 3.7124 | 542.5 |
| usearch | ef=64 | 1.68% | 3551 | 0.2816 | 1737.2 |
| usearch | ef=128 | 2.95% | 1878 | 0.5323 | 1737.2 |
| usearch | ef=256 | 5.22% | 925 | 1.0809 | 1737.2 |
| usearch | ef=512 | 10.14% | 536 | 1.8652 | 1737.2 |
| usearch | ef=1024 | 17.53% | 298 | 3.3612 | 1737.2 |
| faiss_ivf_flat | nprobe=16 | 2.79% | 4652 | 0.2150 | 103.1 |
| faiss_ivf_flat | nprobe=64 | 7.18% | 1209 | 0.8273 | 103.1 |
| faiss_ivf_flat | nprobe=128 | 12.09% | 603 | 1.6578 | 103.1 |
| faiss_ivf_flat | nprobe=256 | 20.09% | 300 | 3.3382 | 103.1 |

  已写出 results\baseline\competitors_spherec.json
  总耗时 2986.5s
