==============================================================================
  竞品基线  sphere  dim=768  M=32  ef_construction=128  线程=32
==============================================================================
  train (1000000, 768)  test (1000, 768)  GT (1000, 10)  加载 4.7s

  [FAISS FlatIP 精确]
    R@10 100.00%      516.6 QPS（应与 GT 一致）

  [hnswlib]
    建图 558.81s  1790 vec/s
    ef=64    R@10   1.66%       3370 QPS
    ef=128   R@10   2.93%       1828 QPS
    ef=256   R@10   5.47%        994 QPS
    ef=512   R@10  10.13%        527 QPS
    ef=1024  R@10  17.54%        282 QPS

  [FAISS HNSW]
    建图 555.05s  1802 vec/s
    ef=64    R@10   1.52%       3560 QPS
    ef=128   R@10   2.67%       1766 QPS
    ef=256   R@10   5.44%        940 QPS
    ef=512   R@10   9.69%        508 QPS
    ef=1024  R@10  17.75%        267 QPS

  [USearch]
