
============================================================================================
  glove100  dim=100  R@10@ef=64=32.82%  [可用档]  论文 32.08（Δ+0.74）
============================================================================================
  S=   10,000  探针（样本内 top-10 重叠）: weighted  39.15% | cheap  17.75%   （全局口径 w   1.20% / c   0.65%）
  S=  100,000  探针（样本内 top-10 重叠）: weighted  33.85% | cheap  17.85%   （全局口径 w   6.00% / c   3.60%）
  S=1,000,000  探针（样本内 top-10 重叠）: weighted  32.30% | cheap  19.55%   （全局口径 w  29.65% / c  18.20%）
  交叉检查：全量时'样本内 f32 top-10' ∩ '数据集 GT top-10' = 84.85%（接近 100% ⇒ 样本内 GT 与数据集 GT 一致）

============================================================================================
  sift128  dim=128  R@10@ef=64=15.77%  [崩塌档]  论文 14.85（Δ+0.92）
============================================================================================
  S=   10,000  探针（样本内 top-10 重叠）: weighted   7.70% | cheap  19.65%   （全局口径 w   0.15% / c   0.50%）
  S=  100,000  探针（样本内 top-10 重叠）: weighted   3.15% | cheap  11.30%   （全局口径 w   0.80% / c   2.75%）
  S=1,000,000  探针（样本内 top-10 重叠）: weighted   3.10% | cheap  10.05%   （全局口径 w   3.10% / c  10.05%）
  交叉检查：全量时'样本内 f32 top-10' ∩ '数据集 GT top-10' = 99.95%（接近 100% ⇒ 样本内 GT 与数据集 GT 一致）

============================================================================================
  sphere  dim=768  R@10@ef=64=0.48%  [崩塌档]  论文 Random-Sphere 0.40（Δ+0.08，仓库生成器）
============================================================================================
  S=   10,000  探针（样本内 top-10 重叠）: weighted  29.85% | cheap   5.05%   （全局口径 w   1.00% / c   0.20%）
  S=  100,000  探针（样本内 top-10 重叠）: weighted  23.00% | cheap   2.90%   （全局口径 w   4.85% / c   0.70%）
  S=1,000,000  探针（样本内 top-10 重叠）: weighted  18.20% | cheap   0.80%   （全局口径 w  18.20% / c   0.80%）
  交叉检查：全量时'样本内 f32 top-10' ∩ '数据集 GT top-10' = 100.00%（接近 100% ⇒ 样本内 GT 与数据集 GT 一致）

============================================================================================
  random  dim=768  R@10@ef=64=43.60%  [可用档]  论文 Synthetic-LR 41.76（Δ+1.84，仓库生成器）
============================================================================================
  S=   10,000  探针（样本内 top-10 重叠）: weighted  66.95% | cheap  45.25%   （全局口径 w   1.30% / c   1.30%）
  S=  100,000  探针（样本内 top-10 重叠）: weighted  58.65% | cheap  38.50%   （全局口径 w   9.25% / c   7.30%）
  S=1,000,000  探针（样本内 top-10 重叠）: weighted  52.15% | cheap  31.80%   （全局口径 w  52.15% / c  31.80%）
  交叉检查：全量时'样本内 f32 top-10' ∩ '数据集 GT top-10' = 100.00%（接近 100% ⇒ 样本内 GT 与数据集 GT 一致）

============================================================================================
  sift128c  dim=128  R@10@ef=64=30.64%  [—]  去均值（本会话）
============================================================================================
  S=   10,000  探针（样本内 top-10 重叠）: weighted  40.80% | cheap  38.10%   （全局口径 w   0.45% / c   0.45%）
  S=  100,000  探针（样本内 top-10 重叠）: weighted  28.70% | cheap  28.30%   （全局口径 w   5.90% / c   5.45%）
  S=1,000,000  探针（样本内 top-10 重叠）: weighted  22.70% | cheap  24.35%   （全局口径 w  22.70% / c  24.35%）
  交叉检查：全量时'样本内 f32 top-10' ∩ '数据集 GT top-10' = 99.95%（接近 100% ⇒ 样本内 GT 与数据集 GT 一致）
  守卫 dim=128: |ΔHamming|=0  |Δ<w,w>|=0.0  PASS
  守卫 dim=960: |ΔHamming|=0  |Δ<w,w>|=0.0  PASS

============================================================================================================
  论文探针（样本内 top-10 重叠率，%）随样本量 S 的变化
============================================================================================================
| 数据集 | dim | R@10@ef=64 | 论文分组 | S=10000 (w/c) | S=100000 (w/c) | S=1000000 (w/c) | 全局口径 w/c |
|---|---|---|---|---|---|---|---|
| cohere | 768 | 94.63% | 竞争档 | 57.75 / 54.95 | 63.20 / 61.55 | 67.45 / 68.40 | 67.45 / 68.40 |
| random | 768 | 43.60% | 可用档 | 66.95 / 45.25 | 58.65 / 38.50 | 52.15 / 31.80 | 52.15 / 31.80 |
| gist960c | 960 | 39.74% | — | 49.10 / 40.20 | 36.75 / 30.95 | 28.55 / 23.15 | 28.55 / 23.15 |
| glove100 | 100 | 32.82% | 可用档 | 39.15 / 17.75 | 33.85 / 17.85 | 32.30 / 19.55 | 29.65 / 18.20 |
| sift128c | 128 | 30.64% | — | 40.80 / 38.10 | 28.70 / 28.30 | 22.70 / 24.35 | 22.70 / 24.35 |
| sift128 | 128 | 15.77% | 崩塌档 | 7.70 / 19.65 | 3.15 / 11.30 | 3.10 / 10.05 | 3.10 / 10.05 |
| gist960 | 960 | 2.10% | 崩塌档 | 4.20 / 13.25 | 1.15 / 7.70 | 0.70 / 6.55 | 0.70 / 6.55 |
| sphere | 768 | 0.48% | 崩塌档 | 29.85 / 5.05 | 23.00 / 2.90 | 18.20 / 0.80 | 18.20 / 0.80 |
| gauss960 | 960 | 0.41% | 崩塌档 | 29.90 / 4.40 | 23.40 / 2.05 | 17.85 / 0.65 | 17.85 / 0.65 |

  ── 秩相关 ρ(探针, R@10@ef=64) ──
    S=10000    w  n=9  ρ = +0.8167
    S=10000    c  n=9  ρ = +0.9500
    S=100000   w  n=9  ρ = +0.8500
    S=100000   c  n=9  ρ = +0.9833
    S=1000000  w  n=9  ρ = +0.8500
    S=1000000  c  n=9  ρ = +0.9500

  ── P2-2：50% 阈值在 S=10K 上能否分开『崩塌档』与『竞争档』 ──
    w: 崩塌档 max=29.90%  竞争档 min=57.75%  ⇒ 可分
    c: 崩塌档 max=19.65%  竞争档 min=54.95%  ⇒ 可分

  ── P2-3：度量歧义（S=10K，低召回行是否被两个度量给出相反 verdict） ──
    数据集           R@10@ef=64  weighted     cheap  verdict 一致？
    cohere            94.63%    57.75%    54.95%  是
    random            43.60%    66.95%    45.25%  ★ 否（相反）
    gist960c          39.74%    49.10%    40.20%  是
    glove100          32.82%    39.15%    17.75%  是
    sift128c          30.64%    40.80%    38.10%  是
    sift128           15.77%     7.70%    19.65%  是
    gist960            2.10%     4.20%    13.25%  是
    sphere             0.48%    29.85%     5.05%  是
    gauss960           0.41%    29.90%     4.40%  是

  结果写入 results\t2\gist960_collapse\compat_probe_scaling.json
