==============================================================================
  竞品基线  randomc  dim=768  M=32  ef_construction=128  线程=32
==============================================================================
  train (1000000, 768)  test (1000, 768)  GT (1000, 10)  加载 4.7s

  [FAISS FlatIP 精确]
    R@10 100.00%      391.6 QPS（应与 GT 一致）

  [hnswlib]
    建图 448.75s  2228 vec/s
    ef=64    R@10  51.37%       3859 QPS
    ef=128   R@10  67.66%       2176 QPS
    ef=256   R@10  82.17%       1203 QPS
    ef=512   R@10  92.05%        652 QPS
    ef=1024  R@10  97.40%        349 QPS

  [FAISS HNSW]
    建图 428.78s  2332 vec/s
    ef=64    R@10  53.94%       4045 QPS
    ef=128   R@10  70.47%       2329 QPS
    ef=256   R@10  84.16%       1201 QPS
    ef=512   R@10  93.46%        635 QPS
    ef=1024  R@10  97.92%        342 QPS

  [USearch]
    建图 950.40s  1052 vec/s
    ef=64    R@10  52.82%       4549 QPS
    ef=128   R@10  68.48%       2593 QPS
    ef=256   R@10  83.19%       1171 QPS
    ef=512   R@10  92.42%        711 QPS
    ef=1024  R@10  97.45%        375 QPS

  [FAISS IVF-Flat]
    建图 110.98s  nlist=4096
    nprobe=16   R@10  26.62%       3798 QPS
    nprobe=64   R@10  51.72%       1119 QPS
    nprobe=128  R@10  66.18%        578 QPS
    nprobe=256  R@10  79.68%        294 QPS

### 竞品基线（randomc 1000000 × 768，M=32，ef_c=128，32 线程）

| 方法 | 参数 | R@10 | MT-QPS | 延迟 ms | 建图 s |
|---|---|---|---|---|---|
| faiss_exact | nprobe=None | 100.00% | 392 | 2.5538 | 0.0 |
| hnswlib | ef=64 | 51.37% | 3859 | 0.2591 | 448.8 |
| hnswlib | ef=128 | 67.66% | 2176 | 0.4596 | 448.8 |
| hnswlib | ef=256 | 82.17% | 1203 | 0.8311 | 448.8 |
| hnswlib | ef=512 | 92.05% | 652 | 1.5330 | 448.8 |
| hnswlib | ef=1024 | 97.40% | 349 | 2.8665 | 448.8 |
| faiss_hnsw | ef=64 | 53.94% | 4045 | 0.2472 | 428.8 |
| faiss_hnsw | ef=128 | 70.47% | 2329 | 0.4293 | 428.8 |
| faiss_hnsw | ef=256 | 84.16% | 1201 | 0.8325 | 428.8 |
| faiss_hnsw | ef=512 | 93.46% | 635 | 1.5747 | 428.8 |
| faiss_hnsw | ef=1024 | 97.92% | 342 | 2.9269 | 428.8 |
| usearch | ef=64 | 52.82% | 4549 | 0.2198 | 950.4 |
| usearch | ef=128 | 68.48% | 2593 | 0.3857 | 950.4 |
| usearch | ef=256 | 83.19% | 1171 | 0.8543 | 950.4 |
| usearch | ef=512 | 92.42% | 711 | 1.4063 | 950.4 |
| usearch | ef=1024 | 97.45% | 375 | 2.6695 | 950.4 |
| faiss_ivf_flat | nprobe=16 | 26.62% | 3798 | 0.2633 | 111.0 |
| faiss_ivf_flat | nprobe=64 | 51.72% | 1119 | 0.8936 | 111.0 |
| faiss_ivf_flat | nprobe=128 | 66.18% | 578 | 1.7292 | 111.0 |
| faiss_ivf_flat | nprobe=256 | 79.68% | 294 | 3.4003 | 111.0 |

  已写出 results\baseline\competitors_randomc.json
  总耗时 1972.4s
