
============================================================================================================
  论文探针（样本内 top-10 重叠率，%）随样本量 S 的变化
============================================================================================================
| 数据集 | dim | R@10@ef=64 | 论文分组 | S=10000 (w/c) | S=100000 (w/c) | S=1000000 (w/c) | 全局口径 w/c |
|---|---|---|---|---|---|---|---|
| cohere | 768 | 94.63% | 竞争档 | 57.75 / 54.95 | 63.20 / 61.55 | 67.45 / 68.40 | 67.45 / 68.40 |
| gist960c | 960 | 39.74% | — | 49.10 / 40.20 | 36.75 / 30.95 | 28.55 / 23.15 | 28.55 / 23.15 |
| gist960 | 960 | 2.10% | 崩塌档 | 4.20 / 13.25 | 1.15 / 7.70 | 0.70 / 6.55 | 0.70 / 6.55 |
| gauss960 | 960 | 0.41% | 崩塌档 | 29.90 / 4.40 | 23.40 / 2.05 | 17.85 / 0.65 | 17.85 / 0.65 |

  ── 秩相关 ρ(探针, R@10@ef=64) ──
    S=10000    w  n=4  ρ = +0.8000
    S=10000    c  n=4  ρ = +1.0000
    S=100000   w  n=4  ρ = +0.8000
    S=100000   c  n=4  ρ = +1.0000
    S=1000000  w  n=4  ρ = +0.8000
    S=1000000  c  n=4  ρ = +1.0000

  ── P2-2：50% 阈值在 S=10K 上能否分开『崩塌档』与『竞争档』 ──
    w: 崩塌档 max=29.90%  竞争档 min=57.75%  ⇒ 可分
    c: 崩塌档 max=13.25%  竞争档 min=54.95%  ⇒ 可分

  ── P2-3：度量歧义（S=10K，低召回行是否被两个度量给出相反 verdict） ──
    数据集           R@10@ef=64  weighted     cheap  verdict 一致？
    cohere            94.63%    57.75%    54.95%  是
    gist960c          39.74%    49.10%    40.20%  是
    gist960            2.10%     4.20%    13.25%  是
    gauss960           0.41%    29.90%     4.40%  是

  （读自 results\t2\gist960_collapse\compat_probe_scaling.json，4 行）
