======================================================================
加载数据...
  训练集: cohere_train.f32
  测试集: cohere_test.f32
  GT: cohere_groundtruth.i32
  维度: 768
  训练集: (1000000, 768)
  测试集: (1000, 768)
  GT: (1000, 10)
======================================================================

======================================================================
Brute-Force Baseline (numpy exact search)
======================================================================
  Brute-force QPS: 148  (latency: 6.76 ms/q, recall: 100.0%)

将运行: vsag
硬件: MT=32 线程, cgroup 可用 32 核 (宿主 32)
[跳过] pyvsag 未安装 (pip install pyvsag)

======================================================================
全部完成！
======================================================================
