==============================================================================
  竞品基线  coco_nomic  dim=768  M=32  ef_construction=128  线程=32
==============================================================================
  train (282360, 768)  test (1000, 768)  GT (1000, 10)  加载 0.7s

  [FAISS FlatIP 精确]
    R@10 100.00%     1844.3 QPS（应与 GT 一致）

  [hnswlib]
    建图 19.17s  14727 vec/s
    ef=64    R@10  86.23%      17053 QPS
    ef=128   R@10  92.99%      10620 QPS
    ef=256   R@10  96.81%       6733 QPS
    ef=512   R@10  98.56%       4153 QPS
    ef=1024  R@10  99.31%       2542 QPS

  [FAISS HNSW]
    建图 19.09s  14789 vec/s
    ef=64    R@10  86.87%      18854 QPS
    ef=128   R@10  92.74%      11526 QPS
    ef=256   R@10  96.90%       7044 QPS
    ef=512   R@10  98.55%       4019 QPS
    ef=1024  R@10  99.29%       2158 QPS

  [USearch]
    建图 24.87s  11355 vec/s
    ef=64    R@10  86.06%      18323 QPS
    ef=128   R@10  92.58%      10917 QPS
    ef=256   R@10  95.85%       5568 QPS
    ef=512   R@10  97.46%       3737 QPS
    ef=1024  R@10  98.06%       2429 QPS

  [FAISS IVF-Flat]
    建图 30.27s  nlist=4096
    nprobe=16   R@10  83.66%       7196 QPS
    nprobe=64   R@10  95.44%       3205 QPS
    nprobe=128  R@10  97.62%       1977 QPS
    nprobe=256  R@10  98.82%       1068 QPS

### 竞品基线（coco_nomic 282360 × 768，M=32，ef_c=128，32 线程）

| 方法 | 参数 | R@10 | MT-QPS | 延迟 ms | 建图 s |
|---|---|---|---|---|---|
| faiss_exact | nprobe=None | 100.00% | 1844 | 0.5422 | 0.0 |
| hnswlib | ef=64 | 86.23% | 17053 | 0.0586 | 19.2 |
| hnswlib | ef=128 | 92.99% | 10620 | 0.0942 | 19.2 |
| hnswlib | ef=256 | 96.81% | 6733 | 0.1485 | 19.2 |
| hnswlib | ef=512 | 98.56% | 4153 | 0.2408 | 19.2 |
| hnswlib | ef=1024 | 99.31% | 2542 | 0.3934 | 19.2 |
| faiss_hnsw | ef=64 | 86.87% | 18854 | 0.0530 | 19.1 |
| faiss_hnsw | ef=128 | 92.74% | 11526 | 0.0868 | 19.1 |
| faiss_hnsw | ef=256 | 96.90% | 7044 | 0.1420 | 19.1 |
| faiss_hnsw | ef=512 | 98.55% | 4019 | 0.2488 | 19.1 |
| faiss_hnsw | ef=1024 | 99.29% | 2158 | 0.4635 | 19.1 |
| usearch | ef=64 | 86.06% | 18323 | 0.0546 | 24.9 |
| usearch | ef=128 | 92.58% | 10917 | 0.0916 | 24.9 |
| usearch | ef=256 | 95.85% | 5568 | 0.1796 | 24.9 |
| usearch | ef=512 | 97.46% | 3737 | 0.2676 | 24.9 |
| usearch | ef=1024 | 98.06% | 2429 | 0.4117 | 24.9 |
| faiss_ivf_flat | nprobe=16 | 83.66% | 7196 | 0.1390 | 30.3 |
| faiss_ivf_flat | nprobe=64 | 95.44% | 3205 | 0.3120 | 30.3 |
| faiss_ivf_flat | nprobe=128 | 97.62% | 1977 | 0.5057 | 30.3 |
| faiss_ivf_flat | nprobe=256 | 98.82% | 1068 | 0.9365 | 30.3 |

  已写出 results\baseline\competitors_coco_nomic.json
  总耗时 100.5s
