==============================================================================
  竞品基线  cohere  dim=768  M=32  ef_construction=128  线程=32
==============================================================================
  train (1000000, 768)  test (1000, 768)  GT (1000, 10)  加载 3.7s

  [FAISS FlatIP 精确]
    R@10 100.00%      517.7 QPS（应与 GT 一致）

  [hnswlib]
    建图 178.49s  5603 vec/s
    ef=64    R@10  96.48%       9309 QPS
    ef=128   R@10  98.15%       5071 QPS
    ef=256   R@10  99.11%       2767 QPS
    ef=512   R@10  99.61%       1555 QPS
    ef=1024  R@10  99.82%        819 QPS

  [FAISS HNSW]
    建图 171.69s  5824 vec/s
    ef=64    R@10  96.60%       9779 QPS
    ef=128   R@10  98.28%       5345 QPS
    ef=256   R@10  99.08%       2823 QPS
    ef=512   R@10  99.52%       1516 QPS
    ef=1024  R@10  99.73%        783 QPS

  [USearch]
    建图 195.83s  5107 vec/s
    ef=64    R@10  96.43%       9450 QPS
    ef=128   R@10  98.12%       5065 QPS
    ef=256   R@10  99.02%       2801 QPS
    ef=512   R@10  99.35%       1653 QPS
    ef=1024  R@10  99.50%        821 QPS

  [FAISS IVF-Flat]
    建图 104.75s  nlist=4096
    nprobe=16   R@10  86.34%       3354 QPS
    nprobe=64   R@10  95.09%        918 QPS
    nprobe=128  R@10  97.51%        474 QPS
    nprobe=256  R@10  99.03%        234 QPS

### 竞品基线（cohere 1000000 × 768，M=32，ef_c=128，32 线程）

| 方法 | 参数 | R@10 | MT-QPS | 延迟 ms | 建图 s |
|---|---|---|---|---|---|
| faiss_exact | nprobe=None | 100.00% | 518 | 1.9318 | 0.0 |
| hnswlib | ef=64 | 96.48% | 9309 | 0.1074 | 178.5 |
| hnswlib | ef=128 | 98.15% | 5071 | 0.1972 | 178.5 |
| hnswlib | ef=256 | 99.11% | 2767 | 0.3613 | 178.5 |
| hnswlib | ef=512 | 99.61% | 1555 | 0.6433 | 178.5 |
| hnswlib | ef=1024 | 99.82% | 819 | 1.2210 | 178.5 |
| faiss_hnsw | ef=64 | 96.60% | 9779 | 0.1023 | 171.7 |
| faiss_hnsw | ef=128 | 98.28% | 5345 | 0.1871 | 171.7 |
| faiss_hnsw | ef=256 | 99.08% | 2823 | 0.3542 | 171.7 |
| faiss_hnsw | ef=512 | 99.52% | 1516 | 0.6596 | 171.7 |
| faiss_hnsw | ef=1024 | 99.73% | 783 | 1.2767 | 171.7 |
| usearch | ef=64 | 96.43% | 9450 | 0.1058 | 195.8 |
| usearch | ef=128 | 98.12% | 5065 | 0.1974 | 195.8 |
| usearch | ef=256 | 99.02% | 2801 | 0.3570 | 195.8 |
| usearch | ef=512 | 99.35% | 1653 | 0.6050 | 195.8 |
| usearch | ef=1024 | 99.50% | 821 | 1.2177 | 195.8 |
| faiss_ivf_flat | nprobe=16 | 86.34% | 3354 | 0.2981 | 104.8 |
| faiss_ivf_flat | nprobe=64 | 95.09% | 918 | 1.0898 | 104.8 |
| faiss_ivf_flat | nprobe=128 | 97.51% | 474 | 2.1117 | 104.8 |
| faiss_ivf_flat | nprobe=256 | 99.03% | 234 | 4.2715 | 104.8 |

  已写出 results\baseline\competitors_cohere.json
  总耗时 673.7s
