    [U20] K=3 个子集的 probe_ef 范围 = 99.4..99.6%（加权）/ 99.4..99.6%（Hamming）
  arxiv_nomic      dim=768   sign_info=0.689/0.000 ‖μ‖=0.743 可分=+0.597 probe10= 66.2% probe_ef= 99.5% 实测@128=— 导航=cheap  ② 建议去均值（移位量可观且有余量）
    [U20] K=3 个子集的 probe_ef 范围 = 99.9..100.0%（加权）/ 99.8..100.0%（Hamming）
  codesearch_jina  dim=768   sign_info=0.986/0.473 ‖μ‖=0.187 可分=+1.590 probe10= 76.1% probe_ef= 99.9% 实测@128=— 导航=weighted  ④ BQ-native 可用（竞争力另需竞品曲线）
    [U20] K=3 个子集的 probe_ef 范围 = 100.0..100.0%（加权）/ 99.7..99.8%（Hamming）
  gooaq_roberta    dim=768   sign_info=0.996/0.000 ‖μ‖=0.070 可分=+2.161 probe10= 80.0% probe_ef= 99.7% 实测@128=— 导航=weighted  ④ BQ-native 可用（竞争力另需竞品曲线）
    [U20] K=3 个子集的 probe_ef 范围 = 93.3..94.2%（加权）/ 99.5..99.7%（Hamming）
  landmark_nomic   dim=768   sign_info=0.394/0.001 ‖μ‖=0.872 可分=+0.338 probe10= 47.9% probe_ef= 93.7% 实测@128=— 导航=cheap  ② 建议去均值（移位量可观且有余量）
    [U20] K=3 个子集的 probe_ef 范围 = 99.2..99.2%（加权）/ 95.8..96.7%（Hamming）
  landmark_dino    dim=768   sign_info=0.944/0.000 ‖μ‖=0.375 可分=+0.662 probe10= 57.4% probe_ef= 96.2% 实测@128=— 导航=weighted  ② 建议去均值（移位量可观且有余量）
    [U20] K=3 个子集的 probe_ef 范围 = 99.5..99.7%（加权）/ 95.0..96.1%（Hamming）
  gist960rc        dim=960   sign_info=1.000/0.995 ‖μ‖=0.024 可分=+0.345 probe10= 53.9% probe_ef= 95.6% 实测@128=— 导航=weighted  ④ BQ-native 可用（竞争力另需竞品曲线）

================================================================================================================
  markdown
================================================================================================================
| 臂 | dim | sign_info mean/min | ‖μ‖ | 可分性 | probe10 | probe_ef | 实测 R@10@128 | 判据 |
|---|---|---|---|---|---|---|---|---|
| arxiv_nomic | 768 | 0.689/0.000 | 0.743 | +0.597 | 66.2% | 99.5% | — | ② 建议去均值（移位量可观且有余量） |
| codesearch_jina | 768 | 0.986/0.473 | 0.187 | +1.590 | 76.1% | 99.9% | — | ④ BQ-native 可用（竞争力另需竞品曲线） |
| gooaq_roberta | 768 | 0.996/0.000 | 0.070 | +2.161 | 80.0% | 99.7% | — | ④ BQ-native 可用（竞争力另需竞品曲线） |
| landmark_nomic | 768 | 0.394/0.001 | 0.872 | +0.338 | 47.9% | 93.7% | — | ② 建议去均值（移位量可观且有余量） |
| landmark_dino | 768 | 0.944/0.000 | 0.375 | +0.662 | 57.4% | 96.2% | — | ② 建议去均值（移位量可观且有余量） |
| gist960rc | 960 | 1.000/0.995 | 0.024 | +0.345 | 53.9% | 95.6% | — | ④ BQ-native 可用（竞争力另需竞品曲线） |

[OK] 写出 results\t2\deployability_gate.json
