======================================================================
加载数据...
  训练集: coco_nomic_train.f32
  测试集: coco_nomic_test.f32
  GT: coco_nomic_groundtruth.i32
  维度: 768
  训练集: (282360, 768)
  测试集: (1000, 768)
  GT: (1000, 10)
======================================================================

======================================================================
Brute-Force Baseline (numpy exact search)
======================================================================
  Brute-force QPS: 761  (latency: 1.31 ms/q, recall: 100.0%)

将运行: faiss_ivfpq
硬件: MT=32 线程, cgroup 可用 32 核 (宿主 32)

======================================================================
Baseline: FAISS IVF-PQ
======================================================================

>>> 模式 A: 裸 IVF-PQ（无 OPQ / 无 Refine）<<<

--- 裸 IVF-PQ nlist=1024, m_pq=96 ---
构建(含训练): 76.5s
内存: 26 MB (仅 PQ 码)
  nprobe      R@10     1T-QPS     MT-QPS   lat(ms)    1T/BF    MT/BF
--------------------------------------------------------------------
       1    17.97%      8,524     95,079      0.12    11.2x   124.9x
       4    23.65%      6,666     77,413      0.15     8.8x   101.7x
       8    24.65%      5,118     64,667      0.20     6.7x    85.0x
      16    25.16%      3,482     43,025      0.29     4.6x    56.5x
      32    25.26%      2,084     26,069      0.48     2.7x    34.3x
      64    25.37%      1,177     15,735      0.85     1.5x    20.7x
     128    25.39%        617      8,489      1.62     0.8x    11.2x
     256    25.43%        316      4,429      3.17     0.4x     5.8x

>>> 模式 B: OPQ + IVF-PQ + Refine（生产级配置）<<<

--- OPQ+IVF-PQ+Refine nlist=4096, m_pq=128 ---
构建(含 OPQ 训练): 1016.4s
内存: 862 MB (PQ码: 34 MB + f32精排: 827 MB)
  nprobe  k_fac      R@10     1T-QPS     MT-QPS   lat(ms)    1T/BF    MT/BF
---------------------------------------------------------------------------
       4      1    44.40%      8,697     33,121      0.11    11.4x    43.5x
       4      4    56.88%      7,741     33,800      0.13    10.2x    44.4x
       4     10    57.50%      6,740     25,433      0.15     8.9x    33.4x
       4     20    57.56%      5,584     26,112      0.18     7.3x    34.3x
      16      1    55.42%      5,478     22,918      0.18     7.2x    30.1x
      16      4    80.09%      5,213     26,671      0.19     6.8x    35.0x
      16     10    83.12%      4,473     18,632      0.22     5.9x    24.5x
      16     20    83.56%      3,850     17,186      0.26     5.1x    22.6x
      32      1    57.80%      3,933     19,177      0.25     5.2x    25.2x
      32      4    86.04%      3,701     21,265      0.27     4.9x    27.9x
      32     10    90.12%      3,477     20,898      0.29     4.6x    27.5x
      32     20    90.80%      3,059     19,539      0.33     4.0x    25.7x
      64      1    59.08%      2,475     20,318      0.40     3.3x    26.7x
      64      4    89.37%      2,382     17,498      0.42     3.1x    23.0x
      64     10    94.33%      2,269     17,854      0.44     3.0x    23.5x
      64     20    95.12%      2,032     15,234      0.49     2.7x    20.0x
     128      1    59.56%      1,446     14,403      0.69     1.9x    18.9x
     128      4    90.86%      1,411     13,775      0.71     1.9x    18.1x
     128     10    96.33%      1,375     12,415      0.73     1.8x    16.3x
     128     20    97.25%      1,300     12,317      0.77     1.7x    16.2x
     256      1    59.79%        796      8,746      1.26     1.0x    11.5x
     256      4    91.72%        779      8,660      1.28     1.0x    11.4x
     256     10    97.45%        776      8,427      1.29     1.0x    11.1x
     256     20    98.42%        739      7,771      1.35     1.0x    10.2x

======================================================================
全部完成！
======================================================================
