======================================================================
加载数据...
  训练集: cohere_train.f32
  测试集: cohere_test.f32
  GT: cohere_groundtruth.i32
  维度: 768
  训练集: (1000000, 768)
  测试集: (1000, 768)
  GT: (1000, 10)
======================================================================

======================================================================
Brute-Force Baseline (numpy exact search)
======================================================================
  Brute-force QPS: 148  (latency: 6.78 ms/q, recall: 100.0%)

将运行: faiss_ivfpq
硬件: MT=32 线程, cgroup 可用 32 核 (宿主 32)

======================================================================
Baseline: FAISS IVF-PQ
======================================================================

>>> 模式 A: 裸 IVF-PQ（无 OPQ / 无 Refine）<<<

--- 裸 IVF-PQ nlist=1024, m_pq=96 ---
构建(含训练): 84.8s
内存: 92 MB (仅 PQ 码)
  nprobe      R@10     1T-QPS     MT-QPS   lat(ms)    1T/BF    MT/BF
--------------------------------------------------------------------
       1    35.24%      7,448     88,748      0.13    50.5x   601.7x
       4    52.87%      3,220     35,786      0.31    21.8x   242.6x
       8    57.27%      2,045     25,491      0.49    13.9x   172.8x
      16    59.95%      1,128     13,754      0.89     7.6x    93.2x
      32    61.45%        579      6,402      1.73     3.9x    43.4x
      64    62.18%        291      3,641      3.44     2.0x    24.7x
     128    62.52%        147      1,911      6.81     1.0x    13.0x
     256    62.62%         75        986     13.26     0.5x     6.7x

>>> 模式 B: OPQ + IVF-PQ + Refine（生产级配置）<<<

--- OPQ+IVF-PQ+Refine nlist=1024, m_pq=64 ---
构建(含 OPQ 训练): 574.8s
内存: 2,991 MB (PQ码: 61 MB + f32精排: 2,930 MB)
  nprobe  k_fac      R@10     1T-QPS     MT-QPS   lat(ms)    1T/BF    MT/BF
---------------------------------------------------------------------------
       4      1    54.94%      5,180     47,370      0.19    35.1x   321.1x
       4      4    70.43%      4,781     36,792      0.21    32.4x   249.4x
       4     10    71.78%      4,156     32,698      0.24    28.2x   221.7x
       4     20    71.94%      3,412     26,764      0.29    23.1x   181.4x
      16      1    62.71%      1,679     13,941      0.60    11.4x    94.5x
      16      4    85.50%      1,627     14,484      0.61    11.0x    98.2x
      16     10    88.47%      1,552     17,611      0.64    10.5x   119.4x
      16     20    89.05%      1,433     13,747      0.70     9.7x    93.2x
      32      1    64.32%        891     10,609      1.12     6.0x    71.9x
      32      4    89.56%        879     10,546      1.14     6.0x    71.5x
      32     10    93.18%        849     10,937      1.18     5.8x    74.1x
      32     20    94.00%        821      8,395      1.22     5.6x    56.9x
      64      1    65.08%        465      5,707      2.15     3.2x    38.7x
      64      4    91.80%        458      6,241      2.18     3.1x    42.3x
      64     10    95.86%        454      6,207      2.20     3.1x    42.1x
      64     20    96.87%        442      5,787      2.26     3.0x    39.2x
     128      1    65.55%        238      3,185      4.21     1.6x    21.6x
     128      4    92.93%        238      3,220      4.21     1.6x    21.8x
     128     10    97.39%        237      3,376      4.21     1.6x    22.9x
     128     20    98.58%        234      3,187      4.28     1.6x    21.6x
     256      1    65.70%        123      1,762      8.10     0.8x    11.9x
     256      4    93.50%        123      1,806      8.10     0.8x    12.2x
     256     10    98.02%        123      1,767      8.13     0.8x    12.0x
     256     20    99.22%        123      1,714      8.15     0.8x    11.6x

--- OPQ+IVF-PQ+Refine nlist=1024, m_pq=96 ---
构建(含 OPQ 训练): 825.9s
内存: 3,021 MB (PQ码: 92 MB + f32精排: 2,930 MB)
  nprobe  k_fac      R@10     1T-QPS     MT-QPS   lat(ms)    1T/BF    MT/BF
---------------------------------------------------------------------------
       4      1    61.25%      3,255     32,086      0.31    22.1x   217.5x
       4      4    71.67%      3,236     29,682      0.31    21.9x   201.2x
       4     10    71.89%      3,078     26,095      0.32    20.9x   176.9x
       4     20    71.91%      2,702     23,307      0.37    18.3x   158.0x
      16      1    71.32%      1,047     11,070      0.96     7.1x    75.0x
      16      4    88.32%      1,026     11,860      0.98     7.0x    80.4x
      16     10    89.11%      1,047     11,115      0.96     7.1x    75.3x
      16     20    89.15%        972     11,293      1.03     6.6x    76.6x
      32      1    73.80%        586      6,993      1.71     4.0x    47.4x
      32      4    93.13%        566      6,963      1.77     3.8x    47.2x
      32     10    94.12%        534      6,494      1.87     3.6x    44.0x
      32     20    94.21%        546      6,331      1.83     3.7x    42.9x
      64      1    74.96%        285      3,650      3.50     1.9x    24.7x
      64      4    95.93%        251      3,468      3.99     1.7x    23.5x
      64     10    97.19%        268      3,486      3.73     1.8x    23.6x
      64     20    97.29%        274      3,111      3.65     1.9x    21.1x
     128      1    75.64%        134      1,661      7.45     0.9x    11.3x
     128      4    97.54%        141      1,583      7.11     1.0x    10.7x
     128     10    98.97%        143      1,460      6.97     1.0x     9.9x
     128     20    99.09%        142      1,527      7.03     1.0x    10.4x
     256      1    75.89%         53        806     18.82     0.4x     5.5x
     256      4    98.17%         50        690     19.95     0.3x     4.7x
     256     10    99.67%         48        724     20.68     0.3x     4.9x
     256     20    99.79%         48        682     20.94     0.3x     4.6x

--- OPQ+IVF-PQ+Refine nlist=1024, m_pq=128 ---
构建(含 OPQ 训练): 1125.6s
内存: 3,052 MB (PQ码: 122 MB + f32精排: 2,930 MB)
  nprobe  k_fac      R@10     1T-QPS     MT-QPS   lat(ms)    1T/BF    MT/BF
---------------------------------------------------------------------------
       4      1    64.93%      2,541     26,089      0.39    17.2x   176.9x
       4      4    71.88%      2,490     23,164      0.40    16.9x   157.0x
       4     10    71.91%      2,333     18,778      0.43    15.8x   127.3x
       4     20    71.91%      2,081     18,361      0.48    14.1x   124.5x
      16      1    76.97%        822      9,839      1.22     5.6x    66.7x
      16      4    89.16%        816      7,521      1.23     5.5x    51.0x
      16     10    89.22%        779      9,195      1.28     5.3x    62.3x
      16     20    89.23%        765      8,119      1.31     5.2x    55.0x
      32      1    80.04%        419      5,175      2.39     2.8x    35.1x
      32      4    94.27%        438      5,321      2.28     3.0x    36.1x
      32     10    94.37%        429      5,044      2.33     2.9x    34.2x
      32     20    94.38%        418      5,049      2.39     2.8x    34.2x
      64      1    81.48%        228      2,702      4.39     1.5x    18.3x
      64      4    97.18%        228      2,805      4.39     1.5x    19.0x
      64     10    97.32%        226      2,659      4.42     1.5x    18.0x
      64     20    97.33%        223      2,802      4.49     1.5x    19.0x
     128      1    82.28%        118      1,409      8.48     0.8x     9.5x
     128      4    98.97%        116      1,439      8.63     0.8x     9.8x
     128     10    99.13%        118      1,461      8.50     0.8x     9.9x
     128     20    99.14%        117      1,436      8.54     0.8x     9.7x
     256      1    82.51%         61        743     16.46     0.4x     5.0x
     256      4    99.64%         60        776     16.54     0.4x     5.3x
     256     10    99.81%         58        752     17.33     0.4x     5.1x
     256     20    99.82%         57        658     17.58     0.4x     4.5x

--- OPQ+IVF-PQ+Refine nlist=1024, m_pq=192 ---
构建(含 OPQ 训练): 1634.8s
内存: 3,113 MB (PQ码: 183 MB + f32精排: 2,930 MB)
  nprobe  k_fac      R@10     1T-QPS     MT-QPS   lat(ms)    1T/BF    MT/BF
---------------------------------------------------------------------------
       4      1    68.01%      1,730     17,626      0.58    11.7x   119.5x
       4      4    72.05%      1,734     18,565      0.58    11.8x   125.9x
       4     10    72.06%      1,632     15,238      0.61    11.1x   103.3x
       4     20    72.06%      1,541     14,068      0.65    10.4x    95.4x
      16      1    81.44%        545      5,880      1.84     3.7x    39.9x
      16      4    89.17%        543      6,079      1.84     3.7x    41.2x
      16     10    89.18%        537      5,294      1.86     3.6x    35.9x
      16     20    89.18%        520      5,780      1.92     3.5x    39.2x
      32      1    85.16%        289      3,295      3.46     2.0x    22.3x
      32      4    94.29%        289      3,233      3.46     2.0x    21.9x
      32     10    94.31%        289      3,188      3.46     2.0x    21.6x
      32     20    94.31%        285      3,131      3.51     1.9x    21.2x
      64      1    87.11%        152      1,820      6.58     1.0x    12.3x
      64      4    97.25%        152      1,785      6.56     1.0x    12.1x
      64     10    97.28%        152      1,705      6.57     1.0x    11.6x
      64     20    97.28%        151      1,767      6.63     1.0x    12.0x
     128      1    88.20%         79        942     12.72     0.5x     6.4x
     128      4    99.08%         78        965     12.74     0.5x     6.5x
     128     10    99.12%         73        802     13.79     0.5x     5.4x
     128     20    99.12%         70        862     14.23     0.5x     5.8x
     256      1    88.56%         36        370     27.93     0.2x     2.5x
     256      4    99.76%         37        379     26.91     0.3x     2.6x
     256     10    99.80%         30        349     32.98     0.2x     2.4x
     256     20    99.80%         34        368     29.80     0.2x     2.5x

--- OPQ+IVF-PQ+Refine nlist=4096, m_pq=64 ---
构建(含 OPQ 训练): 708.0s
内存: 2,991 MB (PQ码: 61 MB + f32精排: 2,930 MB)
  nprobe  k_fac      R@10     1T-QPS     MT-QPS   lat(ms)    1T/BF    MT/BF
---------------------------------------------------------------------------
       4      1    55.27%      6,071     24,080      0.16    41.2x   163.2x
       4      4    69.13%      5,539     18,842      0.18    37.5x   127.7x
       4     10    69.70%      4,848     23,761      0.21    32.9x   161.1x
       4     20    69.71%      4,365     16,259      0.23    29.6x   110.2x
      16      1    63.17%      3,383     22,665      0.30    22.9x   153.7x
      16      4    84.03%      3,487     17,316      0.29    23.6x   117.4x
      16     10    86.11%      3,380     17,448      0.30    22.9x   118.3x
      16     20    86.36%      2,791     15,791      0.36    18.9x   107.1x
      32      1    65.03%      2,157     19,163      0.46    14.6x   129.9x
      32      4    88.21%      2,262     14,854      0.44    15.3x   100.7x
      32     10    90.86%      2,018     15,217      0.50    13.7x   103.2x
      32     20    91.25%      1,881     13,137      0.53    12.8x    89.1x
      64      1    66.22%      1,301     10,779      0.77     8.8x    73.1x
      64      4    91.11%      1,130      9,164      0.88     7.7x    62.1x
      64     10    94.24%      1,205     11,286      0.83     8.2x    76.5x
      64     20    94.86%      1,115     10,218      0.90     7.6x    69.3x
     128      1    67.04%        689      7,816      1.45     4.7x    53.0x
     128      4    92.73%        641      7,624      1.56     4.3x    51.7x
     128     10    96.43%        662      7,075      1.51     4.5x    48.0x
     128     20    97.22%        644      6,480      1.55     4.4x    43.9x
     256      1    67.30%        370      4,285      2.70     2.5x    29.0x
     256      4    93.68%        361      4,617      2.77     2.4x    31.3x
     256     10    97.72%        328      3,588      3.05     2.2x    24.3x
     256     20    98.63%        344      4,402      2.91     2.3x    29.8x

--- OPQ+IVF-PQ+Refine nlist=4096, m_pq=96 ---
构建(含 OPQ 训练): 955.4s
内存: 3,021 MB (PQ码: 92 MB + f32精排: 2,930 MB)
  nprobe  k_fac      R@10     1T-QPS     MT-QPS   lat(ms)    1T/BF    MT/BF
---------------------------------------------------------------------------
       4      1    61.41%      7,771     20,615      0.13    52.7x   139.8x
       4      4    69.69%      6,823     24,548      0.15    46.3x   166.4x
       4     10    69.74%      5,441     19,833      0.18    36.9x   134.5x
       4     20    69.74%      4,063     19,820      0.25    27.5x   134.4x
      16      1    71.20%      3,119     23,465      0.32    21.1x   159.1x
      16      4    85.96%      2,982     16,551      0.34    20.2x   112.2x
      16     10    86.30%      2,741     15,096      0.36    18.6x   102.3x
      16     20    86.33%      2,407     15,714      0.42    16.3x   106.5x
      32      1    73.79%      1,763     15,246      0.57    11.9x   103.4x
      32      4    90.74%      1,710     14,377      0.58    11.6x    97.5x
      32     10    91.32%      1,641     14,035      0.61    11.1x    95.2x
      32     20    91.37%      1,523     12,345      0.66    10.3x    83.7x
      64      1    75.33%        947      9,603      1.06     6.4x    65.1x
      64      4    94.24%        939      9,618      1.06     6.4x    65.2x
      64     10    95.06%        883      7,469      1.13     6.0x    50.6x
      64     20    95.11%        801      7,260      1.25     5.4x    49.2x
     128      1    76.22%        453      5,295      2.21     3.1x    35.9x
     128      4    96.43%        453      5,135      2.21     3.1x    34.8x
     128     10    97.46%        461      5,140      2.17     3.1x    34.8x
     128     20    97.55%        430      4,199      2.32     2.9x    28.5x
     256      1    76.62%        205      2,757      4.87     1.4x    18.7x
     256      4    97.77%        243      2,891      4.12     1.6x    19.6x
     256     10    98.94%        228      2,410      4.38     1.5x    16.3x
     256     20    99.03%        202      2,321      4.96     1.4x    15.7x

--- OPQ+IVF-PQ+Refine nlist=4096, m_pq=128 ---
构建(含 OPQ 训练): 1186.5s
内存: 3,052 MB (PQ码: 122 MB + f32精排: 2,930 MB)
  nprobe  k_fac      R@10     1T-QPS     MT-QPS   lat(ms)    1T/BF    MT/BF
---------------------------------------------------------------------------
       4      1    64.07%      5,143     20,380      0.19    34.9x   138.2x
       4      4    69.84%      4,750     20,712      0.21    32.2x   140.4x
       4     10    69.85%      4,291     21,226      0.23    29.1x   143.9x
       4     20    69.85%      3,545     17,299      0.28    24.0x   117.3x
      16      1    76.19%      2,265     17,035      0.44    15.4x   115.5x
      16      4    86.39%      2,230     16,692      0.45    15.1x   113.2x
      16     10    86.42%      2,106     15,287      0.47    14.3x   103.6x
      16     20    86.42%      1,881     10,592      0.53    12.8x    71.8x
      32      1    79.25%      1,292     12,171      0.77     8.8x    82.5x
      32      4    91.25%      1,287     11,197      0.78     8.7x    75.9x
      32     10    91.32%      1,236      9,699      0.81     8.4x    65.8x
      32     20    91.32%      1,156     10,308      0.86     7.8x    69.9x
      64      1    81.35%        681      5,902      1.47     4.6x    40.0x
      64      4    94.93%        701      6,636      1.43     4.7x    45.0x
      64     10    95.05%        691      6,622      1.45     4.7x    44.9x
      64     20    95.05%        670      5,739      1.49     4.5x    38.9x
     128      1    82.77%        345      3,482      2.90     2.3x    23.6x
     128      4    97.39%        360      3,994      2.78     2.4x    27.1x
     128     10    97.56%        335      4,003      2.99     2.3x    27.1x
     128     20    97.56%        339      3,696      2.95     2.3x    25.1x
     256      1    83.35%        187      2,260      5.35     1.3x    15.3x
     256      4    98.81%        196      2,313      5.10     1.3x    15.7x
     256     10    99.03%        195      2,330      5.12     1.3x    15.8x
     256     20    99.03%        188      2,145      5.31     1.3x    14.5x

--- OPQ+IVF-PQ+Refine nlist=4096, m_pq=192 ---
构建(含 OPQ 训练): 1632.1s
内存: 3,113 MB (PQ码: 183 MB + f32精排: 2,930 MB)
  nprobe  k_fac      R@10     1T-QPS     MT-QPS   lat(ms)    1T/BF    MT/BF
---------------------------------------------------------------------------
       4      1    66.50%      4,148     22,184      0.24    28.1x   150.4x
       4      4    69.73%      3,988     22,763      0.25    27.0x   154.3x
       4     10    69.73%      3,601     20,714      0.28    24.4x   140.4x
       4     20    69.73%      3,127     17,297      0.32    21.2x   117.3x
      16      1    79.96%      1,643     14,432      0.61    11.1x    97.8x
      16      4    86.34%      1,614     12,860      0.62    10.9x    87.2x
      16     10    86.34%      1,440      8,162      0.69     9.8x    55.3x
      16     20    86.34%      1,342      9,239      0.74     9.1x    62.6x
      32      1    83.60%        837      6,939      1.19     5.7x    47.0x
      32      4    91.35%        816      6,312      1.23     5.5x    42.8x
      32     10    91.35%        817      7,304      1.22     5.5x    49.5x
      32     20    91.35%        843      7,008      1.19     5.7x    47.5x
      64      1    86.15%        438      3,746      2.28     3.0x    25.4x
      64      4    95.07%        451      5,065      2.22     3.1x    34.3x
      64     10    95.07%        466      4,337      2.15     3.2x    29.4x
      64     20    95.07%        440      4,178      2.27     3.0x    28.3x
     128      1    87.87%        243      2,317      4.12     1.6x    15.7x
     128      4    97.61%        244      2,796      4.09     1.7x    19.0x
     128     10    97.61%        243      2,629      4.11     1.6x    17.8x
     128     20    97.61%        248      2,404      4.03     1.7x    16.3x
     256      1    88.75%        129      1,553      7.77     0.9x    10.5x
     256      4    99.06%        127      1,563      7.87     0.9x    10.6x
     256     10    99.06%        128      1,489      7.82     0.9x    10.1x
     256     20    99.06%        127      1,343      7.88     0.9x     9.1x

======================================================================
全部完成！
======================================================================
