======================================================================
鍔犺浇鏁版嵁...
  璁粌闆? glove100c_train.f32
  娴嬭瘯闆? glove100c_test.f32
  GT: glove100c_groundtruth.i32
  缁村害: 100
  璁粌闆? (1183514, 100)
  娴嬭瘯闆? (10000, 100)
  GT: (10000, 10)
======================================================================

======================================================================
Brute-Force Baseline (numpy exact search)
======================================================================
  Brute-force QPS: 19  (latency: 52.11 ms/q, recall: 100.0%)

灏嗚繍琛? faiss_ivfpq
纭欢: MT=32 绾跨▼, cgroup 鍙敤 32 鏍?(瀹夸富 32)

======================================================================
Baseline: FAISS IVF-PQ
======================================================================

>>> 妯″紡 A: 瑁?IVF-PQ锛堟棤 OPQ / 鏃?Refine锛?<<

>>> 妯″紡 B: OPQ + IVF-PQ + Refine锛堢敓浜х骇閰嶇疆锛?<<

--- OPQ+IVF-PQ+Refine nlist=1024, m_pq=50 ---
鏋勫缓(鍚?OPQ 璁粌): 354.7s
鍐呭瓨: 508 MB (PQ鐮? 56 MB + f32绮炬帓: 451 MB)
  nprobe  k_fac      R@10     1T-QPS     MT-QPS   lat(ms)    1T/BF    MT/BF
---------------------------------------------------------------------------
       4      1    62.41%      7,346    102,659      0.14   382.8x  5350.0x
       4      4    66.43%      6,903     96,950      0.14   359.7x  5052.5x
       4     10    66.44%      6,340     85,744      0.16   330.4x  4468.5x
       4     20    66.44%      5,482     75,807      0.18   285.7x  3950.7x
      16      1    76.14%      2,206     34,553      0.45   115.0x  1800.7x
      16      4    83.52%      2,152     34,015      0.46   112.2x  1772.7x
      16     10    83.52%      2,068     32,366      0.48   107.8x  1686.7x
      16     20    83.52%      1,956     29,868      0.51   101.9x  1556.6x
      32      1    80.18%      1,151     18,828      0.87    60.0x   981.2x
      32      4    89.09%      1,138     18,275      0.88    59.3x   952.4x
      32     10    89.10%      1,121     17,920      0.89    58.4x   933.9x
      32     20    89.10%      1,081     17,485      0.93    56.3x   911.2x
      64      1    83.10%        602      9,790      1.66    31.4x   510.2x
      64      4    93.42%        595      9,778      1.68    31.0x   509.6x
      64     10    93.44%        590      9,584      1.69    30.8x   499.4x
      64     20    93.44%        579      9,373      1.73    30.2x   488.5x
     128      1    84.93%        306      4,882      3.27    16.0x   254.4x
     128      4    96.58%        306      5,064      3.27    15.9x   263.9x
     128     10    96.61%        304      4,907      3.29    15.8x   255.7x
     128     20    96.61%        301      4,990      3.32    15.7x   260.1x
     256      1    85.98%        155      2,439      6.43     8.1x   127.1x
     256      4    98.68%        155      2,576      6.46     8.1x   134.3x
     256     10    98.73%        154      2,592      6.50     8.0x   135.1x
     256     20    98.74%        153      2,524      6.53     8.0x   131.5x

======================================================================
鍏ㄩ儴瀹屾垚锛?
======================================================================
