======================================================================
加载数据...
  训练集: C:\Users\v_chchsli\Desktop\TriviumDB\wolt_clipc_train.f32
  测试集: C:\Users\v_chchsli\Desktop\TriviumDB\wolt_clipc_test.f32
  GT: C:\Users\v_chchsli\Desktop\TriviumDB\wolt_clipc_groundtruth.i32
  维度: 512
  训练集: (1000000, 512)
  测试集: (1000, 512)
  GT: (1000, 10)
======================================================================

======================================================================
Brute-Force Baseline (numpy exact search)
======================================================================
  Brute-force QPS: 213  (latency: 4.70 ms/q, recall: 96.1%)

将运行: faiss_ivfpq
硬件: MT=32 线程, cgroup 可用 32 核 (宿主 32)

======================================================================
Baseline: FAISS IVF-PQ
======================================================================

>>> 模式 A: 裸 IVF-PQ（无 OPQ / 无 Refine）<<<

>>> 模式 B: OPQ + IVF-PQ + Refine（生产级配置）<<<

--- OPQ+IVF-PQ+Refine nlist=1024, m_pq=64 ---
构建(含 OPQ 训练): 531.2s
内存: 2,014 MB (PQ码: 61 MB + f32精排: 1,953 MB)
  nprobe  k_fac      R@10     1T-QPS     MT-QPS   lat(ms)    1T/BF    MT/BF
---------------------------------------------------------------------------
       4      1    66.11%      6,234     65,657      0.16    29.3x   308.3x
       4      4    77.53%      5,732     57,978      0.17    26.9x   272.2x
       4     10    78.15%      4,917     46,428      0.20    23.1x   218.0x
       4     20    78.23%      4,121     36,689      0.24    19.3x   172.3x
      16      1    71.01%      1,914     26,033      0.52     9.0x   122.2x
      16      4    86.50%      1,871     22,327      0.53     8.8x   104.8x
      16     10    87.30%      1,777     23,128      0.56     8.3x   108.6x
      16     20    87.41%      1,659     18,934      0.60     7.8x    88.9x
      32      1    71.62%      1,045     13,954      0.96     4.9x    65.5x
      32      4    87.96%      1,025     13,333      0.98     4.8x    62.6x
      32     10    88.87%      1,003     11,006      1.00     4.7x    51.7x
      32     20    88.99%        958     12,374      1.04     4.5x    58.1x
      64      1    71.80%        551      8,063      1.81     2.6x    37.9x
      64      4    88.44%        548      7,931      1.82     2.6x    37.2x
      64     10    89.39%        537      6,859      1.86     2.5x    32.2x
      64     20    89.51%        516      6,830      1.94     2.4x    32.1x
     128      1    71.85%        281      4,165      3.56     1.3x    19.6x
     128      4    88.59%        265      3,469      3.78     1.2x    16.3x
     128     10    89.54%        265      3,989      3.77     1.2x    18.7x
     128     20    89.66%        272      3,809      3.68     1.3x    17.9x
     256      1    71.85%        144      2,175      6.93     0.7x    10.2x
     256      4    88.59%        146      2,138      6.86     0.7x    10.0x
     256     10    89.54%        146      2,155      6.84     0.7x    10.1x
     256     20    89.66%        146      2,188      6.84     0.7x    10.3x

======================================================================
全部完成！
======================================================================
