======================================================================
加载数据...
  训练集: C:\Users\v_chchsli\Desktop\TriviumDB\sift128c_train.f32
  测试集: C:\Users\v_chchsli\Desktop\TriviumDB\sift128c_test.f32
  GT: C:\Users\v_chchsli\Desktop\TriviumDB\sift128c_groundtruth.i32
  维度: 128
  训练集: (1000000, 128)
  测试集: (10000, 128)
  GT: (10000, 10)
======================================================================

======================================================================
Brute-Force Baseline (numpy exact search)
======================================================================
  Brute-force QPS: 35  (latency: 28.97 ms/q, recall: 100.0%)

将运行: faiss_ivfpq
硬件: MT=32 线程, cgroup 可用 32 核 (宿主 32)

======================================================================
Baseline: FAISS IVF-PQ
======================================================================

>>> 模式 A: 裸 IVF-PQ（无 OPQ / 无 Refine）<<<

>>> 模式 B: OPQ + IVF-PQ + Refine（生产级配置）<<<

--- OPQ+IVF-PQ+Refine nlist=1024, m_pq=64 ---
构建(含 OPQ 训练): 480.6s
内存: 549 MB (PQ码: 61 MB + f32精排: 488 MB)
  nprobe  k_fac      R@10     1T-QPS     MT-QPS   lat(ms)    1T/BF    MT/BF
---------------------------------------------------------------------------
       4      1    66.63%      6,446     78,658      0.16   186.8x  2279.0x
       4      4    71.70%      6,148     75,494      0.16   178.1x  2187.3x
       4     10    71.76%      5,527     71,470      0.18   160.1x  2070.7x
       4     20    71.77%      4,869     60,181      0.21   141.1x  1743.6x
      16      1    82.91%      1,873     26,418      0.53    54.3x   765.4x
      16      4    94.09%      1,838     25,974      0.54    53.3x   752.6x
      16     10    94.16%      1,789     24,336      0.56    51.8x   705.1x
      16     20    94.16%      1,721     23,440      0.58    49.9x   679.1x
      32      1    85.17%      1,000     14,099      1.00    29.0x   408.5x
      32      4    98.19%        989     14,146      1.01    28.7x   409.9x
      32     10    98.26%        977     13,936      1.02    28.3x   403.8x
      32     20    98.27%        949     13,706      1.05    27.5x   397.1x
      64      1    85.84%        523      7,961      1.91    15.2x   230.7x
      64      4    99.54%        519      7,901      1.93    15.0x   228.9x
      64     10    99.62%        517      7,758      1.93    15.0x   224.8x
      64     20    99.62%        512      7,786      1.95    14.8x   225.6x
     128      1    85.96%        274      4,118      3.65     7.9x   119.3x
     128      4    99.83%        272      3,742      3.67     7.9x   108.4x
     128     10    99.90%        269      3,758      3.72     7.8x   108.9x
     128     20    99.91%        267      3,781      3.75     7.7x   109.5x
     256      1    85.97%        142      2,166      7.03     4.1x    62.8x
     256      4    99.86%        142      2,143      7.02     4.1x    62.1x
     256     10    99.93%        142      2,149      7.04     4.1x    62.3x
     256     20    99.94%        142      2,151      7.05     4.1x    62.3x

======================================================================
全部完成！
======================================================================
