======================================================================
加载数据...
  训练集: gist960c_train.f32
  测试集: gist960c_test.f32
  GT: gist960c_groundtruth.i32
  维度: 960
  训练集: (1000000, 960)
  测试集: (1000, 960)
  GT: (1000, 10)
======================================================================

======================================================================
Brute-Force Baseline (numpy exact search)
======================================================================
  Brute-force QPS: 163  (latency: 6.12 ms/q, recall: 100.0%)

将运行: faiss_ivfpq
硬件: MT=32 线程, cgroup 可用 32 核 (宿主 32)

======================================================================
Baseline: FAISS IVF-PQ
======================================================================

>>> 模式 A: 裸 IVF-PQ（无 OPQ / 无 Refine）<<<

--- 裸 IVF-PQ nlist=1024, m_pq=96 ---
构建(含训练): 90.3s
内存: 92 MB (仅 PQ 码)
  nprobe      R@10     1T-QPS     MT-QPS   lat(ms)    1T/BF    MT/BF
--------------------------------------------------------------------
       1    21.53%      6,863     76,758      0.15    42.0x   469.7x
       4    37.24%      3,540     41,864      0.28    21.7x   256.2x
       8    41.77%      2,116     24,274      0.47    12.9x   148.5x
      16    45.19%      1,025     12,227      0.98     6.3x    74.8x
      32    46.52%        582      8,070      1.72     3.6x    49.4x
      64    47.01%        327      3,864      3.06     2.0x    23.6x
     128    47.14%        164      2,178      6.09     1.0x    13.3x
     256    47.15%         86      1,275     11.57     0.5x     7.8x

>>> 模式 B: OPQ + IVF-PQ + Refine（生产级配置）<<<

--- OPQ+IVF-PQ+Refine nlist=1024, m_pq=64 ---
构建(含 OPQ 训练): 608.4s
内存: 3,723 MB (PQ码: 61 MB + f32精排: 3,662 MB)
  nprobe  k_fac      R@10     1T-QPS     MT-QPS   lat(ms)    1T/BF    MT/BF
---------------------------------------------------------------------------
       4      1    47.54%      4,509     32,940      0.22    27.6x   201.6x
       4      4    55.74%      4,398     37,529      0.23    26.9x   229.7x
       4     10    56.03%      3,940     31,515      0.25    24.1x   192.8x
       4     20    56.03%      3,203     24,632      0.31    19.6x   150.7x
      16      1    62.77%      1,716     19,625      0.58    10.5x   120.1x
      16      4    82.55%      1,657     19,551      0.60    10.1x   119.6x
      16     10    83.59%      1,361     12,866      0.73     8.3x    78.7x
      16     20    83.62%      1,271     11,756      0.79     7.8x    71.9x
      32      1    66.19%        906     11,109      1.10     5.5x    68.0x
      32      4    90.43%        904     10,860      1.11     5.5x    66.5x
      32     10    92.11%        832      9,501      1.20     5.1x    58.1x
      32     20    92.15%        761      8,714      1.31     4.7x    53.3x
      64      1    67.87%        451      5,832      2.22     2.8x    35.7x
      64      4    94.64%        457      5,651      2.19     2.8x    34.6x
      64     10    96.71%        432      5,796      2.31     2.6x    35.5x
      64     20    96.78%        408      5,193      2.45     2.5x    31.8x
     128      1    68.47%        251      3,214      3.98     1.5x    19.7x
     128      4    96.58%        231      3,117      4.33     1.4x    19.1x
     128     10    98.89%        242      3,642      4.13     1.5x    22.3x
     128     20    98.99%        234      3,242      4.27     1.4x    19.8x
     256      1    68.72%        121      1,595      8.24     0.7x     9.8x
     256      4    97.21%        127      2,041      7.87     0.8x    12.5x
     256     10    99.65%        127      1,975      7.87     0.8x    12.1x
     256     20    99.78%        129      1,812      7.77     0.8x    11.1x

--- OPQ+IVF-PQ+Refine nlist=1024, m_pq=96 ---
