[19:56:00] item3b: PQ on glove100c
     128      1    84.93%        306      4,882      3.27    16.0x   254.4x
     128      4    96.58%        306      5,064      3.27    15.9x   263.9x
     128     10    96.61%        304      4,907      3.29    15.8x   255.7x
     128     20    96.61%        301      4,990      3.32    15.7x   260.1x
     256      1    85.98%        155      2,439      6.43     8.1x   127.1x
     256      4    98.68%        155      2,576      6.46     8.1x   134.3x
     256     10    98.73%        154      2,592      6.50     8.0x   135.1x
     256     20    98.74%        153      2,524      6.53     8.0x   131.5x

======================================================================
ÂÖ®ÈÉ®ÂÆåÊàêÔº?
======================================================================
[20:19:56] item4: IVF+RaBitQ+Refine on cohere
[31;1mTraceback (most recent call last):[0m
[31;1m  File "C:\Users\v_chchsli\Desktop\TriviumDB\scripts\research\bench_rabitq_refine.py", line 99, in <module>[0m
[31;1m    main()[0m
[31;1m  File "C:\Users\v_chchsli\Desktop\TriviumDB\scripts\research\bench_rabitq_refine.py", line 63, in main[0m
[31;1m    refine = faiss.IndexRefineFlat(ivf)[0m
[31;1m             ^^^^^^^^^^^^^^^^^^^^^^^^^^[0m
[31;1m  File "C:\Users\v_chchsli\Desktop\TriviumDB\.venv\Lib\site-packages\faiss\__init__.py", line 269, in replacement_init_multiple[0m
[31;1m    original_init(self, *args)[0m
[31;1m  File "C:\Users\v_chchsli\Desktop\TriviumDB\.venv\Lib\site-packages\faiss\swigfaiss.py", line 5405, in __init__[0m
[31;1m    _swigfaiss.IndexRefineFlat_swiginit(self, _swigfaiss.new_IndexRefineFlat(*args))[0m
[31;1m                                              ^^^^^^^^^^^^^^^^^^^^^^^^^^^^^^^^^^^^^[0m
[31;1mRuntimeError: Error in __cdecl faiss::IndexRefine::IndexRefine(struct faiss::Index *,struct faiss::Index *) at D:\a\faiss\faiss\faiss\IndexRefine.cpp:31: Error: 'base_index->ntotal == refine_index->ntotal' failed[0m
[20:20:09] item5: rotate-center gist960 -> gist960rc
[20:20:41] item5: bench gist960rc
[20:20:41] bench gist960rc dim=960 nav=0 rot= -> .tmp/p7q_gist960rc_w0.log
ef_search=64    R@10  76.05%      44398 QPS
ef_search=128   R@10  84.33%      25809 QPS
ef_search=256   R@10  90.83%      14419 QPS
ef_search=512   R@10  94.53%       7824 QPS
ef_search=1024  R@10  96.94%       4070 QPS
[20:22:08] bench gist960rc dim=960 nav=1 rot= -> .tmp/p7q_gist960rc_w1.log
ef_search=64    R@10  80.17%      42743 QPS
ef_search=128   R@10  87.32%      24490 QPS
ef_search=256   R@10  92.44%      13480 QPS
ef_search=512   R@10  95.45%       7355 QPS
ef_search=1024  R@10  97.53%       4005 QPS
[20:22:55] item6: engine rotation on ccnews_nomic
[20:22:55] bench ccnews_nomic dim=768 nav=0 rot=20260923 -> .tmp/p7q_ccnews_rot.log
ef_search=64    R@10  22.07%      68662 QPS
ef_search=128   R@10  44.56%      47936 QPS
ef_search=256   R@10  75.75%      21415 QPS
ef_search=512   R@10  99.45%      10403 QPS
ef_search=1024  R@10  99.81%       6010 QPS
[20:24:49] stage A ÕÍ≥…
