
  cohere: train=(1000000, 768) test=(1000, 768) nlist=1024 threads=32
  构建 18.9s（含 RaBitQ 训练）；索引 ntotal=1000000
  nprobe  k_fac      R@10     1T-QPS     MT-QPS
      64     20    59.75%        194      3,543
      64     50    59.75%        247      3,373
      64    100    59.75%        233      3,412
      64    200    59.75%        227      3,178
     128     20    60.14%        115      2,086
     128     50    60.14%        107      1,742
     128    100    60.14%        109      1,690
     128    200    60.14%        138      2,073
     256     20    60.20%         71      1,093
     256     50    60.20%         68      1,153
     256    100    60.20%         83      1,257
     256    200    60.20%         83      1,260
     512     20    60.23%         44        686
     512     50    60.23%         45        670
     512    100    60.23%         43        546
     512    200    60.23%         41        545
  [OK] results\t2\rabitq_refine_cohere.json
