
  cohere: train=(1000000, 768) test=(1000, 768) nlist=1024 threads=32
  构建 12.1s（含 RaBitQ 训练）；索引 ntotal=1000000
  nprobe  k_fac      R@10     1T-QPS     MT-QPS
       4      1    50.80%      4,372     51,196
       4      4    50.80%      4,098     41,000
       4     10    50.80%      4,231     36,759
       4     20    50.80%      4,131     53,868
      16      1    57.66%      1,255     20,396
      16      4    57.66%      1,272     16,965
      16     10    57.66%      1,265     20,075
      16     20    57.66%      1,275     18,339
      32      1    58.93%        655     10,448
      32      4    58.93%        659      9,996
      32     10    58.93%        654     10,022
      32     20    58.93%        665     10,679
      64      1    59.75%        338      5,497
      64      4    59.75%        339      5,495
      64     10    59.75%        339      5,530
      64     20    59.75%        330      5,566
     128      1    60.14%        172      2,873
     128      4    60.14%        171      2,881
     128     10    60.14%        171      2,882
     128     20    60.14%        172      2,848
     256      1    60.20%         88      1,347
     256      4    60.20%         88      1,468
     256     10    60.20%         87      1,447
     256     20    60.20%         88      1,444
     512      1    60.23%         45        753
     512      4    60.23%         45        765
     512     10    60.23%         45        748
     512     20    60.23%         45        738
  [OK] results\t2\rabitq_refine_cohere.json
