    Finished `bench` profile [optimized] target(s) in 0.24s
     Running benches\bench_t2_b2_partitioned.rs (target\release\deps\bench_t2_b2_partitioned-60166ac12225c98c.exe)
鈺愨晲鈺愨晲鈺愨晲鈺愨晲鈺愨晲鈺愨晲鈺愨晲鈺愨晲鈺愨晲鈺愨晲鈺愨晲鈺愨晲鈺愨晲鈺愨晲鈺愨晲鈺愨晲鈺愨晲鈺愨晲鈺愨晲鈺愨晲鈺愨晲鈺愨晲鈺愨晲鈺愨晲鈺愨晲鈺愨晲鈺愨晲鈺愨晲鈺愨晲鈺愨晲鈺愨晲鈺愨晲鈺愨晲鈺?  T2 B2-0 鈥?ef_construction 鎵弿锛堝钩鍑″鐓э紝闆朵唬鐮侊級
  鏁版嵁闆?wolt_clipc dim=512  鑷?= [128]   m=32 m0=64 alpha=1.2  [T2_SKIP_DET]
鈺愨晲鈺愨晲鈺愨晲鈺愨晲鈺愨晲鈺愨晲鈺愨晲鈺愨晲鈺愨晲鈺愨晲鈺愨晲鈺愨晲鈺愨晲鈺愨晲鈺愨晲鈺愨晲鈺愨晲鈺愨晲鈺愨晲鈺愨晲鈺愨晲鈺愨晲鈺愨晲鈺愨晲鈺愨晲鈺愨晲鈺愨晲鈺愨晲鈺愨晲鈺愨晲鈺愨晲鈺愨晲鈺愨晲鈺?  瀹堝崼G5 闅忔満娉ㄥ叆閲忔亽涓?128锛堝鍏ㄩ儴鑷傦級PASS
  鏁版嵁闆?wolt_clipc  鏁版嵁 1000000 脳 512锛屾煡璇?1000锛孏T K=10锛涘姞杞?褰掍竴鍖?0.95s

  鈹€鈹€ 鑷?ef_construction=128 鈹€鈹€
    寤哄浘 17.67s  56580 vec/s  avg_deg_l0=64.0  Hot 614 MiB
    ef_search=64    R@10  77.10%     106330 QPS
    ef_search=128   R@10  82.17%      67842 QPS
    ef_search=256   R@10  85.88%      34929 QPS
    ef_search=512   R@10  87.51%      18443 QPS
    ef_search=1024  R@10  89.08%      10094 QPS
    L0 鎸囩汗 0xf38976883c2df2a4 / 64000000 杈?
  鈹€鈹€ 瀹堝崼 鈹€鈹€
  瀹堝崼G1 璺宠繃: wolt_clipc 灏氭棤鍐荤粨 R@10锛堝彲鐢?T2_FROZEN_RECALL 鎻愪緵锛夛紱鏈噦鑷韩鍗冲熀绾?82.17%
  瀹堝崼G-det 璺宠繃锛圱2_SKIP_DET=1锛?
鈺愨晲鈺愨晲鈺愨晲鈺愨晲鈺愨晲鈺愨晲鈺愨晲鈺愨晲鈺愨晲鈺愨晲鈺愨晲鈺愨晲鈺愨晲鈺愨晲鈺愨晲鈺愨晲鈺愨晲鈺愨晲鈺愨晲鈺愨晲鈺愨晲鈺愨晲鈺愨晲鈺愨晲鈺愨晲鈺愨晲鈺愨晲鈺愨晲鈺愨晲鈺愨晲鈺愨晲鈺愨晲鈺愨晲鈺?  B2-0 鍒ゅ畾锛歟f_construction 鑳藉惁鐙嚜杈惧埌鎴愭湰-璐ㄩ噺鐐?鈺愨晲鈺愨晲鈺愨晲鈺愨晲鈺愨晲鈺愨晲鈺愨晲鈺愨晲鈺愨晲鈺愨晲鈺愨晲鈺愨晲鈺愨晲鈺愨晲鈺愨晲鈺愨晲鈺愨晲鈺愨晲鈺愨晲鈺愨晲鈺愨晲鈺愨晲鈺愨晲鈺愨晲鈺愨晲鈺愨晲鈺愨晲鈺愨晲鈺愨晲鈺愨晲鈺愨晲鈺愨晲鈺愨晲鈺?  P1 闂ㄦ = 鍩虹嚎 82.17% 鈭?1pp = 81.17%

  ef_c=128  寤哄浘  17.67s锛?1.00脳锛? R@10(ef_s=128)  82.17%  闂ㄦ杈炬爣 鉁?
  鈹€鈹€ 鍥哄畾鎴愭湰鍦版澘 鈹€鈹€
  ef_c=128 澧欓挓 17.67s = **1.00脳** 鍩虹嚎锛堝€欓€夎幏鍙栧嵆浣垮畬鍏ㄥ厤璐逛篃涓嶅彲鑳戒綆浜庢鍊硷紱鐪熷疄鍦版澘鍙細鏇翠綆锛夈€?
  鈽?鏈€灏忚揪鏍囪噦 ef_c=128锛歊@10 82.17% 浣嗘垚鏈?1.00脳 > 0.70脳鈬?P2 **鏈?*鐢卞钩鍑¤В婊¤冻銆?     鈬?杩涘叆 B2-1锛涚洰鏍囷細鍑昏触 1.00脳锛堝湴鏉?1.00脳锛?

### T2 B2-0锛歚ef_construction` 鎵弿锛坵olt_clipc 1000000 脳 512锛宮=32锛屛?1.2锛屽悓涓€杩涚▼锛?
| ef_c | 寤哄浘(s) | 鐩稿鍩虹嚎 | R@10@ef_s=64 | R@10@ef_s=128 | R@10@ef_s=256 | R@10@ef_s=512 | R@10@ef_s=1024 |
|---|---|---|---|---|---|---|---|
| 128 | 17.67 | 1.00脳 | 77.10% | 82.17% | 85.88% | 87.51% | 89.08% |
  瀹堝崼G-det锛氳竟闆嗕笉鍙€愪綅澶嶇幇浣嗗彫鍥炴瀬宸?0.00pp 鈬?璐ㄩ噺绛変环锛涘彫鍥炵骇缁撹绋冲畾鍙瘮銆?鈺愨晲鈺愨晲鈺愨晲鈺愨晲鈺愨晲鈺愨晲鈺愨晲鈺愨晲鈺愨晲鈺愨晲鈺愨晲鈺愨晲鈺愨晲鈺愨晲鈺愨晲鈺愨晲鈺愨晲鈺愨晲鈺愨晲鈺愨晲鈺愨晲鈺愨晲鈺愨晲鈺愨晲鈺愨晲鈺愨晲鈺愨晲鈺愨晲鈺愨晲鈺愨晲鈺愨晲鈺愨晲鈺愨晲鈺?
