==============================================================================
  竞品基线  gauss960  dim=960  M=32  ef_construction=128  线程=32
==============================================================================
  train (1000000, 960)  test (1000, 960)  GT (1000, 10)  加载 3.4s

  [FAISS FlatIP 精确]
    R@10 100.00%      441.4 QPS（应与 GT 一致）

  [hnswlib]
    建图 667.34s  1498 vec/s
    ef=64    R@10   1.10%       2987 QPS
    ef=128   R@10   2.15%       1666 QPS
    ef=256   R@10   4.16%        878 QPS
    ef=512   R@10   8.26%        463 QPS
    ef=1024  R@10  15.15%        248 QPS

  [FAISS HNSW]
    建图 606.30s  1649 vec/s
    ef=64    R@10   1.30%       3095 QPS
    ef=128   R@10   2.66%       1629 QPS
    ef=256   R@10   5.05%        827 QPS
    ef=512   R@10   9.11%        439 QPS
    ef=1024  R@10  16.26%        235 QPS

  [USearch]
    建图 2143.71s  466 vec/s
    ef=64    R@10   1.39%       3606 QPS
    ef=128   R@10   2.43%       1966 QPS
    ef=256   R@10   4.57%       1028 QPS
    ef=512   R@10   8.11%        550 QPS
    ef=1024  R@10  15.01%        285 QPS

  [FAISS IVF-Flat]
    建图 141.41s  nlist=4096
    nprobe=16   R@10   2.41%       3809 QPS
    nprobe=64   R@10   6.83%       1022 QPS
    nprobe=128  R@10  11.54%        519 QPS
    nprobe=256  R@10  18.67%        232 QPS

### 竞品基线（gauss960 1000000 × 960，M=32，ef_c=128，32 线程）

| 方法 | 参数 | R@10 | MT-QPS | 延迟 ms | 建图 s |
|---|---|---|---|---|---|
| faiss_exact | nprobe=None | 100.00% | 441 | 2.2654 | 0.0 |
| hnswlib | ef=64 | 1.10% | 2987 | 0.3348 | 667.3 |
| hnswlib | ef=128 | 2.15% | 1666 | 0.6001 | 667.3 |
| hnswlib | ef=256 | 4.16% | 878 | 1.1389 | 667.3 |
| hnswlib | ef=512 | 8.26% | 463 | 2.1604 | 667.3 |
| hnswlib | ef=1024 | 15.15% | 248 | 4.0395 | 667.3 |
| faiss_hnsw | ef=64 | 1.30% | 3095 | 0.3231 | 606.3 |
| faiss_hnsw | ef=128 | 2.66% | 1629 | 0.6137 | 606.3 |
| faiss_hnsw | ef=256 | 5.05% | 827 | 1.2092 | 606.3 |
| faiss_hnsw | ef=512 | 9.11% | 439 | 2.2772 | 606.3 |
| faiss_hnsw | ef=1024 | 16.26% | 235 | 4.2600 | 606.3 |
| usearch | ef=64 | 1.39% | 3606 | 0.2773 | 2143.7 |
| usearch | ef=128 | 2.43% | 1966 | 0.5085 | 2143.7 |
| usearch | ef=256 | 4.57% | 1028 | 0.9727 | 2143.7 |
| usearch | ef=512 | 8.11% | 550 | 1.8167 | 2143.7 |
| usearch | ef=1024 | 15.01% | 285 | 3.5134 | 2143.7 |
| faiss_ivf_flat | nprobe=16 | 2.41% | 3809 | 0.2625 | 141.4 |
| faiss_ivf_flat | nprobe=64 | 6.83% | 1022 | 0.9788 | 141.4 |
| faiss_ivf_flat | nprobe=128 | 11.54% | 519 | 1.9270 | 141.4 |
| faiss_ivf_flat | nprobe=256 | 18.67% | 232 | 4.3033 | 141.4 |

  已写出 results\baseline\competitors_gauss960.json
  总耗时 3598.2s
