
======================================================================
  cohere(768) → coherek512   截断到 512 维（对照）
======================================================================
  [OK] 写出 coherek512_*.f32/i32  train=(1000000, 512) test=(1000, 512)
  负值占比=0.41103  零值占比=0.00000  随机对 cos=+0.6236±0.0562
  GT1=+0.8739  GT10=+0.8293  可分性=+0.7943
  GT10−GT11 中位间隔=+0.000976  拥挤度 中位=96 均值=6716
  守卫: cosine≤1 max=0.967021 PASS | GT 自校验 100.0% (PASS)

======================================================================
  cohere(768) → coherek256   截断到 256 维（对照）
======================================================================
  [OK] 写出 coherek256_*.f32/i32  train=(1000000, 256) test=(1000, 256)
  负值占比=0.42374  零值占比=0.00000  随机对 cos=+0.4735±0.0673
  GT1=+0.8256  GT10=+0.7639  可分性=+0.9173
  GT10−GT11 中位间隔=+0.001430  拥挤度 中位=98 均值=1965
  守卫: cosine≤1 max=0.942886 PASS | GT 自校验 100.0% (PASS)

======================================================================
  cohere(768) → coherek128   截断到 128 维（对照）
======================================================================
  [OK] 写出 coherek128_*.f32/i32  train=(1000000, 128) test=(1000, 128)
  负值占比=0.45152  零值占比=0.00000  随机对 cos=+0.4681±0.0797
  GT1=+0.8325  GT10=+0.7753  可分性=+0.7177
  GT10−GT11 中位间隔=+0.001420  拥挤度 中位=141 均值=1246
  守卫: cosine≤1 max=0.940080 PASS | GT 自校验 100.0% (PASS)

======================================================================
  全部完成；统计写入 C:\Users\v_chchsli\Desktop\TriviumDB\results\t2\gist960_collapse
======================================================================
