
======================================================================
  T-pad: cohere(768) → 960 零填充
======================================================================
  守卫 零填充前后逐对 cosine 最大偏差 = 0.000e+00  PASS ⇒ 排名与图同构，R@10 必须复现 cohere
  [OK] 写出 cohere960pad_*.f32/i32  train=(1000000, 960) test=(1000, 960)
  负值占比=0.32795  零值占比=0.20000  随机对 cos=+0.6947±0.0481
  GT1=+0.8976  GT10=+0.8615  可分性=+0.7517
  GT10−GT11 中位间隔=+0.000974  拥挤度 中位=122 均值=2595
  守卫: cosine≤1 max=0.974349 PASS | GT 自校验 100.0% (PASS)
  ‖mean(train)‖ = 0.648923

======================================================================
  sift128(128) → sift128c   去均值（外部效度）
======================================================================
  [OK] 写出 sift128c_*.f32/i32  train=(1000000, 128) test=(10000, 128)
  负值占比=0.66048  零值占比=0.00000  随机对 cos=-0.0005±0.3496
  GT1=+0.8720  GT10=+0.8292  可分性=+0.1224
  GT10−GT11 中位间隔=+0.000849  拥挤度 中位=64 均值=223
  守卫: cosine≤1 max=0.982471 PASS | GT 自校验 100.0% (PASS)

======================================================================
  全部完成；统计写入 C:\Users\v_chchsli\Desktop\TriviumDB\results\t2\gist960_collapse
======================================================================
