
======================================================================
  sift128  dim=128  (euclidean→cosine(重算))
======================================================================
  原始 ‖x‖₂ CV            = 0.0000   （零范数行 0）
  各向异性 ‖x‖₁/‖x‖₂      = 6.699
  随机对 cos: mean=+0.4206  std=0.2072
  GT1=+0.9272  GT10=+0.9023  落差=+0.0249
  可分性 (GT1−GT10)/cos_std = 0.1201
  ★ 拥挤度: 间隙内点数 中位数=10  均值=10
  签名长度 2×ceil(dim/64)×64 = 256 bit

======================================================================
  cohere  dim=768  (官方GT)
======================================================================
  原始 ‖x‖₂ CV            = 0.0437   （零范数行 0）
  各向异性 ‖x‖₁/‖x‖₂      = 17.669
  随机对 cos: mean=+0.6952  std=0.0480
  GT1=+12.4025  GT10=+11.8987  落差=+0.5038
  可分性 (GT1−GT10)/cos_std = 10.4943
  ★ 拥挤度: 间隙内点数 中位数=10  均值=10
  签名长度 2×ceil(dim/64)×64 = 1536 bit

======================================================================
  gist960  dim=960  (euclidean→cosine(重算))
======================================================================
  原始 ‖x‖₂ CV            = 0.0032   （零范数行 10）
  各向异性 ‖x‖₁/‖x‖₂      = 26.592
  随机对 cos: mean=+0.7536  std=0.0799
  GT1=+0.9123  GT10=+0.8982  落差=+0.0141
  可分性 (GT1−GT10)/cos_std = 0.1764
  ★ 拥挤度: 间隙内点数 中位数=10  均值=10
  签名长度 2×ceil(dim/64)×64 = 1920 bit

======================================================================
  glove100  dim=100  (angular(原生GT))
======================================================================
  原始 ‖x‖₂ CV            = 0.0000   （零范数行 0）
  各向异性 ‖x‖₁/‖x‖₂      = 7.963
  随机对 cos: mean=+0.1256  std=0.1198
  GT1=+0.6822  GT10=+0.6007  落差=+0.0815
  可分性 (GT1−GT10)/cos_std = 0.6804
  ★ 拥挤度: 间隙内点数 中位数=10  均值=10
  签名长度 2×ceil(dim/64)×64 = 256 bit

======================================================================
  口径守卫：必须复现 t2-sift-crosscheck.md §4 的已知值
======================================================================
  sift128    cos_std 0.2072 vs 0.2109 (Δ0.0037) | 可分性 0.1201 vs 0.1291 (Δ0.0090)  → FAIL
  cohere     cos_std 0.0480 vs 0.0471 (Δ0.0009) | 可分性 10.4943 vs 0.7958 (Δ9.6985)  → FAIL
  gist960    无冻结值可校（新数据集）
  glove100   无冻结值可校（新数据集）

  口径守卫总判定: FAIL ⇒ 口径不一致，外推无效

======================================================================
  维度轴汇总表（markdown）
======================================================================
| 数据集 | 维度 | 随机对 cos std | GT1 | GT10 | 可分性 | 间隙内点数(中位) | 签名 bit | R@10 天花板 |
|---|---|---|---|---|---|---|---|---|
| sift128 | 128 | 0.2072 | +0.9272 | +0.9023 | 0.1201 | 10 | 256 | 47.21% @ef_s=1024 |
| cohere | 768 | 0.0480 | +12.4025 | +11.8987 | 10.4943 | 10 | 1536 | 97.52% @ef_s=128 |
| gist960 | 960 | 0.0799 | +0.9123 | +0.8982 | 0.1764 | 10 | 1920 | 4.25% @ef_s=1024 |
| glove100 | 100 | 0.1198 | +0.6822 | +0.6007 | 0.6804 | 10 | 256 | 待测 |
