warning: linker stdout: 正在创建库 C:\Users\v_chchsli\Desktop\TriviumDB\target\release\deps\triviumdb.dll.lib 和对象 C:\Users\v_chchsli\Desktop\TriviumDB\target\release\deps\triviumdb.dll.exp
  |
  = note: `#[warn(linker_messages)]` on by default

warning: `triviumdb` (lib) generated 1 warning
   Compiling triviumdb v0.8.8 (C:\Users\v_chchsli\Desktop\TriviumDB)
    Finished `bench` profile [optimized] target(s) in 5.39s
     Running benches\bench_t2_b2_partitioned.rs (target\release\deps\bench_t2_b2_partitioned-60166ac12225c98c.exe)
═══════════════════════════════════════════════════════════════════
  T2 B2-0 — ef_construction 扫描（平凡对照，零代码）
  臂 = [128, 64, 32, 16]   m=32 m0=64 alpha=1.2
═══════════════════════════════════════════════════════════════════
  守卫G5 随机注入量恒为 128（对全部臂）PASS
  数据集 sift128  数据 1000000 × 128，查询 10000，GT K=10；加载+归一化 0.26s

  ── 臂 ef_construction=128 ──
    建图 14.98s  66743 vec/s  avg_deg_l0=64.0  Hot 522 MiB
    ef_search=64    R@10  15.69%     206226 QPS
    ef_search=128   R@10  21.83%     112399 QPS
    ef_search=256   R@10  29.25%      62653 QPS
    ef_search=512   R@10  37.70%      34422 QPS
    ef_search=1024  R@10  47.21%      18247 QPS
    L0 指纹 0x7658b70cd402b22b / 64000000 边

  ── 臂 ef_construction=64 ──
    建图 10.30s  97075 vec/s  avg_deg_l0=64.0  Hot 522 MiB
    ef_search=64    R@10  15.46%     190180 QPS
    ef_search=128   R@10  21.46%     106968 QPS
    ef_search=256   R@10  28.83%      53604 QPS
    ef_search=512   R@10  37.18%      34184 QPS
    ef_search=1024  R@10  46.37%      17905 QPS
    L0 指纹 0x1746d34991713210 / 64000000 边

  ── 臂 ef_construction=32 ──
    建图 7.90s  126563 vec/s  avg_deg_l0=64.0  Hot 522 MiB
    ef_search=64    R@10  17.75%     182468 QPS
    ef_search=128   R@10  24.41%      98353 QPS
    ef_search=256   R@10  32.55%      53263 QPS
    ef_search=512   R@10  42.26%      27431 QPS
    ef_search=1024  R@10  53.11%      14296 QPS
    L0 指纹 0x49855d11d72aca54 / 64000000 边

  ── 臂 ef_construction=16 ──
    建图 6.33s  158039 vec/s  avg_deg_l0=64.0  Hot 522 MiB
    ef_search=64    R@10  16.10%     164665 QPS
    ef_search=128   R@10  22.52%      77555 QPS
    ef_search=256   R@10  30.52%      39854 QPS
    ef_search=512   R@10  40.24%      22197 QPS
    ef_search=1024  R@10  51.40%      11251 QPS
    L0 指纹 0xe951d7951d84e0c5 / 64000000 边

  ── 守卫 ──
  守卫G1 跳过: sift128 尚无冻结 R@10（可用 T2_FROZEN_RECALL 提供）；本臂自身即基线 21.83%
  守卫G-det 正在背靠背重复建图（ef_c=128）×2 并各自测召回 ...
    rep0: 指纹 0xfdad6953817b84e5  R@10 21.88%
    rep1: 指纹 0xb6b308d9fa79ed1a  R@10 21.88%
  守卫G-det 背靠背两次: 指纹不同 ⚠️（，且与臂1不同）
  守卫G-det 非确定性对召回的影响: 21.88% vs 21.88%（极差 0.00pp）→ 质量等价（边集不同但召回稳定）

═══════════════════════════════════════════════════════════════════
  B2-0 判定：ef_construction 能否独自达到成本-质量点
═══════════════════════════════════════════════════════════════════
  P1 门槛 = 基线 21.83% − 1pp = 20.83%

  ef_c=128  建图  14.98s（ 1.00×）  R@10(ef_s=128)  21.83%  门槛达标 ✅
  ef_c=64   建图  10.30s（ 0.69×）  R@10(ef_s=128)  21.46%  门槛达标 ✅
  ef_c=32   建图   7.90s（ 0.53×）  R@10(ef_s=128)  24.41%  门槛达标 ✅
  ef_c=16   建图   6.33s（ 0.42×）  R@10(ef_s=128)  22.52%  门槛达标 ✅

  ── 固定成本地板 ──
  ef_c=16 墙钟 6.33s = **0.42×** 基线（候选获取即使完全免费也不可能低于此值；真实地板只会更低）。

  ★ **平凡解已达成 P3**：ef_c=16 → R@10 22.52%（P1 门槛 20.83%）且建图 **0.42×**（P2 需 ≤0.70×）。
     ⇒ PiPNN 必须**击败这个平凡解**，而可争夺的空间只有 0.42× → 地板 0.42×，即 **1.00×**。
     ⇒ 且 PiPNN 自己的候选获取成本（设计文档 §1.2：池扫描 2.4×）必须在这 1.00× 里支付。

  ⚠️ 守卫G-det：并发建图的**边集不可逐位复现**，但召回极差 0.00pp ⇒ 质量等价。
     ⇒ **召回级**结论稳定可比；**图结构级**结论须视为单次采样估计。

### T2 B2-0：`ef_construction` 扫描（sift128 1000000 × 128，m=32，α=1.2，同一进程）

| ef_c | 建图(s) | 相对基线 | R@10@ef_s=64 | R@10@ef_s=128 | R@10@ef_s=256 | R@10@ef_s=512 | R@10@ef_s=1024 |
|---|---|---|---|---|---|---|---|
| 128 | 14.98 | 1.00× | 15.69% | 21.83% | 29.25% | 37.70% | 47.21% |
| 64 | 10.30 | 0.69× | 15.46% | 21.46% | 28.83% | 37.18% | 46.37% |
| 32 | 7.90 | 0.53× | 17.75% | 24.41% | 32.55% | 42.26% | 53.11% |
| 16 | 6.33 | 0.42× | 16.10% | 22.52% | 30.52% | 40.24% | 51.40% |
═══════════════════════════════════════════════════════════════════
