  守卫 dim=128: |ΔHamming|=0  |Δ<w,w>|=0.0  PASS
  守卫 dim=960: |ΔHamming|=0  |Δ<w,w>|=0.0  PASS

==========================================================================
  cohere  dim=768   R@10@ef=64 = 94.63%   [论文 Table 11 = 95.13（Δ−0.50）]
==========================================================================
  全局标定（100,000 对）:  R²_w = +0.6600   R²_c = +0.6211
  gap = GT10−GT11（中位）      = 0.000698
  σ_code  local: weighted 0.01535 | cheap 0.02125
  ★ SNR: weighted 0.0454 | cheap 0.0328 | **eff=min 0.0328**
  码自身 top-10 命中（全扫，无精排）: weighted 67.75% | cheap 68.30%   （论文探针同族量，但我们是全库扫描，更严格）

==========================================================================
  glove100  dim=100   R@10@ef=64 = 32.82%   [论文 Table 11 = 32.08（Δ+0.74）]
==========================================================================
  全局标定（100,000 对）:  R²_w = +0.7296   R²_c = +0.3209
  gap = GT10−GT11（中位）      = 0.001236
  σ_code  local: weighted 0.04519 | cheap 0.04605
  ★ SNR: weighted 0.0273 | cheap 0.0268 | **eff=min 0.0268**
  码自身 top-10 命中（全扫，无精排）: weighted 33.55% | cheap 22.90%   （论文探针同族量，但我们是全库扫描，更严格）

==========================================================================
  sift128  dim=128   R@10@ef=64 = 15.77%   [论文 Table 11 = 14.85（Δ+0.92）]
==========================================================================
  全局标定（100,000 对）:  R²_w = +0.5222   R²_c = +0.7881
  gap = GT10−GT11（中位）      = 0.000508
  σ_code  local: weighted 0.04458 | cheap 0.05654
  ★ SNR: weighted 0.0114 | cheap 0.0090 | **eff=min 0.0090**
  码自身 top-10 命中（全扫，无精排）: weighted 3.50% | cheap 10.30%   （论文探针同族量，但我们是全库扫描，更严格）

==========================================================================
  gist960  dim=960   R@10@ef=64 = 2.10%   [论文 Table 11 = 2.01（Δ+0.09）]
==========================================================================
  全局标定（100,000 对）:  R²_w = +0.5887   R²_c = +0.1144
  gap = GT10−GT11（中位）      = 0.000288
  σ_code  local: weighted 0.02540 | cheap 0.01244
  ★ SNR: weighted 0.0113 | cheap 0.0232 | **eff=min 0.0113**
  码自身 top-10 命中（全扫，无精排）: weighted 0.75% | cheap 5.85%   （论文探针同族量，但我们是全库扫描，更严格）

==========================================================================
  gist960c  dim=960   R@10@ef=64 = 39.74%   [去均值（本会话）]
==========================================================================
  全局标定（100,000 对）:  R²_w = +0.8900   R²_c = +0.6335
  gap = GT10−GT11（中位）      = 0.001263
  σ_code  local: weighted 0.03673 | cheap 0.05298
  ★ SNR: weighted 0.0344 | cheap 0.0238 | **eff=min 0.0238**
  码自身 top-10 命中（全扫，无精排）: weighted 28.65% | cheap 23.90%   （论文探针同族量，但我们是全库扫描，更严格）

==========================================================================
  sift128c  dim=128   R@10@ef=64 = 30.64%   [去均值（本会话）]
==========================================================================
  全局标定（100,000 对）:  R²_w = +0.9591   R²_c = +0.6486
  gap = GT10−GT11（中位）      = 0.001059
  σ_code  local: weighted 0.04146 | cheap 0.07429
  ★ SNR: weighted 0.0255 | cheap 0.0143 | **eff=min 0.0143**
  码自身 top-10 命中（全扫，无精排）: weighted 23.00% | cheap 23.25%   （论文探针同族量，但我们是全库扫描，更严格）

==========================================================================
  gauss960  dim=960   R@10@ef=64 = 0.41%   [T-ctrl 各向同性高斯 → 对应论文 Random-Sphere(0.40)]
==========================================================================
  全局标定（100,000 对）:  R²_w = +0.6960   R²_c = +0.2058
  gap = GT10−GT11（中位）      = 0.000471
  σ_code  local: weighted 0.01502 | cheap 0.01381
  ★ SNR: weighted 0.0314 | cheap 0.0341 | **eff=min 0.0314**
  码自身 top-10 命中（全扫，无精排）: weighted 16.70% | cheap 0.85%   （论文探针同族量，但我们是全库扫描，更严格）

==========================================================================
  gauss960plant  dim=960   R@10@ef=64 = 99.70%   [T-plant 植入真近邻（构造性上界对照）]
==========================================================================
  全局标定（100,000 对）:  R²_w = +0.6995   R²_c = +0.2063
  gap = GT10−GT11（中位）      = 0.703144
  σ_code  local: weighted 0.04112 | cheap 0.08264
  ★ SNR: weighted 17.0993 | cheap 8.5083 | **eff=min 8.5083**
  码自身 top-10 命中（全扫，无精排）: weighted 100.00% | cheap 100.00%   （论文探针同族量，但我们是全库扫描，更严格）

====================================================================================================
  汇总
====================================================================================================
| 数据集 | dim | R@10@ef=64 | gap | σ_w | σ_c | SNR_w | SNR_c | SNR_eff | 码top10(w) | 码top10(c) |
|---|---|---|---|---|---|---|---|---|---|---|
| gauss960plant | 960 | 99.70% | 0.703144 | 0.04112 | 0.08264 | 17.0993 | 8.5083 | **8.5083** | 100.00% | 100.00% |
| cohere | 768 | 94.63% | 0.000698 | 0.01535 | 0.02125 | 0.0454 | 0.0328 | **0.0328** | 67.75% | 68.30% |
| gist960c | 960 | 39.74% | 0.001263 | 0.03673 | 0.05298 | 0.0344 | 0.0238 | **0.0238** | 28.65% | 23.90% |
| glove100 | 100 | 32.82% | 0.001236 | 0.04519 | 0.04605 | 0.0273 | 0.0268 | **0.0268** | 33.55% | 22.90% |
| sift128c | 128 | 30.64% | 0.001059 | 0.04146 | 0.07429 | 0.0255 | 0.0143 | **0.0143** | 23.00% | 23.25% |
| sift128 | 128 | 15.77% | 0.000508 | 0.04458 | 0.05654 | 0.0114 | 0.0090 | **0.0090** | 3.50% | 10.30% |
| gist960 | 960 | 2.10% | 0.000288 | 0.02540 | 0.01244 | 0.0113 | 0.0232 | **0.0113** | 0.75% | 5.85% |
| gauss960 | 960 | 0.41% | 0.000471 | 0.01502 | 0.01381 | 0.0314 | 0.0341 | **0.0314** | 16.70% | 0.85% |

  ★ 预注册主判据：在论文自己的数据集上，SNR_eff 与 R@10@ef=64 的 Spearman ρ ≥ 0.9
    —— 其中 Random-Sphere 是论文 12 行之一，我们以 gauss960（各向同性高斯，实测 0.41% vs 论文 0.40%）作其对应臂。

  子集                                  n                     snr_eff                     snr_w                     snr_c                   gap_med                  min_code     code_only_top10_w_pct     code_only_top10_c_pct
  论文 12 行中我们有的 4 行                    4                     +0.8000                   +1.0000                   +0.8000                   +0.8000                   +1.0000                   +1.0000                   +1.0000
  + Random-Sphere 对应臂（gauss960）       5                     +0.3000                   +0.4000                   -0.1000                   +0.8000                   +0.9000                   +0.7000                   +1.0000
  全部真实臂（不含构造性 T-plant）                7                     +0.3929                   +0.6429                   +0.1071                   +0.7500                   +0.9286                   +0.8571                   +0.9643
  全部 8 行（含 T-plant）                   8                     +0.5952                   +0.7619                   +0.4048                   +0.8333                   +0.9524                   +0.9048                   +0.9762

  说明（诚实性）：上表中只有 `snr_eff` 是**预注册主判据**；其余为**事后探索**，证据强度更低。

  结果写入 results\t2\gist960_collapse\snr_probe.json（可再次用 --report 复现上表）
