  守卫 dim=128: |ΔHamming|=0  |Δ<w,w>|=0.0  PASS
  守卫 dim=960: |ΔHamming|=0  |Δ<w,w>|=0.0  PASS

==========================================================================
  cohere  dim=768   R@10@ef=64 = 94.63%   [论文 Table 11 = 95.13（Δ−0.50）]
==========================================================================
  全局标定（100,000 对）:  R²_w = +0.6601   R²_c = +0.6212
  gap = GT10−GT11（中位）      = 0.000892
  σ_code  local: weighted 0.01527 | cheap 0.02131
  ★ SNR: weighted 0.0584 | cheap 0.0418 | **eff=min 0.0418**
  码自身 top-10 命中（全扫，无精排）: weighted 69.70% | cheap 69.80%   （论文探针同族量，但我们是全库扫描，更严格）

==========================================================================
  gist960  dim=960   R@10@ef=64 = 2.10%   [论文 Table 11 = 2.01（Δ+0.09）]
==========================================================================
  全局标定（100,000 对）:  R²_w = +0.5890   R²_c = +0.1209
  gap = GT10−GT11（中位）      = 0.000227
  σ_code  local: weighted 0.02468 | cheap 0.01267
  ★ SNR: weighted 0.0092 | cheap 0.0179 | **eff=min 0.0092**
  码自身 top-10 命中（全扫，无精排）: weighted 0.50% | cheap 5.20%   （论文探针同族量，但我们是全库扫描，更严格）

==========================================================================
  sift128c  dim=128   R@10@ef=64 = 30.64%   [去均值（本会话）]
==========================================================================
  全局标定（100,000 对）:  R²_w = +0.9594   R²_c = +0.6515
  gap = GT10−GT11（中位）      = 0.000916
  σ_code  local: weighted 0.04079 | cheap 0.07383
  ★ SNR: weighted 0.0225 | cheap 0.0124 | **eff=min 0.0124**
  码自身 top-10 命中（全扫，无精排）: weighted 22.55% | cheap 23.35%   （论文探针同族量，但我们是全库扫描，更严格）

==========================================================================
  汇总
==========================================================================
| 数据集 | dim | R@10@ef=64 | gap | σ_w | σ_c | SNR_w | SNR_c | **SNR_eff** | 码top10(w) |
|---|---|---|---|---|---|---|---|---|---|
| cohere | 768 | 94.63% | 0.000892 | 0.01527 | 0.02131 | 0.0584 | 0.0418 | **0.0418** | 69.70% |
| gist960 | 960 | 2.10% | 0.000227 | 0.02468 | 0.01267 | 0.0092 | 0.0179 | **0.0092** | 0.50% |
| sift128c | 128 | 30.64% | 0.000916 | 0.04079 | 0.07383 | 0.0225 | 0.0124 | **0.0124** | 22.55% |

  判据（预注册）：SNR_eff 与 R@10@ef=64 的 Spearman 秩相关 ≥ 0.9
    论文 4 行（2 点）: ρ(SNR_eff) = +nan | ρ(SNR_w) = +nan | ρ(SNR_c) = +nan | ρ(gap 单独) = +nan
    全部真实臂（3 点）: ρ(SNR_eff) = +1.0000 | ρ(SNR_w) = +1.0000 | ρ(SNR_c) = +0.5000 | ρ(gap 单独) = +0.5000 | ρ(码top10_w) = +1.0000

  结果写入 results\t2\gist960_collapse\snr_probe.json
