  守卫 dim=128: |ΔHamming|=0  |Δ<w,w>|=0.0  PASS
  守卫 dim=960: |ΔHamming|=0  |Δ<w,w>|=0.0  PASS

==========================================================================
  gist960c  dim=960   R@10@ef=64 = 39.74%   [去均值（本会话）]
==========================================================================
  全局标定（100,000 对）:  R²_w = +0.8883   R²_c = +0.6275
  gap = GT10−GT11（中位）      = 0.001300
  σ_code  local: weighted 0.03741 | cheap 0.05550
  ★ SNR: weighted 0.0347 | cheap 0.0234 | **eff=min 0.0234**
  码自身 top-10 命中（全扫，无精排）: weighted 27.85% | cheap 24.05%   （论文探针同族量，但我们是全库扫描，更严格）

==========================================================================
  gauss960  dim=960   R@10@ef=64 = 0.41%   [T-ctrl 各向同性高斯 → 对应论文 Random-Sphere(0.40)]
==========================================================================
  全局标定（100,000 对）:  R²_w = +0.6962   R²_c = +0.2097
  gap = GT10−GT11（中位）      = 0.000464
  σ_code  local: weighted 0.01498 | cheap 0.01394
  ★ SNR: weighted 0.0310 | cheap 0.0333 | **eff=min 0.0310**
  码自身 top-10 命中（全扫，无精排）: weighted 18.60% | cheap 0.95%   （论文探针同族量，但我们是全库扫描，更严格）

==========================================================================
  gauss960plant  dim=960   R@10@ef=64 = 99.70%   [T-plant 植入真近邻（构造性上界对照）]
==========================================================================
  全局标定（100,000 对）:  R²_w = +0.6956   R²_c = +0.2001
  gap = GT10−GT11（中位）      = 0.703092
  σ_code  local: weighted 0.04102 | cheap 0.08402
  ★ SNR: weighted 17.1394 | cheap 8.3682 | **eff=min 8.3682**
  码自身 top-10 命中（全扫，无精排）: weighted 100.00% | cheap 100.00%   （论文探针同族量，但我们是全库扫描，更严格）

==========================================================================
  汇总
==========================================================================
| 数据集 | dim | R@10@ef=64 | gap | σ_w | σ_c | SNR_w | SNR_c | **SNR_eff** | 码top10(w) |
|---|---|---|---|---|---|---|---|---|---|
| gist960c | 960 | 39.74% | 0.001300 | 0.03741 | 0.05550 | 0.0347 | 0.0234 | **0.0234** | 27.85% |
| gauss960 | 960 | 0.41% | 0.000464 | 0.01498 | 0.01394 | 0.0310 | 0.0333 | **0.0310** | 18.60% |
| gauss960plant | 960 | 99.70% | 0.703092 | 0.04102 | 0.08402 | 17.1394 | 8.3682 | **8.3682** | 100.00% |

  判据（预注册）：SNR_eff 与 R@10@ef=64 的 Spearman 秩相关 ≥ 0.9
    论文 4 行（0 点）: ρ(SNR_eff) = +nan | ρ(SNR_w) = +nan | ρ(SNR_c) = +nan | ρ(gap 单独) = +nan
    全部真实臂（2 点）: ρ(SNR_eff) = +nan | ρ(SNR_w) = +nan | ρ(SNR_c) = +nan | ρ(gap 单独) = +nan | ρ(码top10_w) = +nan

  结果写入 results\t2\gist960_collapse\snr_probe.json
