  守卫 dim=128: |ΔHamming|=0  |Δ<w,w>|=0.0  PASS
  守卫 dim=960: |ΔHamming|=0  |Δ<w,w>|=0.0  PASS

==========================================================================
  cohere  dim=768   R@10@ef=64 = 94.63%   [论文 Table 11 = 95.13（Δ−0.50）]
==========================================================================
  全局标定（100,000 对）:  R²_w = +0.6601   R²_c = +0.6212
  gap = GT10−GT11（中位）      = 0.000892
  σ_code  local: weighted 0.01527 | cheap 0.02131
  ★ SNR: weighted 0.0584 | cheap 0.0418 | **eff=min 0.0418**
  码自身 top-10 命中（全扫，无精排）: weighted 69.70% | cheap 69.80%   （论文探针同族量，但我们是全库扫描，更严格）

==========================================================================
  glove100  dim=100   R@10@ef=64 = 32.82%   [论文 Table 11 = 32.08（Δ+0.74）]
==========================================================================
  全局标定（100,000 对）:  R²_w = +0.7286   R²_c = +0.3234
  gap = GT10−GT11（中位）      = 0.002235
  σ_code  local: weighted 0.04496 | cheap 0.04672
  ★ SNR: weighted 0.0497 | cheap 0.0479 | **eff=min 0.0479**
  码自身 top-10 命中（全扫，无精排）: weighted 34.30% | cheap 21.90%   （论文探针同族量，但我们是全库扫描，更严格）

==========================================================================
  sift128  dim=128   R@10@ef=64 = 15.77%   [论文 Table 11 = 14.85（Δ+0.92）]
==========================================================================
  全局标定（100,000 对）:  R²_w = +0.5195   R²_c = +0.7881
  gap = GT10−GT11（中位）      = 0.000587
  σ_code  local: weighted 0.04427 | cheap 0.05695
  ★ SNR: weighted 0.0133 | cheap 0.0103 | **eff=min 0.0103**
  码自身 top-10 命中（全扫，无精排）: weighted 2.65% | cheap 9.35%   （论文探针同族量，但我们是全库扫描，更严格）

==========================================================================
  gist960  dim=960   R@10@ef=64 = 2.10%   [论文 Table 11 = 2.01（Δ+0.09）]
==========================================================================
  全局标定（100,000 对）:  R²_w = +0.5962   R²_c = +0.1171
  gap = GT10−GT11（中位）      = 0.000253
  σ_code  local: weighted 0.02606 | cheap 0.01267
  ★ SNR: weighted 0.0097 | cheap 0.0200 | **eff=min 0.0097**
  码自身 top-10 命中（全扫，无精排）: weighted 0.80% | cheap 7.40%   （论文探针同族量，但我们是全库扫描，更严格）

==========================================================================
  sift128c  dim=128   R@10@ef=64 = 30.64%   [去均值（本会话）]
==========================================================================
  全局标定（100,000 对）:  R²_w = +0.9595   R²_c = +0.6519
  gap = GT10−GT11（中位）      = 0.000929
  σ_code  local: weighted 0.04121 | cheap 0.07520
  ★ SNR: weighted 0.0225 | cheap 0.0124 | **eff=min 0.0124**
  码自身 top-10 命中（全扫，无精排）: weighted 24.25% | cheap 24.35%   （论文探针同族量，但我们是全库扫描，更严格）

====================================================================================================
  汇总
====================================================================================================
| 数据集 | dim | R@10@ef=64 | gap | σ_w | σ_c | SNR_w | SNR_c | SNR_eff | 码top10(w) | 码top10(c) |
|---|---|---|---|---|---|---|---|---|---|---|
| gauss960plant | 960 | 99.70% | 0.703092 | 0.04102 | 0.08402 | 17.1394 | 8.3682 | **8.3682** | 100.00% | 100.00% |
| cohere | 768 | 94.63% | 0.000892 | 0.01527 | 0.02131 | 0.0584 | 0.0418 | **0.0418** | 69.70% | 69.80% |
| gist960c | 960 | 39.74% | 0.001300 | 0.03741 | 0.05550 | 0.0347 | 0.0234 | **0.0234** | 27.85% | 24.05% |
| glove100 | 100 | 32.82% | 0.002235 | 0.04496 | 0.04672 | 0.0497 | 0.0479 | **0.0479** | 34.30% | 21.90% |
| sift128c | 128 | 30.64% | 0.000929 | 0.04121 | 0.07520 | 0.0225 | 0.0124 | **0.0124** | 24.25% | 24.35% |
| sift128 | 128 | 15.77% | 0.000587 | 0.04427 | 0.05695 | 0.0133 | 0.0103 | **0.0103** | 2.65% | 9.35% |
| gist960 | 960 | 2.10% | 0.000253 | 0.02606 | 0.01267 | 0.0097 | 0.0200 | **0.0097** | 0.80% | 7.40% |
| gauss960 | 960 | 0.41% | 0.000464 | 0.01498 | 0.01394 | 0.0310 | 0.0333 | **0.0310** | 18.60% | 0.95% |

  ★ 预注册主判据：在论文自己的数据集上，SNR_eff 与 R@10@ef=64 的 Spearman ρ ≥ 0.9
    —— 其中 Random-Sphere 是论文 12 行之一，我们以 gauss960（各向同性高斯，实测 0.41% vs 论文 0.40%）作其对应臂。

  子集                                  n                     snr_eff                     snr_w                     snr_c                   gap_med                  min_code     code_only_top10_w_pct     code_only_top10_c_pct
  论文 12 行中我们有的 4 行                    4                     +0.8000                   +1.0000                   +0.6000                   +0.8000                   +1.0000                   +1.0000                   +1.0000
  + Random-Sphere 对应臂（gauss960）       5                     +0.6000                   +0.7000                   +0.5000                   +0.8000                   +0.9000                   +0.7000                   +1.0000
  全部真实臂（不含构造性 T-plant）                7                     +0.5000                   +0.7500                   +0.3929                   +0.7143                   +0.8571                   +0.8571                   +0.8929
  全部 8 行（含 T-plant）                   8                     +0.6667                   +0.8333                   +0.5952                   +0.8095                   +0.9048                   +0.9048                   +0.9286

  说明（诚实性）：上表中只有 `snr_eff` 是**预注册主判据**；其余为**事后探索**，证据强度更低。

  结果写入 results\t2\gist960_collapse\snr_probe.json（可再次用 --report 复现上表）
