==============================================================================
  竞品基线  cohere  dim=768  M=32  ef_construction=128  线程=16
==============================================================================
  train (1000000, 768)  test (1000, 768)  GT (1000, 10)  加载 2.8s

  [FAISS FlatIP 精确]
    R@10 100.00%      380.6 QPS（应与 GT 一致）

  [hnswlib]
    建图 202.42s  4940 vec/s
    ef=64    R@10  96.30%       9514 QPS
    ef=128   R@10  98.18%       4966 QPS
    ef=256   R@10  99.14%       2735 QPS
    ef=512   R@10  99.62%       1411 QPS
    ef=1024  R@10  99.82%        770 QPS

  [FAISS HNSW]
    建图 185.65s  5386 vec/s
    ef=64    R@10  96.72%       9486 QPS
    ef=128   R@10  98.50%       5170 QPS
    ef=256   R@10  99.11%       2688 QPS
    ef=512   R@10  99.53%       1429 QPS
    ef=1024  R@10  99.70%        748 QPS

  [USearch]
    建图 186.70s  5356 vec/s
    ef=64    R@10  96.42%      10812 QPS
    ef=128   R@10  98.18%       5979 QPS
    ef=256   R@10  99.07%       3195 QPS
    ef=512   R@10  99.45%       1685 QPS
    ef=1024  R@10  99.59%        907 QPS

  [FAISS IVF-Flat]
    建图 98.47s  nlist=4096
    nprobe=16   R@10  86.34%       3117 QPS
    nprobe=64   R@10  95.09%        847 QPS
    nprobe=128  R@10  97.51%        443 QPS
    nprobe=256  R@10  99.03%        223 QPS

### 竞品基线（cohere 1000000 × 768，M=32，ef_c=128，16 线程）

| 方法 | 参数 | R@10 | MT-QPS | 延迟 ms | 建图 s |
|---|---|---|---|---|---|
| faiss_exact | nprobe=None | 100.00% | 381 | 2.6274 | 0.0 |
| hnswlib | ef=64 | 96.30% | 9514 | 0.1051 | 202.4 |
| hnswlib | ef=128 | 98.18% | 4966 | 0.2014 | 202.4 |
| hnswlib | ef=256 | 99.14% | 2735 | 0.3657 | 202.4 |
| hnswlib | ef=512 | 99.62% | 1411 | 0.7086 | 202.4 |
| hnswlib | ef=1024 | 99.82% | 770 | 1.2983 | 202.4 |
| faiss_hnsw | ef=64 | 96.72% | 9486 | 0.1054 | 185.7 |
| faiss_hnsw | ef=128 | 98.50% | 5170 | 0.1934 | 185.7 |
| faiss_hnsw | ef=256 | 99.11% | 2688 | 0.3720 | 185.7 |
| faiss_hnsw | ef=512 | 99.53% | 1429 | 0.6997 | 185.7 |
| faiss_hnsw | ef=1024 | 99.70% | 748 | 1.3377 | 185.7 |
| usearch | ef=64 | 96.42% | 10812 | 0.0925 | 186.7 |
| usearch | ef=128 | 98.18% | 5979 | 0.1672 | 186.7 |
| usearch | ef=256 | 99.07% | 3195 | 0.3130 | 186.7 |
| usearch | ef=512 | 99.45% | 1685 | 0.5935 | 186.7 |
| usearch | ef=1024 | 99.59% | 907 | 1.1024 | 186.7 |
| faiss_ivf_flat | nprobe=16 | 86.34% | 3117 | 0.3208 | 98.5 |
| faiss_ivf_flat | nprobe=64 | 95.09% | 847 | 1.1805 | 98.5 |
| faiss_ivf_flat | nprobe=128 | 97.51% | 443 | 2.2551 | 98.5 |
| faiss_ivf_flat | nprobe=256 | 99.03% | 223 | 4.4768 | 98.5 |

  已写出 results\baseline\competitors_cohere.json
  总耗时 696.7s
