==========================================================================
  T2 预实验 — 分区质量探针（PiPNN 可行性上界）
==========================================================================
  载入图: n=1000000 m0=64 entry=0 边=64000000 平均度=64.0
  载入数据: train (1000000, 768) test (1000, 768) GT (1000, 10) (K=1000)  2.4s
  守卫 GT 下标合法: [35, 999993]  in [0, 1000000)  PASS
  [随机哈希 k=16       ] 跨分区边  93.8%  本分区召回上界   6.7%  (期望 ≈ 6.2%)
  [随机哈希 k=64       ] 跨分区边  98.4%  本分区召回上界   1.7%  (期望 ≈ 1.6%)
  [随机哈希 k=256      ] 跨分区边  99.6%  本分区召回上界   0.5%  (期望 ≈ 0.4%)
  [k-means k=16    ] 跨分区边  32.4%  本分区  70.0%  J=1: 70.0%  J=5: 97.3%  J=10: 99.7%  J=25:100.0%  (4.7s)
    └ 分区均衡: min=37923 med=65722 max=79951 max/min=2.1 gini=0.130
    └ B1 邻居可达率上界(边覆盖率 / 节点均值 / 节点p10): J=1: 67.6%/67.6%/28.1%  J=2: 84.7%/84.7%/57.8%  J=3: 91.4%/91.4%/75.0%  J=5: 96.6%/96.6%/89.1%  J=10: 99.5%/99.5%/98.4%  J=25: 100.0%/100.0%/100.0%  (5.2s)
  [k-means k=64    ] 跨分区边  43.0%  本分区  59.3%  J=1: 59.3%  J=5: 91.6%  J=10: 97.2%  J=25: 99.6%  (5.3s)
    └ 分区均衡: min=6676 med=14775 max=26654 max/min=4.0 gini=0.165
    └ B1 邻居可达率上界(边覆盖率 / 节点均值 / 节点p10): J=1: 57.0%/57.0%/18.8%  J=2: 73.0%/73.0%/39.1%  J=3: 80.8%/80.8%/53.1%  J=5: 88.5%/88.5%/70.3%  J=10: 95.2%/95.2%/85.9%  J=25: 99.2%/99.2%/96.9%  (5.9s)
  [k-means k=256   ] 跨分区边  53.4%  本分区  50.2%  J=1: 50.2%  J=5: 82.6%  J=10: 90.7%  J=25: 96.8%  (8.8s)
    └ 分区均衡: min=1 med=4108 max=8819 max/min=8819.0 gini=0.261
    └ B1 邻居可达率上界(边覆盖率 / 节点均值 / 节点p10): J=1: 46.6%/46.6%/10.9%  J=2: 62.0%/62.0%/25.0%  J=3: 69.9%/69.9%/35.9%  J=5: 78.5%/78.5%/50.0%  J=10: 87.5%/87.5%/68.8%  J=25: 95.2%/95.2%/85.9%  (12.5s)
  守卫 指标管线（随机对照 ≈ 100/k%）PASS

### T2 预实验：分区质量指标（1M × 768，官方 GT，1000 查询）

| 分区方案 | 跨分区边率 | 本分区召回上界 | J=1 | J=5 | J=10 | J=25 | 分区 max/min | gini |
|---|---|---|---|---|---|---|---|---|
| 随机哈希 k=16 | 93.8% | 6.7% | — | — | — | — | 1.0 | 0.000 |
| 随机哈希 k=64 | 98.4% | 1.7% | — | — | — | — | 1.0 | 0.000 |
| 随机哈希 k=256 | 99.6% | 0.5% | — | — | — | — | 1.0 | 0.000 |
| k-means k=16 | 32.4% | 70.0% | 70.0% | 97.3% | 99.7% | 100.0% | 2.1 | 0.130 |
| k-means k=64 | 43.0% | 59.3% | 59.3% | 91.6% | 97.2% | 99.6% | 4.0 | 0.165 |
| k-means k=256 | 53.4% | 50.2% | 50.2% | 82.6% | 90.7% | 96.8% | 8819.0 | 0.261 |

### T2 B1：分区受限候选池的邻居可达率上界（全量 64M 边，非采样）

> 定义：边 `u→v` 可达 ⟺ `part[v]` 位于「离 `u` 最近的 J 个分区」内。
> 这是**与选择算法无关的必要条件**——不在池里的邻居，任何构造算法都选不出来。

| 分区 | J | 边覆盖率 | 节点均值 | 节点 p10 | 节点中位 | 可达率<50% 节点数 |
|---|---|---|---|---|---|---|
| k-means k=16 | 1 | 67.6% | 67.6% | 28.1% | 71.9% | 261,828 |
| k-means k=16 | 2 | 84.7% | 84.7% | 57.8% | 92.2% | 59,586 |
| k-means k=16 | 3 | 91.4% | 91.4% | 75.0% | 96.9% | 16,326 |
| k-means k=16 | 5 | 96.6% | 96.6% | 89.1% | 100.0% | 1,917 |
| k-means k=16 | 10 | 99.5% | 99.5% | 98.4% | 100.0% | 23 |
| k-means k=16 | 25 | 100.0% | 100.0% | 100.0% | 100.0% | 0 |
| k-means k=64 | 1 | 57.0% | 57.0% | 18.8% | 56.2% | 421,075 |
| k-means k=64 | 2 | 73.0% | 73.0% | 39.1% | 78.1% | 177,468 |
| k-means k=64 | 3 | 80.8% | 80.8% | 53.1% | 85.9% | 78,980 |
| k-means k=64 | 5 | 88.5% | 88.5% | 70.3% | 93.8% | 19,102 |
| k-means k=64 | 10 | 95.2% | 95.2% | 85.9% | 98.4% | 1,215 |
| k-means k=64 | 25 | 99.2% | 99.2% | 96.9% | 100.0% | 14 |
| k-means k=256 | 1 | 46.6% | 46.6% | 10.9% | 43.8% | 566,512 |
| k-means k=256 | 2 | 62.0% | 62.0% | 25.0% | 64.1% | 332,378 |
| k-means k=256 | 3 | 69.9% | 69.9% | 35.9% | 73.4% | 211,743 |
| k-means k=256 | 5 | 78.5% | 78.5% | 50.0% | 82.8% | 95,986 |
| k-means k=256 | 10 | 87.5% | 87.5% | 68.8% | 92.2% | 18,921 |
| k-means k=256 | 25 | 95.2% | 95.2% | 85.9% | 98.4% | 573 |

  已写出 results\t2\partition_probe.json
  总耗时 46.4s
