==========================================================================
  T2 预实验 — 分区质量探针（PiPNN 可行性上界）
==========================================================================
  载入图: n=1000000 m0=64 entry=0 边=64000000 平均度=64.0
  载入数据: train (1000000, 768) test (1000, 768) GT (1000, 10) (K=1000)  2.6s
  守卫 GT 下标合法: [35, 999993]  in [0, 1000000)  PASS
  [随机哈希 k=16       ] 跨分区边  93.8%  本分区召回上界   6.7%
  [随机哈希 k=64       ] 跨分区边  98.4%  本分区召回上界   1.7%
  [随机哈希 k=256      ] 跨分区边  99.6%  本分区召回上界   0.5%
  [k-means k=16    ] 跨分区边  32.4%  本分区   6.1%  J=1: 70.0%  J=5: 97.3%  J=10: 99.7%  J=25:100.0%  (80.4s)
    └ 分区均衡: min=37923 med=65722 max=79951 max/min=2.1 gini=0.130
  [k-means k=64    ] 跨分区边  43.0%  本分区   1.6%  J=1: 59.3%  J=5: 91.6%  J=10: 97.2%  J=25: 99.6%  (86.3s)
    └ 分区均衡: min=6676 med=14775 max=26654 max/min=4.0 gini=0.165
  [k-means k=256   ] 跨分区边  53.4%  本分区   0.5%  J=1: 50.2%  J=5: 82.6%  J=10: 90.7%  J=25: 96.8%  (85.1s)
    └ 分区均衡: min=1 med=4108 max=8819 max/min=8819.0 gini=0.261

### T2 预实验：分区质量指标（1M × 768，官方 GT，1000 查询）

| 分区方案 | 跨分区边率 | 本分区召回上界 | J=1 | J=5 | J=10 | J=25 | 分区 max/min | gini |
|---|---|---|---|---|---|---|---|---|
| 随机哈希 k=16 | 93.8% | 6.7% | 6.0% | 30.9% | 62.8% | 100.0% | 1.0 | 0.000 |
| 随机哈希 k=64 | 98.4% | 1.7% | 1.5% | 7.6% | 15.6% | 38.9% | 1.0 | 0.000 |
| 随机哈希 k=256 | 99.6% | 0.5% | 0.3% | 1.8% | 3.8% | 9.8% | 1.0 | 0.000 |
| k-means k=16 | 32.4% | 6.1% | 70.0% | 97.3% | 99.7% | 100.0% | 2.1 | 0.130 |
| k-means k=64 | 43.0% | 1.6% | 59.3% | 91.6% | 97.2% | 99.6% | 4.0 | 0.165 |
| k-means k=256 | 53.4% | 0.5% | 50.2% | 82.6% | 90.7% | 96.8% | 8819.0 | 0.261 |

  已写出 results\t2\partition_probe.json
  总耗时 347.0s
