==============================================================================
  竞品基线  gist960c  dim=960  M=32  ef_construction=128  线程=32
==============================================================================
  train (1000000, 960)  test (1000, 960)  GT (1000, 10)  加载 5.0s

  [FAISS FlatIP 精确]
    R@10  99.93%      433.6 QPS（应与 GT 一致）

  [hnswlib]
    建图 236.09s  4236 vec/s
    ef=64    R@10  84.85%       6734 QPS
    ef=128   R@10  92.13%       3750 QPS
    ef=256   R@10  96.43%       2140 QPS
    ef=512   R@10  98.30%       1231 QPS
    ef=1024  R@10  99.32%        671 QPS

  [FAISS HNSW]
    建图 239.64s  4173 vec/s
    ef=64    R@10  85.41%       6851 QPS
    ef=128   R@10  92.27%       3959 QPS
    ef=256   R@10  96.51%       2235 QPS
    ef=512   R@10  98.48%       1229 QPS
    ef=1024  R@10  99.38%        700 QPS

  [USearch]
    建图 252.13s  3966 vec/s
    ef=64    R@10  84.93%       6872 QPS
    ef=128   R@10  91.84%       3754 QPS
    ef=256   R@10  95.77%       2194 QPS
    ef=512   R@10  97.89%       1238 QPS
    ef=1024  R@10  98.94%        710 QPS

  [FAISS IVF-Flat]
    建图 134.44s  nlist=4096
    nprobe=16   R@10  70.83%       2899 QPS
    nprobe=64   R@10  91.00%        808 QPS
    nprobe=128  R@10  96.11%        429 QPS
    nprobe=256  R@10  98.68%        222 QPS

### 竞品基线（gist960c 1000000 × 960，M=32，ef_c=128，32 线程）

| 方法 | 参数 | R@10 | MT-QPS | 延迟 ms | 建图 s |
|---|---|---|---|---|---|
| faiss_exact | nprobe=None | 99.93% | 434 | 2.3064 | 0.0 |
| hnswlib | ef=64 | 84.85% | 6734 | 0.1485 | 236.1 |
| hnswlib | ef=128 | 92.13% | 3750 | 0.2667 | 236.1 |
| hnswlib | ef=256 | 96.43% | 2140 | 0.4673 | 236.1 |
| hnswlib | ef=512 | 98.30% | 1231 | 0.8122 | 236.1 |
| hnswlib | ef=1024 | 99.32% | 671 | 1.4904 | 236.1 |
| faiss_hnsw | ef=64 | 85.41% | 6851 | 0.1460 | 239.6 |
| faiss_hnsw | ef=128 | 92.27% | 3959 | 0.2526 | 239.6 |
| faiss_hnsw | ef=256 | 96.51% | 2235 | 0.4474 | 239.6 |
| faiss_hnsw | ef=512 | 98.48% | 1229 | 0.8139 | 239.6 |
| faiss_hnsw | ef=1024 | 99.38% | 700 | 1.4295 | 239.6 |
| usearch | ef=64 | 84.93% | 6872 | 0.1455 | 252.1 |
| usearch | ef=128 | 91.84% | 3754 | 0.2664 | 252.1 |
| usearch | ef=256 | 95.77% | 2194 | 0.4557 | 252.1 |
| usearch | ef=512 | 97.89% | 1238 | 0.8079 | 252.1 |
| usearch | ef=1024 | 98.94% | 710 | 1.4081 | 252.1 |
| faiss_ivf_flat | nprobe=16 | 70.83% | 2899 | 0.3450 | 134.4 |
| faiss_ivf_flat | nprobe=64 | 91.00% | 808 | 1.2376 | 134.4 |
| faiss_ivf_flat | nprobe=128 | 96.11% | 429 | 2.3284 | 134.4 |
| faiss_ivf_flat | nprobe=256 | 98.68% | 222 | 4.5141 | 134.4 |

  已写出 results\baseline\competitors_gist960c.json
  总耗时 889.9s
