  13:12:48 端点 https://hf-mirror.com，目标 7 个文件，并行下载
  13:13:41 landmark-nomic-768-normalized.hdf5: 0.25/2.18 GiB
  13:14:04 arxiv-nomic-768-normalized.hdf5: 0.25/3.85 GiB
  13:14:05 coco-nomic-768-normalized.hdf5: 0.25/1.18 GiB
  13:14:06 codesearchnet-jina-768-cosine.hdf5: 0.25/3.94 GiB
  13:14:06 ccnews-nomic-768-normalized.hdf5: 0.25/1.42 GiB
  13:14:13 landmark-dino-768-cosine.hdf5: 0.25/2.18 GiB
  13:14:20 gooaq-distilroberta-768-normalized.hdf5: 0.25/4.22 GiB
  13:15:08 arxiv-nomic-768-normalized.hdf5: 0.50/3.85 GiB
  13:15:12 ccnews-nomic-768-normalized.hdf5: 0.50/1.42 GiB
  13:15:12 codesearchnet-jina-768-cosine.hdf5: 0.50/3.94 GiB
  13:15:25 landmark-dino-768-cosine.hdf5: 0.50/2.18 GiB
  13:15:35 gooaq-distilroberta-768-normalized.hdf5: 0.50/4.22 GiB
  13:15:35 landmark-nomic-768-normalized.hdf5: 0.50/2.18 GiB
  13:16:12 arxiv-nomic-768-normalized.hdf5: 0.75/3.85 GiB
  13:16:14 ccnews-nomic-768-normalized.hdf5: 0.75/1.42 GiB
  13:16:21 codesearchnet-jina-768-cosine.hdf5: 0.75/3.94 GiB
  13:16:23 coco-nomic-768-normalized.hdf5: 0.50/1.18 GiB
  13:16:37 landmark-dino-768-cosine.hdf5: 0.75/2.18 GiB
  13:16:48 gooaq-distilroberta-768-normalized.hdf5: 0.75/4.22 GiB
  13:17:13 arxiv-nomic-768-normalized.hdf5: 1.00/3.85 GiB
  13:17:14 ccnews-nomic-768-normalized.hdf5: 1.00/1.42 GiB
  13:17:31 codesearchnet-jina-768-cosine.hdf5: 1.00/3.94 GiB
  13:17:41 landmark-nomic-768-normalized.hdf5: 0.75/2.18 GiB
  13:17:52 landmark-dino-768-cosine.hdf5: 1.00/2.18 GiB
  13:17:59 gooaq-distilroberta-768-normalized.hdf5: 1.00/4.22 GiB
  13:18:16 arxiv-nomic-768-normalized.hdf5: 1.25/3.85 GiB
  13:18:21 ccnews-nomic-768-normalized.hdf5: 1.25/1.42 GiB
  13:18:38 codesearchnet-jina-768-cosine.hdf5: 1.25/3.94 GiB
  13:18:38 coco-nomic-768-normalized.hdf5: 0.75/1.18 GiB
  13:19:01 landmark-dino-768-cosine.hdf5: 1.25/2.18 GiB
  13:19:07 [OK] ccnews-nomic-768-normalized.hdf5  1.42 GiB
  13:19:14 arxiv-nomic-768-normalized.hdf5: 1.50/3.85 GiB
  13:19:16 gooaq-distilroberta-768-normalized.hdf5: 1.25/4.22 GiB
  13:19:32 landmark-nomic-768-normalized.hdf5: 1.00/2.18 GiB
  13:19:38 codesearchnet-jina-768-cosine.hdf5: 1.50/3.94 GiB
  13:20:03 landmark-dino-768-cosine.hdf5: 1.50/2.18 GiB
  13:20:06 arxiv-nomic-768-normalized.hdf5: 1.75/3.85 GiB
  13:20:17 gooaq-distilroberta-768-normalized.hdf5: 1.50/4.22 GiB
  13:20:29 codesearchnet-jina-768-cosine.hdf5: 1.75/3.94 GiB
  13:20:38 coco-nomic-768-normalized.hdf5: 1.00/1.18 GiB
  13:20:56 arxiv-nomic-768-normalized.hdf5: 2.00/3.85 GiB
  13:20:59 landmark-dino-768-cosine.hdf5: 1.75/2.18 GiB
  13:21:16 gooaq-distilroberta-768-normalized.hdf5: 1.75/4.22 GiB
  13:21:26 codesearchnet-jina-768-cosine.hdf5: 2.00/3.94 GiB
  13:21:29 landmark-nomic-768-normalized.hdf5: 1.25/2.18 GiB
  13:21:46 arxiv-nomic-768-normalized.hdf5: 2.25/3.85 GiB
  13:21:56 landmark-dino-768-cosine.hdf5: 2.00/2.18 GiB
  13:22:13 [OK] coco-nomic-768-normalized.hdf5  1.18 GiB
  13:22:14 gooaq-distilroberta-768-normalized.hdf5: 2.00/4.22 GiB
  13:22:21 codesearchnet-jina-768-cosine.hdf5: 2.25/3.94 GiB
  13:22:35 [OK] landmark-dino-768-cosine.hdf5  2.18 GiB
  13:22:36 arxiv-nomic-768-normalized.hdf5: 2.50/3.85 GiB
  13:23:00 landmark-nomic-768-normalized.hdf5: 1.50/2.18 GiB
  13:23:02 codesearchnet-jina-768-cosine.hdf5: 2.50/3.94 GiB
  13:23:04 gooaq-distilroberta-768-normalized.hdf5: 2.25/4.22 GiB
  13:23:12 arxiv-nomic-768-normalized.hdf5: 2.75/3.85 GiB
  13:23:36 codesearchnet-jina-768-cosine.hdf5: 2.75/3.94 GiB
  13:23:47 gooaq-distilroberta-768-normalized.hdf5: 2.50/4.22 GiB
  13:23:50 arxiv-nomic-768-normalized.hdf5: 3.00/3.85 GiB
  13:24:12 codesearchnet-jina-768-cosine.hdf5: 3.00/3.94 GiB
  13:24:27 gooaq-distilroberta-768-normalized.hdf5: 2.75/4.22 GiB
  13:24:28 arxiv-nomic-768-normalized.hdf5: 3.25/3.85 GiB
  13:24:33 landmark-nomic-768-normalized.hdf5: 1.75/2.18 GiB
  13:24:50 codesearchnet-jina-768-cosine.hdf5: 3.25/3.94 GiB
  13:25:03 arxiv-nomic-768-normalized.hdf5: 3.50/3.85 GiB
  13:25:07 gooaq-distilroberta-768-normalized.hdf5: 3.00/4.22 GiB
  13:25:26 codesearchnet-jina-768-cosine.hdf5: 3.50/3.94 GiB
  13:25:40 arxiv-nomic-768-normalized.hdf5: 3.75/3.85 GiB
  13:25:48 gooaq-distilroberta-768-normalized.hdf5: 3.25/4.22 GiB
  13:25:55 [OK] arxiv-nomic-768-normalized.hdf5  3.85 GiB
  13:26:00 codesearchnet-jina-768-cosine.hdf5: 3.75/3.94 GiB
  13:26:14 landmark-nomic-768-normalized.hdf5: 2.00/2.18 GiB
  13:26:17 gooaq-distilroberta-768-normalized.hdf5: 3.50/4.22 GiB
  13:26:19 [OK] codesearchnet-jina-768-cosine.hdf5  3.94 GiB
  13:26:37 [OK] landmark-nomic-768-normalized.hdf5  2.18 GiB
  13:26:42 gooaq-distilroberta-768-normalized.hdf5: 3.75/4.22 GiB
  13:27:09 gooaq-distilroberta-768-normalized.hdf5: 4.00/4.22 GiB
  13:27:34 [OK] gooaq-distilroberta-768-normalized.hdf5  4.22 GiB
  13:27:34 完成 7/7；目录合计 19.0 GiB
